Component: ARM Compiler 5.06 update 7 (build 960) Tool: armlink [4d3601]

==============================================================================

Section Cross References

    startup_stm32f103xe.o(STACK) refers (Special) to heapauxi.o(.text) for __use_two_region_memory
    startup_stm32f103xe.o(HEAP) refers (Special) to heapauxi.o(.text) for __use_two_region_memory
    startup_stm32f103xe.o(RESET) refers (Special) to heapauxi.o(.text) for __use_two_region_memory
    startup_stm32f103xe.o(RESET) refers to startup_stm32f103xe.o(STACK) for __initial_sp
    startup_stm32f103xe.o(RESET) refers to startup_stm32f103xe.o(.text) for Reset_Handler
    startup_stm32f103xe.o(RESET) refers to stm32f1xx_it.o(i.NMI_Handler) for NMI_Handler
    startup_stm32f103xe.o(RESET) refers to stm32f1xx_it.o(i.HardFault_Handler) for HardFault_Handler
    startup_stm32f103xe.o(RESET) refers to stm32f1xx_it.o(i.MemManage_Handler) for MemManage_Handler
    startup_stm32f103xe.o(RESET) refers to stm32f1xx_it.o(i.BusFault_Handler) for BusFault_Handler
    startup_stm32f103xe.o(RESET) refers to stm32f1xx_it.o(i.UsageFault_Handler) for UsageFault_Handler
    startup_stm32f103xe.o(RESET) refers to stm32f1xx_it.o(i.SVC_Handler) for SVC_Handler
    startup_stm32f103xe.o(RESET) refers to stm32f1xx_it.o(i.DebugMon_Handler) for DebugMon_Handler
    startup_stm32f103xe.o(RESET) refers to stm32f1xx_it.o(i.PendSV_Handler) for PendSV_Handler
    startup_stm32f103xe.o(RESET) refers to stm32f1xx_it.o(i.SysTick_Handler) for SysTick_Handler
    startup_stm32f103xe.o(RESET) refers to stm32f1xx_it.o(i.RTC_IRQHandler) for RTC_IRQHandler
    startup_stm32f103xe.o(RESET) refers to stm32f1xx_it.o(i.DMA1_Channel1_IRQHandler) for DMA1_Channel1_IRQHandler
    startup_stm32f103xe.o(RESET) refers to stm32f1xx_it.o(i.USB_LP_CAN1_RX0_IRQHandler) for USB_LP_CAN1_RX0_IRQHandler
    startup_stm32f103xe.o(RESET) refers to stm32f1xx_it.o(i.TIM4_IRQHandler) for TIM4_IRQHandler
    startup_stm32f103xe.o(.text) refers (Special) to heapauxi.o(.text) for __use_two_region_memory
    startup_stm32f103xe.o(.text) refers to system_stm32f1xx.o(i.SystemInit) for SystemInit
    startup_stm32f103xe.o(.text) refers to __main.o(!!!main) for __main
    startup_stm32f103xe.o(.text) refers to startup_stm32f103xe.o(HEAP) for Heap_Mem
    startup_stm32f103xe.o(.text) refers to startup_stm32f103xe.o(STACK) for Stack_Mem
    testcase.o(i.endTestCase) refers to testcase.o(.data) for .data
    testcase.o(i.endTestCase_1) refers to _printf_percent.o(.ARM.Collect$$_printf_percent$$00000000) for _printf_percent
    testcase.o(i.endTestCase_1) refers to _printf_d.o(.ARM.Collect$$_printf_percent$$00000009) for _printf_d
    testcase.o(i.endTestCase_1) refers to _printf_dec.o(.text) for _printf_int_dec
    testcase.o(i.endTestCase_1) refers to rt_memclr_w.o(.text) for __aeabi_memclr4
    testcase.o(i.endTestCase_1) refers to stm32f1xx_hal_gpio.o(i.HAL_GPIO_WritePin) for HAL_GPIO_WritePin
    testcase.o(i.endTestCase_1) refers to __2sprintf.o(.text) for __2sprintf
    testcase.o(i.endTestCase_1) refers to usbd_cdc_if.o(i.CDC_Transmit_FS) for CDC_Transmit_FS
    testcase.o(i.endTestCase_1) refers to proto.o(.data) for TePwrSeqState
    testcase.o(i.endTestCase_1) refers to proto.o(.data) for TePreErrState
    testcase.o(i.endTestCase_2) refers to _printf_percent.o(.ARM.Collect$$_printf_percent$$00000000) for _printf_percent
    testcase.o(i.endTestCase_2) refers to _printf_d.o(.ARM.Collect$$_printf_percent$$00000009) for _printf_d
    testcase.o(i.endTestCase_2) refers to _printf_dec.o(.text) for _printf_int_dec
    testcase.o(i.endTestCase_2) refers to rt_memclr_w.o(.text) for __aeabi_memclr4
    testcase.o(i.endTestCase_2) refers to stm32f1xx_hal_gpio.o(i.HAL_GPIO_WritePin) for HAL_GPIO_WritePin
    testcase.o(i.endTestCase_2) refers to __2sprintf.o(.text) for __2sprintf
    testcase.o(i.endTestCase_2) refers to usbd_cdc_if.o(i.CDC_Transmit_FS) for CDC_Transmit_FS
    testcase.o(i.endTestCase_2) refers to proto.o(.data) for TePwrSeqState
    testcase.o(i.endTestCase_2) refers to proto.o(.data) for TePreErrState
    testcase.o(i.endTestCase_3) refers to _printf_percent.o(.ARM.Collect$$_printf_percent$$00000000) for _printf_percent
    testcase.o(i.endTestCase_3) refers to _printf_d.o(.ARM.Collect$$_printf_percent$$00000009) for _printf_d
    testcase.o(i.endTestCase_3) refers to _printf_dec.o(.text) for _printf_int_dec
    testcase.o(i.endTestCase_3) refers to rt_memclr_w.o(.text) for __aeabi_memclr4
    testcase.o(i.endTestCase_3) refers to stm32f1xx_hal_gpio.o(i.HAL_GPIO_WritePin) for HAL_GPIO_WritePin
    testcase.o(i.endTestCase_3) refers to __2sprintf.o(.text) for __2sprintf
    testcase.o(i.endTestCase_3) refers to usbd_cdc_if.o(i.CDC_Transmit_FS) for CDC_Transmit_FS
    testcase.o(i.endTestCase_3) refers to proto.o(.data) for g_pwrDownState
    testcase.o(i.endTestCase_3) refers to proto.o(.data) for TePreErrState
[...]
    HAL_PCD_ResetCallback                    0x08003889   Thumb Code    38  usbd_conf.o(i.HAL_PCD_ResetCallback)
    HAL_PCD_ResumeCallback                   0x080038af   Thumb Code     8  usbd_conf.o(i.HAL_PCD_ResumeCallback)
    HAL_PCD_SOFCallback                      0x080038b7   Thumb Code     8  usbd_conf.o(i.HAL_PCD_SOFCallback)
    HAL_PCD_SetAddress                       0x080038bf   Thumb Code    40  stm32f1xx_hal_pcd.o(i.HAL_PCD_SetAddress)
    HAL_PCD_SetupStageCallback               0x080038e7   Thumb Code    14  usbd_conf.o(i.HAL_PCD_SetupStageCallback)
    HAL_PCD_Start                            0x080038f5   Thumb Code    50  stm32f1xx_hal_pcd.o(i.HAL_PCD_Start)
    HAL_PCD_SuspendCallback                  0x08003929   Thumb Code    30  usbd_conf.o(i.HAL_PCD_SuspendCallback)
    HAL_PWR_EnableBkUpAccess                 0x0800394d   Thumb Code     8  stm32f1xx_hal_pwr.o(i.HAL_PWR_EnableBkUpAccess)
    HAL_RCCEx_GetPeriphCLKFreq               0x08003959   Thumb Code   166  stm32f1xx_hal_rcc_ex.o(i.HAL_RCCEx_GetPeriphCLKFreq)
    HAL_RCCEx_PeriphCLKConfig                0x08003a11   Thumb Code   224  stm32f1xx_hal_rcc_ex.o(i.HAL_RCCEx_PeriphCLKConfig)
    HAL_RCC_ClockConfig                      0x08003afd   Thumb Code   280  stm32f1xx_hal_rcc.o(i.HAL_RCC_ClockConfig)
    HAL_RCC_GetPCLK2Freq                     0x08003c29   Thumb Code    20  stm32f1xx_hal_rcc.o(i.HAL_RCC_GetPCLK2Freq)
    HAL_RCC_GetSysClockFreq                  0x08003c49   Thumb Code    58  stm32f1xx_hal_rcc.o(i.HAL_RCC_GetSysClockFreq)
    HAL_RCC_OscConfig                        0x08003c95   Thumb Code   778  stm32f1xx_hal_rcc.o(i.HAL_RCC_OscConfig)
    HAL_RTCEx_RTCEventCallback               0x08003fb5   Thumb Code     2  stm32f1xx_hal_rtc_ex.o(i.HAL_RTCEx_RTCEventCallback)
    HAL_RTCEx_RTCEventErrorCallback          0x08003fb7   Thumb Code     2  stm32f1xx_hal_rtc_ex.o(i.HAL_RTCEx_RTCEventErrorCallback)
    HAL_RTCEx_RTCIRQHandler                  0x08003fb9   Thumb Code    62  stm32f1xx_hal_rtc_ex.o(i.HAL_RTCEx_RTCIRQHandler)
    HAL_RTC_Init                             0x08003ff9   Thumb Code   144  stm32f1xx_hal_rtc.o(i.HAL_RTC_Init)
    HAL_RTC_MspInit                          0x0800408d   Thumb Code    60  rtc.o(i.HAL_RTC_MspInit)
    HAL_RTC_SetDate                          0x080040d5   Thumb Code   192  stm32f1xx_hal_rtc.o(i.HAL_RTC_SetDate)
    HAL_RTC_SetTime                          0x08004199   Thumb Code   168  stm32f1xx_hal_rtc.o(i.HAL_RTC_SetTime)
    HAL_RTC_WaitForSynchro                   0x08004245   Thumb Code    58  stm32f1xx_hal_rtc.o(i.HAL_RTC_WaitForSynchro)
    HAL_SYSTICK_Config                       0x0800427f   Thumb Code    40  stm32f1xx_hal_cortex.o(i.HAL_SYSTICK_Config)
    HAL_TIMEx_BreakCallback                  0x080042a7   Thumb Code     2  stm32f1xx_hal_tim_ex.o(i.HAL_TIMEx_BreakCallback)
    HAL_TIMEx_CommutCallback                 0x080042a9   Thumb Code     2  stm32f1xx_hal_tim_ex.o(i.HAL_TIMEx_CommutCallback)
    HAL_TIMEx_MasterConfigSynchronization    0x080042ad   Thumb Code   104  stm32f1xx_hal_tim_ex.o(i.HAL_TIMEx_MasterConfigSynchronization)
    HAL_TIM_Base_Init                        0x08004329   Thumb Code    90  stm32f1xx_hal_tim.o(i.HAL_TIM_Base_Init)
    HAL_TIM_Base_MspInit                     0x08004385   Thumb Code    92  tim.o(i.HAL_TIM_Base_MspInit)
    HAL_TIM_ConfigClockSource                0x080043ed   Thumb Code   220  stm32f1xx_hal_tim.o(i.HAL_TIM_ConfigClockSource)
    HAL_TIM_IC_CaptureCallback               0x080044c9   Thumb Code    90  main.o(i.HAL_TIM_IC_CaptureCallback)
    HAL_TIM_IC_ConfigChannel                 0x08004529   Thumb Code   292  stm32f1xx_hal_tim.o(i.HAL_TIM_IC_ConfigChannel)
    HAL_TIM_IC_Init                          0x0800464d   Thumb Code    90  stm32f1xx_hal_tim.o(i.HAL_TIM_IC_Init)
    HAL_TIM_IC_MspInit                       0x080046a7   Thumb Code     2  stm32f1xx_hal_tim.o(i.HAL_TIM_IC_MspInit)
    HAL_TIM_IC_Start_IT                      0x080046a9   Thumb Code   228  stm32f1xx_hal_tim.o(i.HAL_TIM_IC_Start_IT)
    HAL_TIM_IRQHandler                       0x080047a1   Thumb Code   358  stm32f1xx_hal_tim.o(i.HAL_TIM_IRQHandler)
    HAL_TIM_OC_DelayElapsedCallback          0x08004907   Thumb Code     2  stm32f1xx_hal_tim.o(i.HAL_TIM_OC_DelayElapsedCallback)
    HAL_TIM_PWM_PulseFinishedCallback        0x08004909   Thumb Code     2  stm32f1xx_hal_tim.o(i.HAL_TIM_PWM_PulseFinishedCallback)
    HAL_TIM_PeriodElapsedCallback            0x0800490d   Thumb Code    22  main.o(i.HAL_TIM_PeriodElapsedCallback)
    HAL_TIM_ReadCapturedValue                0x08004929   Thumb Code    42  stm32f1xx_hal_tim.o(i.HAL_TIM_ReadCapturedValue)
    HAL_TIM_TriggerCallback                  0x08004953   Thumb Code     2  stm32f1xx_hal_tim.o(i.HAL_TIM_TriggerCallback)
    HardFault_Handler                        0x08004955   Thumb Code     2  stm32f1xx_it.o(i.HardFault_Handler)
    IoLevel                                  0x08004991   Thumb Code   176  common.o(i.IoLevel)
    LaunchTestCase                           0x08004a55   Thumb Code    16  usbd_cdc_if.o(i.LaunchTestCase)
    MX_ADC1_Init                             0x08004a6d   Thumb Code   138  adc.o(i.MX_ADC1_Init)
    MX_DMA_Init                              0x08004b01   Thumb Code    40  dma.o(i.MX_DMA_Init)
    MX_GPIO_Init                             0x08004b2d   Thumb Code   254  gpio.o(i.MX_GPIO_Init)
    MX_RTC_Init                              0x08004c41   Thumb Code   100  rtc.o(i.MX_RTC_Init)
    MX_TIM4_Init                             0x08004cad   Thumb Code   140  tim.o(i.MX_TIM4_Init)
    MX_USB_DEVICE_Init                       0x08004d41   Thumb Code    66  usb_device.o(i.MX_USB_DEVICE_Init)
    MemManage_Handler                        0x08004d95   Thumb Code     2  stm32f1xx_it.o(i.MemManage_Handler)
    NMI_Handler                              0x08004d97   Thumb Code     2  stm32f1xx_it.o(i.NMI_Handler)
    PendSV_Handler                           0x08005145   Thumb Code     2  stm32f1xx_it.o(i.PendSV_Handler)
    ProSetting                               0x08005147   Thumb Code     2  usbd_cdc_if.o(i.ProSetting)
    RTC_IRQHandler                           0x080051c9   Thumb Code     6  stm32f1xx_it.o(i.RTC_IRQHandler)
    SVC_Handler                              0x080052a9   Thumb Code     2  stm32f1xx_it.o(i.SVC_Handler)
    StartSampling                            0x080052ad   Thumb Code     8  usbd_cdc_if.o(i.StartSampling)
    StopSampling                             0x080052b9   Thumb Code     8  usbd_cdc_if.o(i.StopSampling)
    SysTick_Handler                          0x080052c5   Thumb Code     4  stm32f1xx_it.o(i.SysTick_Handler)
    SystemClock_Config                       0x080052c9   Thumb Code   132  main.o(i.SystemClock_Config)
    SystemInit                               0x0800534d   Thumb Code     2  system_stm32f1xx.o(i.SystemInit)
    TIM4_IRQHandler                          0x08005351   Thumb Code    42  stm32f1xx_it.o(i.TIM4_IRQHandler)
    TIM_Base_SetConfig                       0x08005399   Thumb Code   120  stm32f1xx_hal_tim.o(i.TIM_Base_SetConfig)
    TIM_CCxChannelCmd                        0x08005425   Thumb Code    26  stm32f1xx_hal_tim.o(i.TIM_CCxChannelCmd)
    TIM_ETR_SetConfig                        0x0800543f   Thumb Code    20  stm32f1xx_hal_tim.o(i.TIM_ETR_SetConfig)
    TIM_TI1_SetConfig                        0x08005485   Thumb Code    88  stm32f1xx_hal_tim.o(i.TIM_TI1_SetConfig)
    TeCurVcc                                 0x0800554d   Thumb Code    14  common.o(i.TeCurVcc)
    TePwrState                               0x08005561   Thumb Code     6  common.o(i.TePwrState)
    TeRstLevel                               0x0800556d   Thumb Code   200  common.o(i.TeRstLevel)
    USBD_CDC_GetDeviceQualifierDescriptor    0x0800572d   Thumb Code     8  usbd_cdc.o(i.USBD_CDC_GetDeviceQualifierDescriptor)
    USBD_CDC_ReceivePacket                   0x080057f1   Thumb Code    40  usbd_cdc.o(i.USBD_CDC_ReceivePacket)
    USBD_CDC_RegisterInterface               0x08005819   Thumb Code    16  usbd_cdc.o(i.USBD_CDC_RegisterInterface)
    USBD_CDC_SetRxBuffer                     0x08005829   Thumb Code    12  usbd_cdc.o(i.USBD_CDC_SetRxBuffer)
    USBD_CDC_SetTxBuffer                     0x08005835   Thumb Code    16  usbd_cdc.o(i.USBD_CDC_SetTxBuffer)
    USBD_CDC_TransmitPacket                  0x080058f1   Thumb Code    54  usbd_cdc.o(i.USBD_CDC_TransmitPacket)
    USBD_ClrClassConfig                      0x08005927   Thumb Code    14  usbd_core.o(i.USBD_ClrClassConfig)
    USBD_CtlContinueRx                       0x08005935   Thumb Code    16  usbd_ioreq.o(i.USBD_CtlContinueRx)
    USBD_CtlContinueSendData                 0x08005945   Thumb Code    16  usbd_ioreq.o(i.USBD_CtlContinueSendData)
    USBD_CtlError                            0x08005955   Thumb Code    22  usbd_ctlreq.o(i.USBD_CtlError)
    USBD_CtlPrepareRx                        0x0800596b   Thumb Code    30  usbd_ioreq.o(i.USBD_CtlPrepareRx)
    USBD_CtlReceiveStatus                    0x08005989   Thumb Code    22  usbd_ioreq.o(i.USBD_CtlReceiveStatus)
    USBD_CtlSendData                         0x0800599f   Thumb Code    26  usbd_ioreq.o(i.USBD_CtlSendData)
    USBD_CtlSendStatus                       0x080059b9   Thumb Code    22  usbd_ioreq.o(i.USBD_CtlSendStatus)
    USBD_FS_ConfigStrDescriptor              0x080059d1   Thumb Code    16  usbd_desc.o(i.USBD_FS_ConfigStrDescriptor)
    USBD_FS_DeviceDescriptor                 0x080059f1   Thumb Code     8  usbd_desc.o(i.USBD_FS_DeviceDescriptor)
    USBD_FS_InterfaceStrDescriptor           0x080059fd   Thumb Code    16  usbd_desc.o(i.USBD_FS_InterfaceStrDescriptor)
    USBD_FS_LangIDStrDescriptor              0x08005a21   Thumb Code     8  usbd_desc.o(i.USBD_FS_LangIDStrDescriptor)
    USBD_FS_ManufacturerStrDescriptor        0x08005a2d   Thumb Code    16  usbd_desc.o(i.USBD_FS_ManufacturerStrDescriptor)
    USBD_FS_ProductStrDescriptor             0x08005a55   Thumb Code    16  usbd_desc.o(i.USBD_FS_ProductStrDescriptor)
    USBD_FS_SerialStrDescriptor              0x08005a81   Thumb Code    48  usbd_desc.o(i.USBD_FS_SerialStrDescriptor)
    USBD_GetString                           0x08005ba1   Thumb Code    72  usbd_ctlreq.o(i.USBD_GetString)
    USBD_Init                                0x08005c01   Thumb Code    42  usbd_core.o(i.USBD_Init)
    USBD_LL_ClearStallEP                     0x08005c2b   Thumb Code    18  usbd_conf.o(i.USBD_LL_ClearStallEP)
    USBD_LL_CloseEP                          0x08005c3d   Thumb Code    18  usbd_conf.o(i.USBD_LL_CloseEP)
    USBD_LL_DataInStage                      0x08005c4f   Thumb Code   198  usbd_core.o(i.USBD_LL_DataInStage)
    USBD_LL_DataOutStage                     0x08005d15   Thumb Code   130  usbd_core.o(i.USBD_LL_DataOutStage)
    USBD_LL_GetRxDataSize                    0x08005d97   Thumb Code     8  usbd_conf.o(i.USBD_LL_GetRxDataSize)
    USBD_LL_Init                             0x08005da1   Thumb Code   118  usbd_conf.o(i.USBD_LL_Init)
    USBD_LL_IsStallEP                        0x08005e21   Thumb Code    32  usbd_conf.o(i.USBD_LL_IsStallEP)
    USBD_LL_OpenEP                           0x08005e41   Thumb Code    24  usbd_conf.o(i.USBD_LL_OpenEP)
    USBD_LL_PrepareReceive                   0x08005e59   Thumb Code    18  usbd_conf.o(i.USBD_LL_PrepareReceive)
    USBD_LL_Reset                            0x08005e6b   Thumb Code    80  usbd_core.o(i.USBD_LL_Reset)
    USBD_LL_Resume                           0x08005ebb   Thumb Code    20  usbd_core.o(i.USBD_LL_Resume)
    USBD_LL_SOF                              0x08005ecf   Thumb Code    24  usbd_core.o(i.USBD_LL_SOF)
    USBD_LL_SetSpeed                         0x08005ee7   Thumb Code     6  usbd_core.o(i.USBD_LL_SetSpeed)
    USBD_LL_SetUSBAddress                    0x08005eed   Thumb Code    18  usbd_conf.o(i.USBD_LL_SetUSBAddress)
    USBD_LL_SetupStage                       0x08005eff   Thumb Code    90  usbd_core.o(i.USBD_LL_SetupStage)
    USBD_LL_StallEP                          0x08005f59   Thumb Code    18  usbd_conf.o(i.USBD_LL_StallEP)
    USBD_LL_Start                            0x08005f6b   Thumb Code    18  usbd_conf.o(i.USBD_LL_Start)
    USBD_LL_Suspend                          0x08005f7d   Thumb Code    18  usbd_core.o(i.USBD_LL_Suspend)
    USBD_LL_Transmit                         0x08005f8f   Thumb Code    18  usbd_conf.o(i.USBD_LL_Transmit)
    USBD_ParseSetupRequest                   0x08005fa1   Thumb Code    40  usbd_ctlreq.o(i.USBD_ParseSetupRequest)
    USBD_RegisterClass                       0x08005fc9   Thumb Code    16  usbd_core.o(i.USBD_RegisterClass)
    USBD_SetClassConfig                      0x08005fd9   Thumb Code    22  usbd_core.o(i.USBD_SetClassConfig)
    USBD_Start                               0x08006075   Thumb Code    10  usbd_core.o(i.USBD_Start)
    USBD_StdDevReq                           0x0800607f   Thumb Code   274  usbd_ctlreq.o(i.USBD_StdDevReq)
    USBD_StdEPReq                            0x08006191   Thumb Code   336  usbd_ctlreq.o(i.USBD_StdEPReq)
    USBD_StdItfReq                           0x080062e1   Thumb Code    78  usbd_ctlreq.o(i.USBD_StdItfReq)
    USBD_static_free                         0x0800632f   Thumb Code     2  usbd_conf.o(i.USBD_static_free)
    USBD_static_malloc                       0x08006331   Thumb Code     4  usbd_conf.o(i.USBD_static_malloc)
    USB_ActivateEndpoint                     0x08006339   Thumb Code   668  stm32f1xx_ll_usb.o(i.USB_ActivateEndpoint)
    USB_CoreInit                             0x080065d5   Thumb Code     4  stm32f1xx_ll_usb.o(i.USB_CoreInit)
    USB_DataHandler                          0x080065d9   Thumb Code    58  usbd_cdc_if.o(i.USB_DataHandler)
    USB_DeactivateEndpoint                   0x08006621   Thumb Code   270  stm32f1xx_ll_usb.o(i.USB_DeactivateEndpoint)
    USB_DevConnect                           0x0800672f   Thumb Code     4  stm32f1xx_ll_usb.o(i.USB_DevConnect)
    USB_DevDisconnect                        0x08006733   Thumb Code     4  stm32f1xx_ll_usb.o(i.USB_DevDisconnect)
    USB_DevInit                              0x08006737   Thumb Code    18  stm32f1xx_ll_usb.o(i.USB_DevInit)
    USB_DisableGlobalInt                     0x08006749   Thumb Code    14  stm32f1xx_ll_usb.o(i.USB_DisableGlobalInt)
    USB_EP0_OutStart                         0x08006757   Thumb Code     4  stm32f1xx_ll_usb.o(i.USB_EP0_OutStart)
    USB_EPClearStall                         0x0800675b   Thumb Code   120  stm32f1xx_ll_usb.o(i.USB_EPClearStall)
    USB_EPSetStall                           0x080067d3   Thumb Code    50  stm32f1xx_ll_usb.o(i.USB_EPSetStall)
    USB_EPStartXfer                          0x08006805   Thumb Code  1250  stm32f1xx_ll_usb.o(i.USB_EPStartXfer)
    USB_EnableGlobalInt                      0x08006ce7   Thumb Code    18  stm32f1xx_ll_usb.o(i.USB_EnableGlobalInt)
    USB_LP_CAN1_RX0_IRQHandler               0x08006cf9   Thumb Code     6  stm32f1xx_it.o(i.USB_LP_CAN1_RX0_IRQHandler)
    USB_ReadInterrupts                       0x08006d05   Thumb Code     6  stm32f1xx_ll_usb.o(i.USB_ReadInterrupts)
    USB_ReadPMA                              0x08006d0d   Thumb Code    44  stm32f1xx_ll_usb.o(i.USB_ReadPMA)
    USB_SetCurrentMode                       0x08006d39   Thumb Code     4  stm32f1xx_ll_usb.o(i.USB_SetCurrentMode)
    USB_SetDevAddress                        0x08006d3d   Thumb Code    12  stm32f1xx_ll_usb.o(i.USB_SetDevAddress)
    USB_Status_Init                          0x08006d49   Thumb Code    78  main.o(i.USB_Status_Init)
    USB_WritePMA                             0x08006da1   Thumb Code    38  stm32f1xx_ll_usb.o(i.USB_WritePMA)
    UsageFault_Handler                       0x08006dc7   Thumb Code     2  stm32f1xx_it.o(i.UsageFault_Handler)
    __ARM_fpclassify                         0x08006dc9   Thumb Code    40  fpclassify.o(i.__ARM_fpclassify)
    _is_digit                                0x08006e11   Thumb Code    14  __printf_wp.o(i._is_digit)
    curTeVccState                            0x08006e21   Thumb Code    64  common.o(i.curTeVccState)
    endTestCase                              0x08006e7d   Thumb Code    16  testcase.o(i.endTestCase)
    endTestCase_1                            0x08006e91   Thumb Code   104  testcase.o(i.endTestCase_1)
    endTestCase_2                            0x08006f41   Thumb Code   104  testcase.o(i.endTestCase_2)
    endTestCase_3                            0x08006ff1   Thumb Code   106  testcase.o(i.endTestCase_3)
    endTestCase_4                            0x08007099   Thumb Code   100  testcase.o(i.endTestCase_4)
    execTestCase                             0x08007125   Thumb Code    18  testcase.o(i.execTestCase)
    execTestCase_1                           0x0800713d   Thumb Code     8  testcase.o(i.execTestCase_1)
    execTestCase_2                           0x08007149   Thumb Code     8  testcase.o(i.execTestCase_2)
    execTestCase_3                           0x08007155   Thumb Code     8  testcase.o(i.execTestCase_3)
    execTestCase_4                           0x08007161   Thumb Code     8  testcase.o(i.execTestCase_4)
    get_duty_cycle                           0x0800716d   Thumb Code    30  proto.o(i.get_duty_cycle)
    isHighZ                                  0x0800718d   Thumb Code   174  common.o(i.isHighZ)
    isStateA                                 0x08007259   Thumb Code   124  common.o(i.isStateA)
    main                                     0x080072f1   Thumb Code   274  main.o(i.main)
    send_clock_sample_frame                  0x0800742d   Thumb Code   102  proto.o(i.send_clock_sample_frame)
    startup_info_report                      0x0800749d   Thumb Code   106  proto.o(i.startup_info_report)
    te_1v8_pwr_down_seq                      0x08007507   Thumb Code    92  proto.o(i.te_1v8_pwr_down_seq)
    te_1v8_pwr_seq                           0x08007565   Thumb Code   210  proto.o(i.te_1v8_pwr_seq)
    te_2nd_3v3_pwr_down_seq                  0x0800767d   Thumb Code    94  proto.o(i.te_2nd_3v3_pwr_down_seq)
    te_2nd_3v3_pwr_seq                       0x080076dd   Thumb Code   188  proto.o(i.te_2nd_3v3_pwr_seq)
    te_2nd_5v_pwr_down_seq                   0x080077dd   Thumb Code    94  proto.o(i.te_2nd_5v_pwr_down_seq)
    te_2nd_5v_pwr_seq                        0x0800783d   Thumb Code   178  proto.o(i.te_2nd_5v_pwr_seq)
    te_3v3_pwr_down_seq                      0x08007935   Thumb Code    90  proto.o(i.te_3v3_pwr_down_seq)
    te_3v3_pwr_seq                           0x08007991   Thumb Code   202  proto.o(i.te_3v3_pwr_seq)
    te_init_pwr_seq                          0x08007aa5   Thumb Code   158  proto.o(i.te_init_pwr_seq)
    usb_printf                               0x08007b51   Thumb Code    32  usbd_cdc_if.o(i.usb_printf)
    _get_lc_numeric                          0x08007b75   Thumb Code    44  lc_numeric_c.o(locale$$code)
    _get_lc_ctype                            0x08007ba1   Thumb Code    44  lc_ctype_c.o(locale$$code)
    __aeabi_d2f                              0x08007bcd   Thumb Code     0  d2f.o(x$fpl$d2f)
    _d2f                                     0x08007bcd   Thumb Code    98  d2f.o(x$fpl$d2f)
    __aeabi_dadd                             0x08007c31   Thumb Code     0  daddsub_clz.o(x$fpl$dadd)
    _dadd                                    0x08007c31   Thumb Code   332  daddsub_clz.o(x$fpl$dadd)
    __fpl_dcmp_Inf                           0x08007d81   Thumb Code    24  dcmpi.o(x$fpl$dcmpinf)
    __aeabi_ddiv                             0x08007d99   Thumb Code     0  ddiv.o(x$fpl$ddiv)
    _ddiv                                    0x08007d99   Thumb Code   552  ddiv.o(x$fpl$ddiv)
    __aeabi_ui2d                             0x08008049   Thumb Code     0  dflt_clz.o(x$fpl$dfltu)
    _dfltu                                   0x08008049   Thumb Code    38  dflt_clz.o(x$fpl$dfltu)
    __aeabi_cdcmple                          0x08008071   Thumb Code     0  dleqf.o(x$fpl$dleqf)
    _dcmple                                  0x08008071   Thumb Code   120  dleqf.o(x$fpl$dleqf)
    __fpl_dcmple_InfNaN                      0x080080d3   Thumb Code     0  dleqf.o(x$fpl$dleqf)
    __aeabi_dmul                             0x080080e9   Thumb Code     0  dmul.o(x$fpl$dmul)
    _dmul                                    0x080080e9   Thumb Code   332  dmul.o(x$fpl$dmul)
    __fpl_dnaninf                            0x0800823d   Thumb Code   156  dnaninf.o(x$fpl$dnaninf)
    __fpl_dretinf                            0x080082d9   Thumb Code    12  dretinf.o(x$fpl$dretinf)
    __aeabi_cdrcmple                         0x080082e5   Thumb Code     0  drleqf.o(x$fpl$drleqf)
    _drcmple                                 0x080082e5   Thumb Code   108  drleqf.o(x$fpl$drleqf)
    __aeabi_dsub                             0x08008351   Thumb Code     0  daddsub_clz.o(x$fpl$dsub)
    _dsub                                    0x08008351   Thumb Code   464  daddsub_clz.o(x$fpl$dsub)
    __aeabi_f2d                              0x08008525   Thumb Code     0  f2d.o(x$fpl$f2d)
    _f2d                                     0x08008525   Thumb Code    86  f2d.o(x$fpl$f2d)
    __fpl_fcmp_Inf                           0x0800857b   Thumb Code    24  fcmpi.o(x$fpl$fcmpinf)
    __aeabi_fdiv                             0x08008595   Thumb Code     0  fdiv.o(x$fpl$fdiv)
    _fdiv                                    0x08008595   Thumb Code   384  fdiv.o(x$fpl$fdiv)
    __aeabi_f2uiz                            0x08008719   Thumb Code     0  ffixu.o(x$fpl$ffixu)
    _ffixu                                   0x08008719   Thumb Code    62  ffixu.o(x$fpl$ffixu)
    __aeabi_ui2f                             0x08008759   Thumb Code     0  fflt_clz.o(x$fpl$ffltu)
    _ffltu                                   0x08008759   Thumb Code    38  fflt_clz.o(x$fpl$ffltu)
    __aeabi_cfcmple                          0x08008781   Thumb Code     0  fleqf.o(x$fpl$fleqf)
    _fcmple                                  0x08008781   Thumb Code   104  fleqf.o(x$fpl$fleqf)
    __fpl_fcmple_InfNaN                      0x080087d3   Thumb Code     0  fleqf.o(x$fpl$fleqf)
    __fpl_fnaninf                            0x080087e9   Thumb Code   140  fnaninf.o(x$fpl$fnaninf)
    __fpl_fretinf                            0x08008875   Thumb Code    10  fretinf.o(x$fpl$fretinf)
    __aeabi_cfrcmple                         0x0800887f   Thumb Code     0  frleqf.o(x$fpl$frleqf)
    _frcmple                                 0x0800887f   Thumb Code    98  frleqf.o(x$fpl$frleqf)
    _printf_fp_dec                           0x080088e1   Thumb Code     4  printf1.o(x$fpl$printf1)
    _printf_fp_hex                           0x080088e5   Thumb Code     4  printf2.o(x$fpl$printf2)
    __I$use$fp                               0x080088e8   Number         0  usenofp.o(x$fpl$usenofp)
    AHBPrescTable                            0x0800890c   Data          16  system_stm32f1xx.o(.constdata)
    APBPrescTable                            0x0800891c   Data           8  system_stm32f1xx.o(.constdata)
    Region$$Table$$Base                      0x08008a24   Number         0  anon$$obj.o(Region$$Table)
    Region$$Table$$Limit                     0x08008a44   Number         0  anon$$obj.o(Region$$Table)
    __ctype                                  0x08008a6d   Data           0  lc_ctype_c.o(locale$$data)
    TestCaseFs                               0x20000000   Data          24  testcase.o(.data)
    TestCaseResultFs                         0x20000018   Data          24  testcase.o(.data)
    clkStableFlag                            0x20000030   Data           1  common.o(.data)
    g_terminalClass                          0x20000034   Data           4  common.o(.data)
    g_vccValue                               0x20000038   Data           4  common.o(.data)
    TePwrSeqState                            0x2000003c   Data           1  proto.o(.data)
    TePreErrState                            0x20000040   Data           1  proto.o(.data)
    g_uClockCnt                              0x20000044   Data           4  proto.o(.data)
    g_pro_clk_cnt                            0x20000048   Data           4  proto.o(.data)
    uiDutyCycle                              0x2000004c   Data           4  proto.o(.data)
    uiCycle                                  0x20000050   Data           4  proto.o(.data)
    g_uEndSampleClkCnt                       0x20000054   Data           4  proto.o(.data)
    g_uStartSampleClkCnt                     0x20000058   Data           4  proto.o(.data)
    g_pwrDownState                           0x2000005c   Data           1  proto.o(.data)
    workState                                0x20000060   Data           1  main.o(.data)
    StartSamplingFlag                        0x20000061   Data           1  main.o(.data)
    LauchTestCaseFlag                        0x20000062   Data           1  main.o(.data)
    IC_START_FLAG                            0x20000063   Data           1  main.o(.data)
    IC_DONE_FLAG                             0x20000064   Data           1  main.o(.data)
    g_testEndFlag                            0x20000066   Data           2  main.o(.data)
    g_caseNumber                             0x20000068   Data           2  main.o(.data)
    lastVccData                              0x2000006a   Data           2  main.o(.data)
    lastIOData                               0x2000006c   Data           2  main.o(.data)
    lastRstData                              0x2000006e   Data           2  main.o(.data)
    IC_VALUE                                 0x20000070   Data           2  main.o(.data)
    IC_TIMES                                 0x20000074   Data           4  main.o(.data)
    uwTickFreq                               0x20000078   Data           1  stm32f1xx_hal.o(.data)
    uwTickPrio                               0x2000007c   Data           4  stm32f1xx_hal.o(.data)
    uwTick                                   0x20000080   Data           4  stm32f1xx_hal.o(.data)
    SystemCoreClock                          0x20000084   Data           4  system_stm32f1xx.o(.data)
    FS_Desc                                  0x20000088   Data          28  usbd_desc.o(.data)
    USBD_LangIDDesc                          0x200000a4   Data           4  usbd_desc.o(.data)
    USBD_FS_DeviceDesc                       0x200000a8   Data          18  usbd_desc.o(.data)
    USBD_StringSerial                        0x200000bc   Data          26  usbd_desc.o(.data)
    commands                                 0x200000d8   Data          48  usbd_cdc_if.o(.data)
    USBD_Interface_fops_FS                   0x20000108   Data          16  usbd_cdc_if.o(.data)
    USBD_CDC_CfgHSDesc                       0x20000128   Data          67  usbd_cdc.o(.data)
    USBD_CDC_CfgFSDesc                       0x2000016c   Data          67  usbd_cdc.o(.data)
    USBD_CDC_OtherSpeedCfgDesc               0x200001b0   Data          67  usbd_cdc.o(.data)
    USBD_CDC                                 0x200001f4   Data          56  usbd_cdc.o(.data)
    ADC_value                                0x2000026c   Data         256  main.o(.bss)
    sendBuf                                  0x2000036c   Data        1024  main.o(.bss)
    g_caseState                              0x2000076c   Data          16  main.o(.bss)
    g_UcomBuf                                0x2000077c   Data        1024  main.o(.bss)
    hadc1                                    0x20000b7c   Data          48  adc.o(.bss)
    hdma_adc1                                0x20000bac   Data          68  adc.o(.bss)
    hrtc                                     0x20000bf0   Data          20  rtc.o(.bss)
    htim4                                    0x20000c04   Data          72  tim.o(.bss)
    hUsbDeviceFS                             0x20000c4c   Data         708  usb_device.o(.bss)
    USBD_StrDesc                             0x20000f10   Data         512  usbd_desc.o(.bss)
    USB_COM                                  0x20001110   Data        1028  usbd_cdc_if.o(.bss)
    UserRxBufferFS                           0x20001514   Data        1024  usbd_cdc_if.o(.bss)
    UserTxBufferFS                           0x20001914   Data        1024  usbd_cdc_if.o(.bss)
    hpcd_USB_FS                              0x20001f34   Data         752  usbd_conf.o(.bss)
    __libspace_start                         0x20002224   Data          96  libspace.o(.bss)
    __temporary_stack_top$libspace           0x20002284   Data           0  libspace.o(.bss)



==============================================================================

Memory Map of the image

  Image Entry point : 0x08000131

  Load Region LR_IROM1 (Base: 0x08000000, Size: 0x00008d9c, Max: 0x00080000, ABSOLUTE, COMPRESSED[0x00008c78])

    Execution Region ER_IROM1 (Exec base: 0x08000000, Load base: 0x08000000, Size: 0x00008b70, Max: 0x00080000, ABSOLUTE)

    Exec Addr    Load Addr    Size         Type   Attr      Idx    E Section Name        Object

    0x08000000   0x08000000   0x00000130   Data   RO            3    RESET               startup_stm32f103xe.o
    0x08000130   0x08000130   0x00000008   Code   RO         4733  * !!!main             c_w.l(__main.o)
    0x08000138   0x08000138   0x00000034   Code   RO         5092    !!!scatter          c_w.l(__scatter.o)
    0x0800016c   0x0800016c   0x0000005a   Code   RO         5090    !!dczerorl2         c_w.l(__dczerorl2.o)
    0x080001c6   0x080001c6   0x00000002   PAD
    0x080001c8   0x080001c8   0x0000001c   Code   RO         5094    !!handler_zi        c_w.l(__scatter_zi.o)
    0x080001e4   0x080001e4   0x00000000   Code   RO         4722    .ARM.Collect$$_printf_percent$$00000000  c_w.l(_printf_percent.o)
    0x080001e4   0x080001e4   0x00000006   Code   RO         4830    .ARM.Collect$$_printf_percent$$00000001  c_w.l(_printf_n.o)
    0x080001ea   0x080001ea   0x00000006   Code   RO         4832    .ARM.Collect$$_printf_percent$$00000002  c_w.l(_printf_p.o)
    0x080001f0   0x080001f0   0x00000006   Code   RO         4836    .ARM.Collect$$_printf_percent$$00000003  c_w.l(_printf_f.o)
    0x080001f6   0x080001f6   0x00000006   Code   RO         4837    .ARM.Collect$$_printf_percent$$00000004  c_w.l(_printf_e.o)
    0x080001fc   0x080001fc   0x00000006   Code   RO         4838    .ARM.Collect$$_printf_percent$$00000005  c_w.l(_printf_g.o)
    0x08000202   0x08000202   0x00000006   Code   RO         4839    .ARM.Collect$$_printf_percent$$00000006  c_w.l(_printf_a.o)
    0x08000208   0x08000208   0x0000000a   Code   RO         4844    .ARM.Collect$$_printf_percent$$00000007  c_w.l(_printf_ll.o)
    0x08000212   0x08000212   0x00000006   Code   RO         4834    .ARM.Collect$$_printf_percent$$00000008  c_w.l(_printf_i.o)
    0x08000218   0x08000218   0x00000006   Code   RO         4721    .ARM.Collect$$_printf_percent$$00000009  c_w.l(_printf_d.o)
    0x0800021e   0x0800021e   0x00000006   Code   RO         4835    .ARM.Collect$$_printf_percent$$0000000A  c_w.l(_printf_u.o)
    0x08000224   0x08000224   0x00000006   Code   RO         4833    .ARM.Collect$$_printf_percent$$0000000B  c_w.l(_printf_o.o)
    0x0800022a   0x0800022a   0x00000006   Code   RO         4831    .ARM.Collect$$_printf_percent$$0000000C  c_w.l(_printf_x.o)
    0x08000230   0x08000230   0x00000006   Code   RO         4841    .ARM.Collect$$_printf_percent$$0000000D  c_w.l(_printf_lli.o)
    0x08000236   0x08000236   0x00000006   Code   RO         4842    .ARM.Collect$$_printf_percent$$0000000E  c_w.l(_printf_lld.o)
    0x0800023c   0x0800023c   0x00000006   Code   RO         4843    .ARM.Collect$$_printf_percent$$0000000F  c_w.l(_printf_llu.o)
    0x08000242   0x08000242   0x00000006   Code   RO         4848    .ARM.Collect$$_printf_percent$$00000010  c_w.l(_printf_llo.o)
    0x08000248   0x08000248   0x00000006   Code   RO         4849    .ARM.Collect$$_printf_percent$$00000011  c_w.l(_printf_llx.o)
    0x0800024e   0x0800024e   0x0000000a   Code   RO         4845    .ARM.Collect$$_printf_percent$$00000012  c_w.l(_printf_l.o)
    0x08000258   0x08000258   0x00000006   Code   RO         4828    .ARM.Collect$$_printf_percent$$00000013  c_w.l(_printf_c.o)
    0x0800025e   0x0800025e   0x00000006   Code   RO         4829    .ARM.Collect$$_printf_percent$$00000014  c_w.l(_printf_s.o)
    0x08000264   0x08000264   0x00000006   Code   RO         4846    .ARM.Collect$$_printf_percent$$00000015  c_w.l(_printf_lc.o)
    0x0800026a   0x0800026a   0x00000006   Code   RO         4847    .ARM.Collect$$_printf_percent$$00000016  c_w.l(_printf_ls.o)
    0x08000270   0x08000270   0x00000004   Code   RO         4840    .ARM.Collect$$_printf_percent$$00000017  c_w.l(_printf_percent_end.o)
    0x08000274   0x08000274   0x00000002   Code   RO         4949    .ARM.Collect$$libinit$$00000000  c_w.l(libinit.o)
    0x08000276   0x08000276   0x00000000   Code   RO         4965    .ARM.Collect$$libinit$$00000002  c_w.l(libinit2.o)
    0x08000276   0x08000276   0x00000000   Code   RO         4967    .ARM.Collect$$libinit$$00000004  c_w.l(libinit2.o)
    0x08000276   0x08000276   0x00000000   Code   RO         4970    .ARM.Collect$$libinit$$0000000A  c_w.l(libinit2.o)
    0x08000276   0x08000276   0x00000000   Code   RO         4972    .ARM.Collect$$libinit$$0000000C  c_w.l(libinit2.o)
    0x08000276   0x08000276   0x00000000   Code   RO         4974    .ARM.Collect$$libinit$$0000000E  c_w.l(libinit2.o)
    0x08000276   0x08000276   0x00000006   Code   RO         4975    .ARM.Collect$$libinit$$0000000F  c_w.l(libinit2.o)
    0x0800027c   0x0800027c   0x00000000   Code   RO         4977    .ARM.Collect$$libinit$$00000011  c_w.l(libinit2.o)
    0x0800027c   0x0800027c   0x0000000c   Code   RO         4978    .ARM.Collect$$libinit$$00000012  c_w.l(libinit2.o)
    0x08000288   0x08000288   0x00000000   Code   RO         4979    .ARM.Collect$$libinit$$00000013  c_w.l(libinit2.o)
    0x08000288   0x08000288   0x00000000   Code   RO         4981    .ARM.Collect$$libinit$$00000015  c_w.l(libinit2.o)
    0x08000288   0x08000288   0x0000000a   Code   RO         4982    .ARM.Collect$$libinit$$00000016  c_w.l(libinit2.o)
    0x08000292   0x08000292   0x00000000   Code   RO         4983    .ARM.Collect$$libinit$$00000017  c_w.l(libinit2.o)
    0x08000292   0x08000292   0x00000000   Code   RO         4985    .ARM.Collect$$libinit$$00000019  c_w.l(libinit2.o)
    0x08000292   0x08000292   0x00000000   Code   RO         4987    .ARM.Collect$$libinit$$0000001B  c_w.l(libinit2.o)
    0x08000292   0x08000292   0x00000000   Code   RO         4989    .ARM.Collect$$libinit$$0000001D  c_w.l(libinit2.o)
    0x08000292   0x08000292   0x00000000   Code   RO         4991    .ARM.Collect$$libinit$$0000001F  c_w.l(libinit2.o)
    0x08000292   0x08000292   0x00000000   Code   RO         4993    .ARM.Collect$$libinit$$00000021  c_w.l(libinit2.o)
    0x08000292   0x08000292   0x00000000   Code   RO         4995    .ARM.Collect$$libinit$$00000023  c_w.l(libinit2.o)
    0x08000292   0x08000292   0x00000000   Code   RO         4997    .ARM.Collect$$libinit$$00000025  c_w.l(libinit2.o)
    0x08000292   0x08000292   0x00000000   Code   RO         5001    .ARM.Collect$$libinit$$0000002C  c_w.l(libinit2.o)
    0x08000292   0x08000292   0x00000000   Code   RO         5003    .ARM.Collect$$libinit$$0000002E  c_w.l(libinit2.o)
    0x08000292   0x08000292   0x00000000   Code   RO         5005    .ARM.Collect$$libinit$$00000030  c_w.l(libinit2.o)
    0x08000292   0x08000292   0x00000000   Code   RO         5007    .ARM.Collect$$libinit$$00000032  c_w.l(libinit2.o)
    0x08000292   0x08000292   0x00000002   Code   RO         5008    .ARM.Collect$$libinit$$00000033  c_w.l(libinit2.o)
    0x08000294   0x08000294   0x00000002   Code   RO         5028    .ARM.Collect$$libshutdown$$00000000  c_w.l(libshutdown.o)
    0x08000296   0x08000296   0x00000000   Code   RO         5041    .ARM.Collect$$libshutdown$$00000002  c_w.l(libshutdown2.o)
    0x08000296   0x08000296   0x00000000   Code   RO         5043    .ARM.Collect$$libshutdown$$00000004  c_w.l(libshutdown2.o)
    0x08000296   0x08000296   0x00000000   Code   RO         5045    .ARM.Collect$$libshutdown$$00000006  c_w.l(libshutdown2.o)
    0x08000296   0x08000296   0x00000000   Code   RO         5048    .ARM.Collect$$libshutdown$$00000009  c_w.l(libshutdown2.o)
    0x08000296   0x08000296   0x00000000   Code   RO         5051    .ARM.Collect$$libshutdown$$0000000C  c_w.l(libshutdown2.o)
    0x08000296   0x08000296   0x00000000   Code   RO         5053    .ARM.Collect$$libshutdown$$0000000E  c_w.l(libshutdown2.o)
    0x08000296   0x08000296   0x00000000   Code   RO         5056    .ARM.Collect$$libshutdown$$00000011  c_w.l(libshutdown2.o)
    0x08000296   0x08000296   0x00000002   Code   RO         5057    .ARM.Collect$$libshutdown$$00000012  c_w.l(libshutdown2.o)
    0x08000298   0x08000298   0x00000000   Code   RO         4779    .ARM.Collect$$rtentry$$00000000  c_w.l(__rtentry.o)
    0x08000298   0x08000298   0x00000000   Code   RO         4872    .ARM.Collect$$rtentry$$00000002  c_w.l(__rtentry2.o)
    0x08000298   0x08000298   0x00000006   Code   RO         4884    .ARM.Collect$$rtentry$$00000004  c_w.l(__rtentry4.o)
    0x0800029e   0x0800029e   0x00000000   Code   RO         4874    .ARM.Collect$$rtentry$$00000009  c_w.l(__rtentry2.o)
    0x0800029e   0x0800029e   0x00000004   Code   RO         4875    .ARM.Collect$$rtentry$$0000000A  c_w.l(__rtentry2.o)
    0x080002a2   0x080002a2   0x00000000   Code   RO         4877    .ARM.Collect$$rtentry$$0000000C  c_w.l(__rtentry2.o)
    0x080002a2   0x080002a2   0x00000008   Code   RO         4878    .ARM.Collect$$rtentry$$0000000D  c_w.l(__rtentry2.o)
    0x080002aa   0x080002aa   0x00000002   Code   RO         4957    .ARM.Collect$$rtexit$$00000000  c_w.l(rtexit.o)
    0x080002ac   0x080002ac   0x00000000   Code   RO         5010    .ARM.Collect$$rtexit$$00000002  c_w.l(rtexit2.o)
    0x080002ac   0x080002ac   0x00000004   Code   RO         5011    .ARM.Collect$$rtexit$$00000003  c_w.l(rtexit2.o)
    0x080002b0   0x080002b0   0x00000006   Code   RO         5012    .ARM.Collect$$rtexit$$00000004  c_w.l(rtexit2.o)
    0x080002b6   0x080002b6   0x00000002   PAD
    0x080002b8   0x080002b8   0x00000040   Code   RO            4    .text               startup_stm32f103xe.o
    0x080002f8   0x080002f8   0x00000034   Code   RO         4691    .text               c_w.l(vsnprintf.o)
    0x0800032c   0x0800032c   0x0000002c   Code   RO         4693    .text               c_w.l(__2sprintf.o)
    0x08000358   0x08000358   0x00000078   Code   RO         4699    .text               c_w.l(_printf_dec.o)
    0x080003d0   0x080003d0   0x00000188   Code   RO         4718    .text               c_w.l(__printf_flags_ss_wp.o)
    0x08000558   0x08000558   0x0000008a   Code   RO         4725    .text               c_w.l(rt_memcpy_v6.o)
    0x080005e2   0x080005e2   0x00000064   Code   RO         4727    .text               c_w.l(rt_memcpy_w.o)
    0x08000646   0x08000646   0x0000004e   Code   RO         4729    .text               c_w.l(rt_memclr_w.o)
    0x08000694   0x08000694   0x00000006   Code   RO         4731    .text               c_w.l(heapauxi.o)
    0x0800069a   0x0800069a   0x0000004e   Code   RO         4780    .text               c_w.l(_printf_pad.o)
    0x080006e8   0x080006e8   0x00000024   Code   RO         4782    .text               c_w.l(_printf_truncate.o)
    0x0800070c   0x0800070c   0x00000052   Code   RO         4784    .text               c_w.l(_printf_str.o)
    0x0800075e   0x0800075e   0x000000b2   Code   RO         4786    .text               c_w.l(_printf_intcommon.o)
    0x08000810   0x08000810   0x00000028   Code   RO         4788    .text               c_w.l(_printf_charcount.o)
    0x08000838   0x08000838   0x00000030   Code   RO         4790    .text               c_w.l(_printf_char_common.o)
    0x08000868   0x08000868   0x0000000a   Code   RO         4792    .text               c_w.l(_sputc.o)
    0x08000872   0x08000872   0x00000010   Code   RO         4794    .text               c_w.l(_snputc.o)
    0x08000882   0x08000882   0x00000002   PAD
    0x08000884   0x08000884   0x000000bc   Code   RO         4796    .text               c_w.l(_printf_wctomb.o)
    0x08000940   0x08000940   0x0000007c   Code   RO         4799    .text               c_w.l(_printf_longlong_dec.o)
    0x080009bc   0x080009bc   0x00000070   Code   RO         4805    .text               c_w.l(_printf_oct_int_ll.o)
    0x08000a2c   0x08000a2c   0x00000094   Code   RO         4825    .text               c_w.l(_printf_hex_int_ll_ptr.o)
    0x08000ac0   0x08000ac0   0x0000008a   Code   RO         4886    .text               c_w.l(lludiv10.o)
    0x08000b4a   0x08000b4a   0x0000041e   Code   RO         4888    .text               c_w.l(_printf_fp_dec.o)
    0x08000f68   0x08000f68   0x000002fc   Code   RO         4890    .text               c_w.l(_printf_fp_hex.o)
    0x08001264   0x08001264   0x0000002c   Code   RO         4895    .text               c_w.l(_printf_char.o)
    0x08001290   0x08001290   0x0000002c   Code   RO         4897    .text               c_w.l(_printf_wchar.o)
    0x080012bc   0x080012bc   0x00000040   Code   RO         4899    .text               c_w.l(_wcrtomb.o)
    0x080012fc   0x080012fc   0x0000004a   Code   RO         4903    .text               c_w.l(sys_stackheap_outer.o)
    0x08001346   0x08001346   0x00000002   PAD
    0x08001348   0x08001348   0x00000010   Code   RO         4905    .text               c_w.l(rt_ctype_table.o)
    0x08001358   0x08001358   0x00000008   Code   RO         4910    .text               c_w.l(rt_locale_intlibspace.o)
    0x08001360   0x08001360   0x00000080   Code   RO         4912    .text               c_w.l(_printf_fp_infnan.o)
    0x080013e0   0x080013e0   0x000000e4   Code   RO         4914    .text               c_w.l(bigflt0.o)
    0x080014c4   0x080014c4   0x00000012   Code   RO         4942    .text               c_w.l(exit.o)
    0x080014d6   0x080014d6   0x00000002   PAD
    0x080014d8   0x080014d8   0x00000008   Code   RO         4954    .text               c_w.l(libspace.o)
    0x080014e0   0x080014e0   0x00000080   Code   RO         4962    .text               c_w.l(strcmpv7m.o)
    0x08001560   0x08001560   0x0000000c   Code   RO         5020    .text               c_w.l(sys_exit.o)
    0x0800156c   0x0800156c   0x00000002   Code   RO         5031    .text               c_w.l(use_no_semi.o)
    0x0800156e   0x0800156e   0x00000000   Code   RO         5033    .text               c_w.l(indicate_semi.o)
    0x0800156e   0x0800156e   0x0000003e   Code   RO         4917    CL$$btod_d2e        c_w.l(btod.o)
    0x080015ac   0x080015ac   0x00000046   Code   RO         4919    CL$$btod_d2e_denorm_low  c_w.l(btod.o)
    0x080015f2   0x080015f2   0x00000060   Code   RO         4918    CL$$btod_d2e_norm_op1  c_w.l(btod.o)
    0x08001652   0x08001652   0x00000338   Code   RO         4927    CL$$btod_div_common  c_w.l(btod.o)
    0x0800198a   0x0800198a   0x000000dc   Code   RO         4924    CL$$btod_e2e        c_w.l(btod.o)
    0x08001a66   0x08001a66   0x0000002a   Code   RO         4921    CL$$btod_ediv       c_w.l(btod.o)
    0x08001a90   0x08001a90   0x0000002a   Code   RO         4920    CL$$btod_emul       c_w.l(btod.o)
    0x08001aba   0x08001aba   0x00000244   Code   RO         4926    CL$$btod_mult_common  c_w.l(btod.o)
    0x08001cfe   0x08001cfe   0x00000002   PAD
    0x08001d00   0x08001d00   0x00000056   Code   RO         2325    i.ADC_ConversionStop_Disable  stm32f1xx_hal_adc.o
    0x08001d56   0x08001d56   0x0000004e   Code   RO         2326    i.ADC_DMAConvCplt   stm32f1xx_hal_adc.o
    0x08001da4   0x08001da4   0x0000001a   Code   RO         2327    i.ADC_DMAError      stm32f1xx_hal_adc.o
    0x08001dbe   0x08001dbe   0x0000000a   Code   RO         2328    i.ADC_DMAHalfConvCplt  stm32f1xx_hal_adc.o
    0x08001dc8   0x08001dc8   0x0000007c   Code   RO         2329    i.ADC_Enable        stm32f1xx_hal_adc.o
    0x08001e44   0x08001e44   0x00000408   Code   RO          451    i.ADC_MultiChannelPolling  main.o
    0x0800224c   0x0800224c   0x00000002   Code   RO          723    i.BusFault_Handler  stm32f1xx_it.o
    0x0800224e   0x0800224e   0x00000004   Code   RO         4001    i.CDC_Control_FS    usbd_cdc_if.o
    0x08002252   0x08002252   0x00000004   Code   RO         4002    i.CDC_DeInit_FS     usbd_cdc_if.o
    0x08002256   0x08002256   0x00000002   PAD
    0x08002258   0x08002258   0x00000024   Code   RO         4003    i.CDC_Init_FS       usbd_cdc_if.o
    0x0800227c   0x0800227c   0x00000060   Code   RO         4004    i.CDC_Receive_FS    usbd_cdc_if.o
    0x080022dc   0x080022dc   0x0000002c   Code   RO         4005    i.CDC_Transmit_FS   usbd_cdc_if.o
    0x08002308   0x08002308   0x000000e0   Code   RO          241    i.ClkLevel          common.o
    0x080023e8   0x080023e8   0x00000034   Code   RO          724    i.DMA1_Channel1_IRQHandler  stm32f1xx_it.o
    0x0800241c   0x0800241c   0x0000002a   Code   RO         1728    i.DMA_SetConfig     stm32f1xx_hal_dma.o
    0x08002446   0x08002446   0x00000002   Code   RO          725    i.DebugMon_Handler  stm32f1xx_it.o
    0x08002448   0x08002448   0x00000004   Code   RO         4006    i.DevReset          usbd_cdc_if.o
    0x0800244c   0x0800244c   0x0000000c   Code   RO         4007    i.EndTestCase       usbd_cdc_if.o
    0x08002458   0x08002458   0x00000004   Code   RO          452    i.Error_Handler     main.o
    0x0800245c   0x0800245c   0x000000d8   Code   RO         2505    i.HAL_ADCEx_Calibration_Start  stm32f1xx_hal_adc_ex.o
    0x08002534   0x08002534   0x000000fc   Code   RO         2331    i.HAL_ADC_ConfigChannel  stm32f1xx_hal_adc.o
    0x08002630   0x08002630   0x00000002   Code   RO         2332    i.HAL_ADC_ConvCpltCallback  stm32f1xx_hal_adc.o
    0x08002632   0x08002632   0x00000002   Code   RO         2333    i.HAL_ADC_ConvHalfCpltCallback  stm32f1xx_hal_adc.o
    0x08002634   0x08002634   0x00000002   Code   RO         2335    i.HAL_ADC_ErrorCallback  stm32f1xx_hal_adc.o
    0x08002636   0x08002636   0x00000002   PAD
    0x08002638   0x08002638   0x00000120   Code   RO         2340    i.HAL_ADC_Init      stm32f1xx_hal_adc.o
    0x08002758   0x08002758   0x00000090   Code   RO          574    i.HAL_ADC_MspInit   adc.o
    0x080027e8   0x080027e8   0x0000010c   Code   RO         2347    i.HAL_ADC_Start_DMA  stm32f1xx_hal_adc.o
    0x080028f4   0x080028f4   0x00000248   Code   RO         1734    i.HAL_DMA_IRQHandler  stm32f1xx_hal_dma.o
    0x08002b3c   0x08002b3c   0x0000007c   Code   RO         1735    i.HAL_DMA_Init      stm32f1xx_hal_dma.o
    0x08002bb8   0x08002bb8   0x00000070   Code   RO         1739    i.HAL_DMA_Start_IT  stm32f1xx_hal_dma.o
    0x08002c28   0x08002c28   0x00000024   Code   RO         1355    i.HAL_Delay         stm32f1xx_hal.o
    0x08002c4c   0x08002c4c   0x000001f8   Code   RO         1665    i.HAL_GPIO_Init     stm32f1xx_hal_gpio.o
    0x08002e44   0x08002e44   0x00000010   Code   RO         1668    i.HAL_GPIO_TogglePin  stm32f1xx_hal_gpio.o
    0x08002e54   0x08002e54   0x0000000a   Code   RO         1669    i.HAL_GPIO_WritePin  stm32f1xx_hal_gpio.o
    0x08002e5e   0x08002e5e   0x00000002   PAD
    0x08002e60   0x08002e60   0x0000000c   Code   RO         1359    i.HAL_GetTick       stm32f1xx_hal.o
    0x08002e6c   0x08002e6c   0x0000000c   Code   RO         1362    i.HAL_GetUIDw0      stm32f1xx_hal.o
    0x08002e78   0x08002e78   0x0000000c   Code   RO         1363    i.HAL_GetUIDw1      stm32f1xx_hal.o
    0x08002e84   0x08002e84   0x0000000c   Code   RO         1364    i.HAL_GetUIDw2      stm32f1xx_hal.o
    0x08002e90   0x08002e90   0x00000010   Code   RO         1365    i.HAL_IncTick       stm32f1xx_hal.o
    0x08002ea0   0x08002ea0   0x00000024   Code   RO         1366    i.HAL_Init          stm32f1xx_hal.o
    0x08002ec4   0x08002ec4   0x00000040   Code   RO         1367    i.HAL_InitTick      stm32f1xx_hal.o
    0x08002f04   0x08002f04   0x0000002c   Code   RO          823    i.HAL_MspInit       stm32f1xx_hal_msp.o
    0x08002f30   0x08002f30   0x0000001a   Code   RO         1825    i.HAL_NVIC_EnableIRQ  stm32f1xx_hal_cortex.o
    0x08002f4a   0x08002f4a   0x00000002   PAD
    0x08002f4c   0x08002f4c   0x00000040   Code   RO         1831    i.HAL_NVIC_SetPriority  stm32f1xx_hal_cortex.o
    0x08002f8c   0x08002f8c   0x00000024   Code   RO         1832    i.HAL_NVIC_SetPriorityGrouping  stm32f1xx_hal_cortex.o
    0x08002fb0   0x08002fb0   0x00000024   Code   RO         1833    i.HAL_NVIC_SystemReset  stm32f1xx_hal_cortex.o
    0x08002fd4   0x08002fd4   0x0000003c   Code   RO         1122    i.HAL_PCDEx_PMAConfig  stm32f1xx_hal_pcd_ex.o
    0x08003010   0x08003010   0x00000002   Code   RO         4109    i.HAL_PCDEx_SetConnectionState  usbd_conf.o
    0x08003012   0x08003012   0x00000012   Code   RO         4111    i.HAL_PCD_DataInStageCallback  usbd_conf.o
    0x08003024   0x08003024   0x00000014   Code   RO         4112    i.HAL_PCD_DataOutStageCallback  usbd_conf.o
    0x08003038   0x08003038   0x0000004c   Code   RO          893    i.HAL_PCD_EP_Close  stm32f1xx_hal_pcd.o
    0x08003084   0x08003084   0x0000005c   Code   RO          894    i.HAL_PCD_EP_ClrStall  stm32f1xx_hal_pcd.o
    0x080030e0   0x080030e0   0x000000e6   Code   RO          895    i.HAL_PCD_EP_DB_Receive  stm32f1xx_hal_pcd.o
    0x080031c6   0x080031c6   0x00000338   Code   RO          896    i.HAL_PCD_EP_DB_Transmit  stm32f1xx_hal_pcd.o
    0x080034fe   0x080034fe   0x00000012   Code   RO          898    i.HAL_PCD_EP_GetRxCount  stm32f1xx_hal_pcd.o
    0x08003510   0x08003510   0x0000005a   Code   RO          899    i.HAL_PCD_EP_Open   stm32f1xx_hal_pcd.o
    0x0800356a   0x0800356a   0x0000002e   Code   RO          900    i.HAL_PCD_EP_Receive  stm32f1xx_hal_pcd.o
    0x08003598   0x08003598   0x00000072   Code   RO          901    i.HAL_PCD_EP_SetStall  stm32f1xx_hal_pcd.o
    0x0800360a   0x0800360a   0x00000030   Code   RO          902    i.HAL_PCD_EP_Transmit  stm32f1xx_hal_pcd.o
    0x0800363a   0x0800363a   0x00000002   PAD
    0x0800363c   0x0800363c   0x00000134   Code   RO          904    i.HAL_PCD_IRQHandler  stm32f1xx_hal_pcd.o
    0x08003770   0x08003770   0x000000da   Code   RO          907    i.HAL_PCD_Init      stm32f1xx_hal_pcd.o
    0x0800384a   0x0800384a   0x00000002   PAD
    0x0800384c   0x0800384c   0x0000003c   Code   RO         4117    i.HAL_PCD_MspInit   usbd_conf.o
    0x08003888   0x08003888   0x00000026   Code   RO         4118    i.HAL_PCD_ResetCallback  usbd_conf.o
    0x080038ae   0x080038ae   0x00000008   Code   RO         4119    i.HAL_PCD_ResumeCallback  usbd_conf.o
    0x080038b6   0x080038b6   0x00000008   Code   RO         4120    i.HAL_PCD_SOFCallback  usbd_conf.o
    0x080038be   0x080038be   0x00000028   Code   RO          913    i.HAL_PCD_SetAddress  stm32f1xx_hal_pcd.o
    0x080038e6   0x080038e6   0x0000000e   Code   RO         4121    i.HAL_PCD_SetupStageCallback  usbd_conf.o
    0x080038f4   0x080038f4   0x00000032   Code   RO          915    i.HAL_PCD_Start     stm32f1xx_hal_pcd.o
    0x08003926   0x08003926   0x00000002   PAD
    0x08003928   0x08003928   0x00000024   Code   RO         4122    i.HAL_PCD_SuspendCallback  usbd_conf.o
    0x0800394c   0x0800394c   0x0000000c   Code   RO         1947    i.HAL_PWR_EnableBkUpAccess  stm32f1xx_hal_pwr.o
    0x08003958   0x08003958   0x000000b8   Code   RO         1626    i.HAL_RCCEx_GetPeriphCLKFreq  stm32f1xx_hal_rcc_ex.o
    0x08003a10   0x08003a10   0x000000ec   Code   RO         1627    i.HAL_RCCEx_PeriphCLKConfig  stm32f1xx_hal_rcc_ex.o
    0x08003afc   0x08003afc   0x0000012c   Code   RO         1523    i.HAL_RCC_ClockConfig  stm32f1xx_hal_rcc.o
    0x08003c28   0x08003c28   0x00000020   Code   RO         1531    i.HAL_RCC_GetPCLK2Freq  stm32f1xx_hal_rcc.o
    0x08003c48   0x08003c48   0x0000004c   Code   RO         1532    i.HAL_RCC_GetSysClockFreq  stm32f1xx_hal_rcc.o
    0x08003c94   0x08003c94   0x00000320   Code   RO         1535    i.HAL_RCC_OscConfig  stm32f1xx_hal_rcc.o
    0x08003fb4   0x08003fb4   0x00000002   Code   RO         2776    i.HAL_RTCEx_RTCEventCallback  stm32f1xx_hal_rtc_ex.o
    0x08003fb6   0x08003fb6   0x00000002   Code   RO         2777    i.HAL_RTCEx_RTCEventErrorCallback  stm32f1xx_hal_rtc_ex.o
    0x08003fb8   0x08003fb8   0x0000003e   Code   RO         2778    i.HAL_RTCEx_RTCIRQHandler  stm32f1xx_hal_rtc_ex.o
    0x08003ff6   0x08003ff6   0x00000002   PAD
    0x08003ff8   0x08003ff8   0x00000094   Code   RO         2609    i.HAL_RTC_Init      stm32f1xx_hal_rtc.o
    0x0800408c   0x0800408c   0x00000048   Code   RO          640    i.HAL_RTC_MspInit   rtc.o
    0x080040d4   0x080040d4   0x000000c4   Code   RO         2615    i.HAL_RTC_SetDate   stm32f1xx_hal_rtc.o
    0x08004198   0x08004198   0x000000ac   Code   RO         2616    i.HAL_RTC_SetTime   stm32f1xx_hal_rtc.o
    0x08004244   0x08004244   0x0000003a   Code   RO         2617    i.HAL_RTC_WaitForSynchro  stm32f1xx_hal_rtc.o
    0x0800427e   0x0800427e   0x00000028   Code   RO         1836    i.HAL_SYSTICK_Config  stm32f1xx_hal_cortex.o
    0x080042a6   0x080042a6   0x00000002   Code   RO         3579    i.HAL_TIMEx_BreakCallback  stm32f1xx_hal_tim_ex.o
    0x080042a8   0x080042a8   0x00000002   Code   RO         3580    i.HAL_TIMEx_CommutCallback  stm32f1xx_hal_tim_ex.o
    0x080042aa   0x080042aa   0x00000002   PAD
    0x080042ac   0x080042ac   0x0000007c   Code   RO         3598    i.HAL_TIMEx_MasterConfigSynchronization  stm32f1xx_hal_tim_ex.o
    0x08004328   0x08004328   0x0000005a   Code   RO         2875    i.HAL_TIM_Base_Init  stm32f1xx_hal_tim.o
    0x08004382   0x08004382   0x00000002   PAD
    0x08004384   0x08004384   0x00000068   Code   RO          682    i.HAL_TIM_Base_MspInit  tim.o
    0x080043ec   0x080043ec   0x000000dc   Code   RO         2884    i.HAL_TIM_ConfigClockSource  stm32f1xx_hal_tim.o
    0x080044c8   0x080044c8   0x00000060   Code   RO          453    i.HAL_TIM_IC_CaptureCallback  main.o
    0x08004528   0x08004528   0x00000124   Code   RO         2911    i.HAL_TIM_IC_ConfigChannel  stm32f1xx_hal_tim.o
    0x0800464c   0x0800464c   0x0000005a   Code   RO         2914    i.HAL_TIM_IC_Init   stm32f1xx_hal_tim.o
    0x080046a6   0x080046a6   0x00000002   Code   RO         2916    i.HAL_TIM_IC_MspInit  stm32f1xx_hal_tim.o
    0x080046a8   0x080046a8   0x000000f8   Code   RO         2919    i.HAL_TIM_IC_Start_IT  stm32f1xx_hal_tim.o
    0x080047a0   0x080047a0   0x00000166   Code   RO         2923    i.HAL_TIM_IRQHandler  stm32f1xx_hal_tim.o
    0x08004906   0x08004906   0x00000002   Code   RO         2926    i.HAL_TIM_OC_DelayElapsedCallback  stm32f1xx_hal_tim.o
    0x08004908   0x08004908   0x00000002   Code   RO         2953    i.HAL_TIM_PWM_PulseFinishedCallback  stm32f1xx_hal_tim.o
    0x0800490a   0x0800490a   0x00000002   PAD
    0x0800490c   0x0800490c   0x0000001c   Code   RO          454    i.HAL_TIM_PeriodElapsedCallback  main.o
    0x08004928   0x08004928   0x0000002a   Code   RO         2963    i.HAL_TIM_ReadCapturedValue  stm32f1xx_hal_tim.o
    0x08004952   0x08004952   0x00000002   Code   RO         2966    i.HAL_TIM_TriggerCallback  stm32f1xx_hal_tim.o
    0x08004954   0x08004954   0x00000002   Code   RO          726    i.HardFault_Handler  stm32f1xx_it.o
    0x08004956   0x08004956   0x00000002   PAD
    0x08004958   0x08004958   0x00000038   Code   RO         3915    i.IntToUnicode      usbd_desc.o
    0x08004990   0x08004990   0x000000c4   Code   RO          242    i.IoLevel           common.o
    0x08004a54   0x08004a54   0x00000018   Code   RO         4008    i.LaunchTestCase    usbd_cdc_if.o
    0x08004a6c   0x08004a6c   0x00000094   Code   RO          575    i.MX_ADC1_Init      adc.o
    0x08004b00   0x08004b00   0x0000002c   Code   RO          615    i.MX_DMA_Init       dma.o
    0x08004b2c   0x08004b2c   0x00000114   Code   RO          549    i.MX_GPIO_Init      gpio.o
    0x08004c40   0x08004c40   0x0000006c   Code   RO          641    i.MX_RTC_Init       rtc.o
    0x08004cac   0x08004cac   0x00000094   Code   RO          683    i.MX_TIM4_Init      tim.o
    0x08004d40   0x08004d40   0x00000054   Code   RO         3884    i.MX_USB_DEVICE_Init  usb_device.o
    0x08004d94   0x08004d94   0x00000002   Code   RO          727    i.MemManage_Handler  stm32f1xx_it.o
    0x08004d96   0x08004d96   0x00000002   Code   RO          728    i.NMI_Handler       stm32f1xx_it.o
    0x08004d98   0x08004d98   0x000003ac   Code   RO          919    i.PCD_EP_ISR_Handler  stm32f1xx_hal_pcd.o
    0x08005144   0x08005144   0x00000002   Code   RO          729    i.PendSV_Handler    stm32f1xx_it.o
    0x08005146   0x08005146   0x00000002   Code   RO         4009    i.ProSetting        usbd_cdc_if.o
    0x08005148   0x08005148   0x00000012   Code   RO         2618    i.RTC_Bcd2ToByte    stm32f1xx_hal_rtc.o
    0x0800515a   0x0800515a   0x00000034   Code   RO         2621    i.RTC_EnterInitMode  stm32f1xx_hal_rtc.o
    0x0800518e   0x0800518e   0x00000002   PAD
    0x08005190   0x08005190   0x00000036   Code   RO         2622    i.RTC_ExitInitMode  stm32f1xx_hal_rtc.o
    0x080051c6   0x080051c6   0x00000002   PAD
    0x080051c8   0x080051c8   0x0000000c   Code   RO          730    i.RTC_IRQHandler    stm32f1xx_it.o
    0x080051d4   0x080051d4   0x0000000e   Code   RO         2623    i.RTC_ReadAlarmCounter  stm32f1xx_hal_rtc.o
    0x080051e2   0x080051e2   0x00000020   Code   RO         2624    i.RTC_ReadTimeCounter  stm32f1xx_hal_rtc.o
    0x08005202   0x08005202   0x00000056   Code   RO         2625    i.RTC_WeekDayNum    stm32f1xx_hal_rtc.o
    0x08005258   0x08005258   0x00000028   Code   RO         2626    i.RTC_WriteAlarmCounter  stm32f1xx_hal_rtc.o
    0x08005280   0x08005280   0x00000028   Code   RO         2627    i.RTC_WriteTimeCounter  stm32f1xx_hal_rtc.o
    0x080052a8   0x080052a8   0x00000002   Code   RO          731    i.SVC_Handler       stm32f1xx_it.o
    0x080052aa   0x080052aa   0x00000002   PAD
    0x080052ac   0x080052ac   0x0000000c   Code   RO         4010    i.StartSampling     usbd_cdc_if.o
    0x080052b8   0x080052b8   0x0000000c   Code   RO         4011    i.StopSampling      usbd_cdc_if.o
    0x080052c4   0x080052c4   0x00000004   Code   RO          732    i.SysTick_Handler   stm32f1xx_it.o
    0x080052c8   0x080052c8   0x00000084   Code   RO          455    i.SystemClock_Config  main.o
    0x0800534c   0x0800534c   0x00000002   Code   RO         3847    i.SystemInit        system_stm32f1xx.o
    0x0800534e   0x0800534e   0x00000002   PAD
    0x08005350   0x08005350   0x00000048   Code   RO          733    i.TIM4_IRQHandler   stm32f1xx_it.o
    0x08005398   0x08005398   0x0000008c   Code   RO         2968    i.TIM_Base_SetConfig  stm32f1xx_hal_tim.o
    0x08005424   0x08005424   0x0000001a   Code   RO         2969    i.TIM_CCxChannelCmd  stm32f1xx_hal_tim.o
    0x0800543e   0x0800543e   0x00000014   Code   RO         2979    i.TIM_ETR_SetConfig  stm32f1xx_hal_tim.o
    0x08005452   0x08005452   0x00000010   Code   RO         2980    i.TIM_ITRx_SetConfig  stm32f1xx_hal_tim.o
    0x08005462   0x08005462   0x00000022   Code   RO         2986    i.TIM_TI1_ConfigInputStage  stm32f1xx_hal_tim.o
    0x08005484   0x08005484   0x0000006c   Code   RO         2987    i.TIM_TI1_SetConfig  stm32f1xx_hal_tim.o
    0x080054f0   0x080054f0   0x00000024   Code   RO         2988    i.TIM_TI2_ConfigInputStage  stm32f1xx_hal_tim.o
    0x08005514   0x08005514   0x00000036   Code   RO         2989    i.TIM_TI2_SetConfig  stm32f1xx_hal_tim.o
    0x0800554a   0x0800554a   0x00000002   PAD
    0x0800554c   0x0800554c   0x00000014   Code   RO          243    i.TeCurVcc          common.o
    0x08005560   0x08005560   0x0000000c   Code   RO          244    i.TePwrState        common.o
    0x0800556c   0x0800556c   0x000000e4   Code   RO          245    i.TeRstLevel        common.o
    0x08005650   0x08005650   0x00000046   Code   RO         4584    i.USBD_CDC_DataIn   usbd_cdc.o
    0x08005696   0x08005696   0x0000002e   Code   RO         4585    i.USBD_CDC_DataOut  usbd_cdc.o
    0x080056c4   0x080056c4   0x00000044   Code   RO         4586    i.USBD_CDC_DeInit   usbd_cdc.o
    0x08005708   0x08005708   0x00000024   Code   RO         4587    i.USBD_CDC_EP0_RxReady  usbd_cdc.o
    0x0800572c   0x0800572c   0x0000000c   Code   RO         4588    i.USBD_CDC_GetDeviceQualifierDescriptor  usbd_cdc.o
    0x08005738   0x08005738   0x0000000c   Code   RO         4589    i.USBD_CDC_GetFSCfgDesc  usbd_cdc.o
    0x08005744   0x08005744   0x0000000c   Code   RO         4590    i.USBD_CDC_GetHSCfgDesc  usbd_cdc.o
    0x08005750   0x08005750   0x0000000c   Code   RO         4591    i.USBD_CDC_GetOtherSpeedCfgDesc  usbd_cdc.o
    0x0800575c   0x0800575c   0x00000094   Code   RO         4592    i.USBD_CDC_Init     usbd_cdc.o
    0x080057f0   0x080057f0   0x00000028   Code   RO         4593    i.USBD_CDC_ReceivePacket  usbd_cdc.o
    0x08005818   0x08005818   0x00000010   Code   RO         4594    i.USBD_CDC_RegisterInterface  usbd_cdc.o
    0x08005828   0x08005828   0x0000000c   Code   RO         4595    i.USBD_CDC_SetRxBuffer  usbd_cdc.o
    0x08005834   0x08005834   0x00000010   Code   RO         4596    i.USBD_CDC_SetTxBuffer  usbd_cdc.o
    0x08005844   0x08005844   0x000000ac   Code   RO         4597    i.USBD_CDC_Setup    usbd_cdc.o
    0x080058f0   0x080058f0   0x00000036   Code   RO         4598    i.USBD_CDC_TransmitPacket  usbd_cdc.o
    0x08005926   0x08005926   0x0000000e   Code   RO         4321    i.USBD_ClrClassConfig  usbd_core.o
    0x08005934   0x08005934   0x00000010   Code   RO         4524    i.USBD_CtlContinueRx  usbd_ioreq.o
    0x08005944   0x08005944   0x00000010   Code   RO         4525    i.USBD_CtlContinueSendData  usbd_ioreq.o
    0x08005954   0x08005954   0x00000016   Code   RO         4459    i.USBD_CtlError     usbd_ctlreq.o
    0x0800596a   0x0800596a   0x0000001e   Code   RO         4526    i.USBD_CtlPrepareRx  usbd_ioreq.o
    0x08005988   0x08005988   0x00000016   Code   RO         4527    i.USBD_CtlReceiveStatus  usbd_ioreq.o
    0x0800599e   0x0800599e   0x0000001a   Code   RO         4528    i.USBD_CtlSendData  usbd_ioreq.o
    0x080059b8   0x080059b8   0x00000016   Code   RO         4529    i.USBD_CtlSendStatus  usbd_ioreq.o
    0x080059ce   0x080059ce   0x00000002   PAD
    0x080059d0   0x080059d0   0x00000020   Code   RO         3916    i.USBD_FS_ConfigStrDescriptor  usbd_desc.o
    0x080059f0   0x080059f0   0x0000000c   Code   RO         3917    i.USBD_FS_DeviceDescriptor  usbd_desc.o
    0x080059fc   0x080059fc   0x00000024   Code   RO         3918    i.USBD_FS_InterfaceStrDescriptor  usbd_desc.o
    0x08005a20   0x08005a20   0x0000000c   Code   RO         3919    i.USBD_FS_LangIDStrDescriptor  usbd_desc.o
    0x08005a2c   0x08005a2c   0x00000028   Code   RO         3920    i.USBD_FS_ManufacturerStrDescriptor  usbd_desc.o
    0x08005a54   0x08005a54   0x0000002c   Code   RO         3921    i.USBD_FS_ProductStrDescriptor  usbd_desc.o
    0x08005a80   0x08005a80   0x00000038   Code   RO         3922    i.USBD_FS_SerialStrDescriptor  usbd_desc.o
    0x08005ab8   0x08005ab8   0x000000e8   Code   RO         4460    i.USBD_GetDescriptor  usbd_ctlreq.o
    0x08005ba0   0x08005ba0   0x00000048   Code   RO         4461    i.USBD_GetString    usbd_ctlreq.o
    0x08005be8   0x08005be8   0x00000018   Code   RO         4123    i.USBD_Get_USB_Status  usbd_conf.o
    0x08005c00   0x08005c00   0x0000002a   Code   RO         4323    i.USBD_Init         usbd_core.o
    0x08005c2a   0x08005c2a   0x00000012   Code   RO         4124    i.USBD_LL_ClearStallEP  usbd_conf.o
    0x08005c3c   0x08005c3c   0x00000012   Code   RO         4125    i.USBD_LL_CloseEP   usbd_conf.o
    0x08005c4e   0x08005c4e   0x000000c6   Code   RO         4324    i.USBD_LL_DataInStage  usbd_core.o
    0x08005d14   0x08005d14   0x00000082   Code   RO         4325    i.USBD_LL_DataOutStage  usbd_core.o
    0x08005d96   0x08005d96   0x00000008   Code   RO         4129    i.USBD_LL_GetRxDataSize  usbd_conf.o
    0x08005d9e   0x08005d9e   0x00000002   PAD
    0x08005da0   0x08005da0   0x00000080   Code   RO         4130    i.USBD_LL_Init      usbd_conf.o
    0x08005e20   0x08005e20   0x00000020   Code   RO         4131    i.USBD_LL_IsStallEP  usbd_conf.o
    0x08005e40   0x08005e40   0x00000018   Code   RO         4132    i.USBD_LL_OpenEP    usbd_conf.o
    0x08005e58   0x08005e58   0x00000012   Code   RO         4133    i.USBD_LL_PrepareReceive  usbd_conf.o
    0x08005e6a   0x08005e6a   0x00000050   Code   RO         4330    i.USBD_LL_Reset     usbd_core.o
    0x08005eba   0x08005eba   0x00000014   Code   RO         4331    i.USBD_LL_Resume    usbd_core.o
    0x08005ece   0x08005ece   0x00000018   Code   RO         4332    i.USBD_LL_SOF       usbd_core.o
    0x08005ee6   0x08005ee6   0x00000006   Code   RO         4333    i.USBD_LL_SetSpeed  usbd_core.o
    0x08005eec   0x08005eec   0x00000012   Code   RO         4134    i.USBD_LL_SetUSBAddress  usbd_conf.o
    0x08005efe   0x08005efe   0x0000005a   Code   RO         4334    i.USBD_LL_SetupStage  usbd_core.o
    0x08005f58   0x08005f58   0x00000012   Code   RO         4135    i.USBD_LL_StallEP   usbd_conf.o
    0x08005f6a   0x08005f6a   0x00000012   Code   RO         4136    i.USBD_LL_Start     usbd_conf.o
    0x08005f7c   0x08005f7c   0x00000012   Code   RO         4335    i.USBD_LL_Suspend   usbd_core.o
    0x08005f8e   0x08005f8e   0x00000012   Code   RO         4138    i.USBD_LL_Transmit  usbd_conf.o
    0x08005fa0   0x08005fa0   0x00000028   Code   RO         4462    i.USBD_ParseSetupRequest  usbd_ctlreq.o
    0x08005fc8   0x08005fc8   0x00000010   Code   RO         4336    i.USBD_RegisterClass  usbd_core.o
    0x08005fd8   0x08005fd8   0x00000016   Code   RO         4338    i.USBD_SetClassConfig  usbd_core.o
    0x08005fee   0x08005fee   0x00000002   PAD
    0x08005ff0   0x08005ff0   0x00000084   Code   RO         4463    i.USBD_SetConfig    usbd_ctlreq.o
    0x08006074   0x08006074   0x0000000a   Code   RO         4339    i.USBD_Start        usbd_core.o
    0x0800607e   0x0800607e   0x00000112   Code   RO         4464    i.USBD_StdDevReq    usbd_ctlreq.o
    0x08006190   0x08006190   0x00000150   Code   RO         4465    i.USBD_StdEPReq     usbd_ctlreq.o
    0x080062e0   0x080062e0   0x0000004e   Code   RO         4466    i.USBD_StdItfReq    usbd_ctlreq.o
    0x0800632e   0x0800632e   0x00000002   Code   RO         4139    i.USBD_static_free  usbd_conf.o
    0x08006330   0x08006330   0x00000008   Code   RO         4140    i.USBD_static_malloc  usbd_conf.o
    0x08006338   0x08006338   0x0000029c   Code   RO         1162    i.USB_ActivateEndpoint  stm32f1xx_ll_usb.o
    0x080065d4   0x080065d4   0x00000004   Code   RO         1165    i.USB_CoreInit      stm32f1xx_ll_usb.o
    0x080065d8   0x080065d8   0x00000048   Code   RO         4012    i.USB_DataHandler   usbd_cdc_if.o
    0x08006620   0x08006620   0x0000010e   Code   RO         1167    i.USB_DeactivateEndpoint  stm32f1xx_ll_usb.o
    0x0800672e   0x0800672e   0x00000004   Code   RO         1168    i.USB_DevConnect    stm32f1xx_ll_usb.o
    0x08006732   0x08006732   0x00000004   Code   RO         1169    i.USB_DevDisconnect  stm32f1xx_ll_usb.o
    0x08006736   0x08006736   0x00000012   Code   RO         1170    i.USB_DevInit       stm32f1xx_ll_usb.o
    0x08006748   0x08006748   0x0000000e   Code   RO         1171    i.USB_DisableGlobalInt  stm32f1xx_ll_usb.o
    0x08006756   0x08006756   0x00000004   Code   RO         1172    i.USB_EP0_OutStart  stm32f1xx_ll_usb.o
    0x0800675a   0x0800675a   0x00000078   Code   RO         1173    i.USB_EPClearStall  stm32f1xx_ll_usb.o
    0x080067d2   0x080067d2   0x00000032   Code   RO         1174    i.USB_EPSetStall    stm32f1xx_ll_usb.o
    0x08006804   0x08006804   0x000004e2   Code   RO         1175    i.USB_EPStartXfer   stm32f1xx_ll_usb.o
    0x08006ce6   0x08006ce6   0x00000012   Code   RO         1177    i.USB_EnableGlobalInt  stm32f1xx_ll_usb.o
    0x08006cf8   0x08006cf8   0x0000000c   Code   RO          734    i.USB_LP_CAN1_RX0_IRQHandler  stm32f1xx_it.o
    0x08006d04   0x08006d04   0x00000006   Code   RO         1184    i.USB_ReadInterrupts  stm32f1xx_ll_usb.o
    0x08006d0a   0x08006d0a   0x00000002   PAD
    0x08006d0c   0x08006d0c   0x0000002c   Code   RO         1185    i.USB_ReadPMA       stm32f1xx_ll_usb.o
    0x08006d38   0x08006d38   0x00000004   Code   RO         1186    i.USB_SetCurrentMode  stm32f1xx_ll_usb.o
    0x08006d3c   0x08006d3c   0x0000000c   Code   RO         1187    i.USB_SetDevAddress  stm32f1xx_ll_usb.o
    0x08006d48   0x08006d48   0x00000058   Code   RO          456    i.USB_Status_Init   main.o
    0x08006da0   0x08006da0   0x00000026   Code   RO         1189    i.USB_WritePMA      stm32f1xx_ll_usb.o
    0x08006dc6   0x08006dc6   0x00000002   Code   RO          735    i.UsageFault_Handler  stm32f1xx_it.o
    0x08006dc8   0x08006dc8   0x00000028   Code   RO         4952    i.__ARM_fpclassify  m_ws.l(fpclassify.o)
    0x08006df0   0x08006df0   0x00000020   Code   RO         1838    i.__NVIC_SetPriority  stm32f1xx_hal_cortex.o
    0x08006e10   0x08006e10   0x0000000e   Code   RO         4711    i._is_digit         c_w.l(__printf_wp.o)
    0x08006e1e   0x08006e1e   0x00000002   PAD
    0x08006e20   0x08006e20   0x0000005c   Code   RO          248    i.curTeVccState     common.o
    0x08006e7c   0x08006e7c   0x00000014   Code   RO           13    i.endTestCase       testcase.o
    0x08006e90   0x08006e90   0x000000b0   Code   RO           14    i.endTestCase_1     testcase.o
    0x08006f40   0x08006f40   0x000000b0   Code   RO           15    i.endTestCase_2     testcase.o
    0x08006ff0   0x08006ff0   0x000000a8   Code   RO           16    i.endTestCase_3     testcase.o
    0x08007098   0x08007098   0x0000008c   Code   RO           17    i.endTestCase_4     testcase.o
    0x08007124   0x08007124   0x00000018   Code   RO           18    i.execTestCase      testcase.o
    0x0800713c   0x0800713c   0x0000000c   Code   RO           19    i.execTestCase_1    testcase.o
    0x08007148   0x08007148   0x0000000c   Code   RO           20    i.execTestCase_2    testcase.o
    0x08007154   0x08007154   0x0000000c   Code   RO           21    i.execTestCase_3    testcase.o
    0x08007160   0x08007160   0x0000000c   Code   RO           22    i.execTestCase_4    testcase.o
    0x0800716c   0x0800716c   0x0000001e   Code   RO          325    i.get_duty_cycle    proto.o
    0x0800718a   0x0800718a   0x00000002   PAD
    0x0800718c   0x0800718c   0x000000cc   Code   RO          249    i.isHighZ           common.o
    0x08007258   0x08007258   0x00000098   Code   RO          250    i.isStateA          common.o
    0x080072f0   0x080072f0   0x0000013c   Code   RO          457    i.main              main.o
    0x0800742c   0x0800742c   0x00000070   Code   RO          326    i.send_clock_sample_frame  proto.o
    0x0800749c   0x0800749c   0x0000006a   Code   RO          327    i.startup_info_report  proto.o
    0x08007506   0x08007506   0x0000005c   Code   RO          329    i.te_1v8_pwr_down_seq  proto.o
    0x08007562   0x08007562   0x00000002   PAD
    0x08007564   0x08007564   0x00000118   Code   RO          330    i.te_1v8_pwr_seq    proto.o
    0x0800767c   0x0800767c   0x0000005e   Code   RO          331    i.te_2nd_3v3_pwr_down_seq  proto.o
    0x080076da   0x080076da   0x00000002   PAD
    0x080076dc   0x080076dc   0x00000100   Code   RO          332    i.te_2nd_3v3_pwr_seq  proto.o
    0x080077dc   0x080077dc   0x0000005e   Code   RO          333    i.te_2nd_5v_pwr_down_seq  proto.o
    0x0800783a   0x0800783a   0x00000002   PAD
    0x0800783c   0x0800783c   0x000000f8   Code   RO          334    i.te_2nd_5v_pwr_seq  proto.o
    0x08007934   0x08007934   0x0000005a   Code   RO          335    i.te_3v3_pwr_down_seq  proto.o
    0x0800798e   0x0800798e   0x00000002   PAD
    0x08007990   0x08007990   0x00000114   Code   RO          336    i.te_3v3_pwr_seq    proto.o
    0x08007aa4   0x08007aa4   0x000000ac   Code   RO          337    i.te_init_pwr_seq   proto.o
    0x08007b50   0x08007b50   0x00000024   Code   RO         4013    i.usb_printf        usbd_cdc_if.o
    0x08007b74   0x08007b74   0x0000002c   Code   RO         4940    locale$$code        c_w.l(lc_numeric_c.o)
    0x08007ba0   0x08007ba0   0x0000002c   Code   RO         4960    locale$$code        c_w.l(lc_ctype_c.o)
    0x08007bcc   0x08007bcc   0x00000062   Code   RO         4735    x$fpl$d2f           fz_ws.l(d2f.o)
    0x08007c2e   0x08007c2e   0x00000002   PAD
    0x08007c30   0x08007c30   0x00000150   Code   RO         4737    x$fpl$dadd          fz_ws.l(daddsub_clz.o)
    0x08007d80   0x08007d80   0x00000018   Code   RO         4850    x$fpl$dcmpinf       fz_ws.l(dcmpi.o)
    0x08007d98   0x08007d98   0x000002b0   Code   RO         4744    x$fpl$ddiv          fz_ws.l(ddiv.o)
    0x08008048   0x08008048   0x00000026   Code   RO         4747    x$fpl$dfltu         fz_ws.l(dflt_clz.o)
    0x0800806e   0x0800806e   0x00000002   PAD
    0x08008070   0x08008070   0x00000078   Code   RO         4753    x$fpl$dleqf         fz_ws.l(dleqf.o)
    0x080080e8   0x080080e8   0x00000154   Code   RO         4755    x$fpl$dmul          fz_ws.l(dmul.o)
    0x0800823c   0x0800823c   0x0000009c   Code   RO         4852    x$fpl$dnaninf       fz_ws.l(dnaninf.o)
    0x080082d8   0x080082d8   0x0000000c   Code   RO         4854    x$fpl$dretinf       fz_ws.l(dretinf.o)
    0x080082e4   0x080082e4   0x0000006c   Code   RO         4757    x$fpl$drleqf        fz_ws.l(drleqf.o)
    0x08008350   0x08008350   0x000001d4   Code   RO         4739    x$fpl$dsub          fz_ws.l(daddsub_clz.o)
    0x08008524   0x08008524   0x00000056   Code   RO         4759    x$fpl$f2d           fz_ws.l(f2d.o)
    0x0800857a   0x0800857a   0x00000018   Code   RO         4901    x$fpl$fcmpinf       fz_ws.l(fcmpi.o)
    0x08008592   0x08008592   0x00000002   PAD
    0x08008594   0x08008594   0x00000184   Code   RO         4762    x$fpl$fdiv          fz_ws.l(fdiv.o)
    0x08008718   0x08008718   0x0000003e   Code   RO         4765    x$fpl$ffixu         fz_ws.l(ffixu.o)
    0x08008756   0x08008756   0x00000002   PAD
    0x08008758   0x08008758   0x00000026   Code   RO         4769    x$fpl$ffltu         fz_ws.l(fflt_clz.o)
    0x0800877e   0x0800877e   0x00000002   PAD
    0x08008780   0x08008780   0x00000068   Code   RO         4856    x$fpl$fleqf         fz_ws.l(fleqf.o)
    0x080087e8   0x080087e8   0x0000008c   Code   RO         4858    x$fpl$fnaninf       fz_ws.l(fnaninf.o)
    0x08008874   0x08008874   0x0000000a   Code   RO         4860    x$fpl$fretinf       fz_ws.l(fretinf.o)
    0x0800887e   0x0800887e   0x00000062   Code   RO         4777    x$fpl$frleqf        fz_ws.l(frleqf.o)
    0x080088e0   0x080088e0   0x00000004   Code   RO         4862    x$fpl$printf1       fz_ws.l(printf1.o)
    0x080088e4   0x080088e4   0x00000004   Code   RO         4864    x$fpl$printf2       fz_ws.l(printf2.o)
    0x080088e8   0x080088e8   0x00000000   Code   RO         4870    x$fpl$usenofp       fz_ws.l(usenofp.o)
    0x080088e8   0x080088e8   0x00000012   Data   RO         1536    .constdata          stm32f1xx_hal_rcc.o
    0x080088fa   0x080088fa   0x00000012   Data   RO         1628    .constdata          stm32f1xx_hal_rcc_ex.o
    0x0800890c   0x0800890c   0x00000010   Data   RO         3848    .constdata          system_stm32f1xx.o
    0x0800891c   0x0800891c   0x00000008   Data   RO         3849    .constdata          system_stm32f1xx.o
    0x08008924   0x08008924   0x00000011   Data   RO         4719    .constdata          c_w.l(__printf_flags_ss_wp.o)
    0x08008935   0x08008935   0x00000003   PAD
    0x08008938   0x08008938   0x00000008   Data   RO         4797    .constdata          c_w.l(_printf_wctomb.o)
    0x08008940   0x08008940   0x00000028   Data   RO         4826    .constdata          c_w.l(_printf_hex_int_ll_ptr.o)
    0x08008968   0x08008968   0x00000026   Data   RO         4891    .constdata          c_w.l(_printf_fp_hex.o)
    0x0800898e   0x0800898e   0x00000002   PAD
    0x08008990   0x08008990   0x00000094   Data   RO         4915    .constdata          c_w.l(bigflt0.o)
    0x08008a24   0x08008a24   0x00000020   Data   RO         5088    Region$$Table       anon$$obj.o
    0x08008a44   0x08008a44   0x0000001c   Data   RO         4939    locale$$data        c_w.l(lc_numeric_c.o)
    0x08008a60   0x08008a60   0x00000110   Data   RO         4959    locale$$data        c_w.l(lc_ctype_c.o)


    Execution Region RW_IRAM1 (Exec base: 0x20000000, Load base: 0x08008b70, Size: 0x00002a88, Max: 0x00020000, ABSOLUTE, COMPRESSED[0x00000108])

    Exec Addr    Load Addr    Size         Type   Attr      Idx    E Section Name        Object

    0x20000000   COMPRESSED   0x00000030   Data   RW           24    .data               testcase.o
    0x20000030   COMPRESSED   0x0000000c   Data   RW          251    .data               common.o
    0x2000003c   COMPRESSED   0x00000001   Data   RW          340    .data               proto.o
    0x2000003d   COMPRESSED   0x00000003   PAD
    0x20000040   COMPRESSED   0x00000014   Data   RW          341    .data               proto.o
    0x20000054   COMPRESSED   0x00000004   Data   RW          344    .data               proto.o
    0x20000058   COMPRESSED   0x00000004   Data   RW          345    .data               proto.o
    0x2000005c   COMPRESSED   0x00000001   Data   RW          346    .data               proto.o
    0x2000005d   COMPRESSED   0x00000003   PAD
    0x20000060   COMPRESSED   0x00000018   Data   RW          461    .data               main.o
    0x20000078   COMPRESSED   0x0000000c   Data   RW         1373    .data               stm32f1xx_hal.o
    0x20000084   COMPRESSED   0x00000004   Data   RW         3850    .data               system_stm32f1xx.o
    0x20000088   COMPRESSED   0x0000001c   Data   RW         3924    .data               usbd_desc.o
    0x200000a4   COMPRESSED   0x00000032   Data   RW         3925    .data               usbd_desc.o
    0x200000d6   COMPRESSED   0x00000002   PAD
    0x200000d8   COMPRESSED   0x00000030   Data   RW         4015    .data               usbd_cdc_if.o
    0x20000108   COMPRESSED   0x00000010   Data   RW         4016    .data               usbd_cdc_if.o
    0x20000118   COMPRESSED   0x00000001   Data   RW         4467    .data               usbd_ctlreq.o
    0x20000119   COMPRESSED   0x00000003   PAD
    0x2000011c   COMPRESSED   0x000000d7   Data   RW         4599    .data               usbd_cdc.o
    0x200001f3   COMPRESSED   0x00000001   PAD
    0x200001f4   COMPRESSED   0x00000038   Data   RW         4600    .data               usbd_cdc.o
    0x2000022c        -       0x00000040   Zero   RW           23    .bss                testcase.o
    0x2000026c        -       0x00000510   Zero   RW          458    .bss                main.o
    0x2000077c        -       0x00000400   Zero   RW          459    .bss                main.o
    0x20000b7c        -       0x00000074   Zero   RW          576    .bss                adc.o
    0x20000bf0        -       0x00000014   Zero   RW          642    .bss                rtc.o
    0x20000c04        -       0x00000048   Zero   RW          684    .bss                tim.o
    0x20000c4c        -       0x000002c4   Zero   RW         3885    .bss                usb_device.o
    0x20000f10        -       0x00000200   Zero   RW         3923    .bss                usbd_desc.o
    0x20001110        -       0x00000c04   Zero   RW         4014    .bss                usbd_cdc_if.o
    0x20001d14        -       0x00000510   Zero   RW         4141    .bss                usbd_conf.o
    0x20002224        -       0x00000060   Zero   RW         4955    .bss                c_w.l(libspace.o)
    0x20002284   COMPRESSED   0x00000004   PAD
    0x20002288        -       0x00000400   Zero   RW            2    HEAP                startup_stm32f103xe.o
    0x20002688        -       0x00000400   Zero   RW            1    STACK               startup_stm32f103xe.o


==============================================================================

Image component sizes


      Code (inc. data)   RO Data    RW Data    ZI Data      Debug   Object Name

       292         30          0          0        116       1675   adc.o
      1128        166          0         12          0       5328   common.o
        44          4          0          0          0        690   dma.o
       276         22          0          0          0        999   gpio.o
      1696        154          0         24       2320       9198   main.o
      1850        306          0         30          0      12275   proto.o
       180         20          0          0         20       1487   rtc.o
        64         26        304          0       2048        776   startup_stm32f103xe.o
       200         46          0         12          0       7654   stm32f1xx_hal.o
      1138         60          0          0          0       8186   stm32f1xx_hal_adc.o
       216          6          0          0          0       1366   stm32f1xx_hal_adc_ex.o
       234         24          0          0          0      29290   stm32f1xx_hal_cortex.o
       862         44          0          0          0       3495   stm32f1xx_hal_dma.o
       530         42          0          0          0       3381   stm32f1xx_hal_gpio.o
        44          6          0          0          0        766   stm32f1xx_hal_msp.o
      3094          0          0          0          0      13805   stm32f1xx_hal_pcd.o
        60          0          0          0          0       1110   stm32f1xx_hal_pcd_ex.o
        12          4          0          0          0        479   stm32f1xx_hal_pwr.o
      1208         72         18          0          0       4389   stm32f1xx_hal_rcc.o
       420         30         18          0          0       2417   stm32f1xx_hal_rcc_ex.o
       910         12          0          0          0       8944   stm32f1xx_hal_rtc.o
        66          0          0          0          0       1973   stm32f1xx_hal_rtc_ex.o
      1782         60          0          0          0      14136   stm32f1xx_hal_tim.o
       128         20          0          0          0       2273   stm32f1xx_hal_tim_ex.o
       168         62          0          0          0       5329   stm32f1xx_it.o
      2528          0          0          0          0      15511   stm32f1xx_ll_usb.o
         2          0         24          4          0       1019   system_stm32f1xx.o
       752        272          0         48         64     536262   testcase.o
       252         20          0          0         72       1670   tim.o
        84         18          0          0        708        724   usb_device.o
       726         16          0        271          0      12450   usbd_cdc.o
       358         64          0         64       3076       8521   usbd_cdc_if.o
       556         30          0          0       1296      13365   usbd_conf.o
       670          0          0          0          0       9003   usbd_core.o
      1186         28          0          1          0       7616   usbd_ctlreq.o
       288        104          0         78        512       5593   usbd_desc.o
       132          0          0          0          0       4092   usbd_ioreq.o

    ----------------------------------------------------------------------
     24188       1768        396        556      10232     757247   Object Totals
         0          0         32          0          0          0   (incl. Generated)
        52          0          0         12          0          0   (incl. Padding)

    ----------------------------------------------------------------------

      Code (inc. data)   RO Data    RW Data    ZI Data      Debug   Library Member Name

        44          6          0          0          0         84   __2sprintf.o
        90          0          0          0          0          0   __dczerorl2.o
         8          0          0          0          0         68   __main.o
       392          4         17          0          0         92   __printf_flags_ss_wp.o
        14          0          0          0          0         68   __printf_wp.o
         0          0          0          0          0          0   __rtentry.o
        12          0          0          0          0          0   __rtentry2.o
         6          0          0          0          0          0   __rtentry4.o
        52          8          0          0          0          0   __scatter.o
        28          0          0          0          0          0   __scatter_zi.o
         6          0          0          0          0          0   _printf_a.o
         6          0          0          0          0          0   _printf_c.o
        44          0          0          0          0        108   _printf_char.o
        48          6          0          0          0         96   _printf_char_common.o
        40          0          0          0          0         68   _printf_charcount.o
         6          0          0          0          0          0   _printf_d.o
       120         16          0          0          0         92   _printf_dec.o
         6          0          0          0          0          0   _printf_e.o
         6          0          0          0          0          0   _printf_f.o
      1054          0          0          0          0        216   _printf_fp_dec.o
       764          8         38          0          0        100   _printf_fp_hex.o
       128         16          0          0          0         84   _printf_fp_infnan.o
         6          0          0          0          0          0   _printf_g.o
       148          4         40          0          0        160   _printf_hex_int_ll_ptr.o
         6          0          0          0          0          0   _printf_i.o
       178          0          0          0          0         88   _printf_intcommon.o
        10          0          0          0          0          0   _printf_l.o
         6          0          0          0          0          0   _printf_lc.o
        10          0          0          0          0          0   _printf_ll.o
         6          0          0          0          0          0   _printf_lld.o
         6          0          0          0          0          0   _printf_lli.o
         6          0          0          0          0          0   _printf_llo.o
         6          0          0          0          0          0   _printf_llu.o
         6          0          0          0          0          0   _printf_llx.o
       124         16          0          0          0         92   _printf_longlong_dec.o
         6          0          0          0          0          0   _printf_ls.o
         6          0          0          0          0          0   _printf_n.o
         6          0          0          0          0          0   _printf_o.o
       112         10          0          0          0        124   _printf_oct_int_ll.o
         6          0          0          0          0          0   _printf_p.o
        78          0          0          0          0        108   _printf_pad.o
         0          0          0          0          0          0   _printf_percent.o
         4          0          0          0          0          0   _printf_percent_end.o
         6          0          0          0          0          0   _printf_s.o
        82          0          0          0          0         80   _printf_str.o
        36          0          0          0          0         84   _printf_truncate.o
         6          0          0          0          0          0   _printf_u.o
        44          0          0          0          0        108   _printf_wchar.o
       188          6          8          0          0         92   _printf_wctomb.o
         6          0          0          0          0          0   _printf_x.o
        16          0          0          0          0         68   _snputc.o
        10          0          0          0          0         68   _sputc.o
        64          0          0          0          0         92   _wcrtomb.o
       228          4        148          0          0         96   bigflt0.o
      1936        128          0          0          0        672   btod.o
        18          0          0          0          0         80   exit.o
         6          0          0          0          0        152   heapauxi.o
         0          0          0          0          0          0   indicate_semi.o
        44         10        272          0          0         76   lc_ctype_c.o
        44         10         28          0          0         76   lc_numeric_c.o
         2          0          0          0          0          0   libinit.o
        30          0          0          0          0          0   libinit2.o
         2          0          0          0          0          0   libshutdown.o
         2          0          0          0          0          0   libshutdown2.o
         8          4          0          0         96         68   libspace.o
       138          0          0          0          0         80   lludiv10.o
        16          4          0          0          0         76   rt_ctype_table.o
         8          4          0          0          0         68   rt_locale_intlibspace.o
        78          0          0          0          0         80   rt_memclr_w.o
       138          0          0          0          0         68   rt_memcpy_v6.o
       100          0          0          0          0         80   rt_memcpy_w.o
         2          0          0          0          0          0   rtexit.o
        10          0          0          0          0          0   rtexit2.o
       128          0          0          0          0         68   strcmpv7m.o
        12          4          0          0          0         68   sys_exit.o
        74          0          0          0          0         80   sys_stackheap_outer.o
         2          0          0          0          0         68   use_no_semi.o
        52          4          0          0          0         80   vsnprintf.o
        98          4          0          0          0         92   d2f.o
       804         16          0          0          0        272   daddsub_clz.o
        24          0          0          0          0         68   dcmpi.o
       688        140          0          0          0        208   ddiv.o
        38          0          0          0          0         68   dflt_clz.o
       120          4          0          0          0         92   dleqf.o
       340         12          0          0          0        104   dmul.o
       156          4          0          0          0         92   dnaninf.o
        12          0          0          0          0         68   dretinf.o
       108          0          0          0          0         80   drleqf.o
        86          4          0          0          0         84   f2d.o
        24          0          0          0          0         68   fcmpi.o
       388         76          0          0          0         96   fdiv.o
        62          4          0          0          0         84   ffixu.o
        38          0          0          0          0         68   fflt_clz.o
       104          4          0          0          0         84   fleqf.o
       140          4          0          0          0         84   fnaninf.o
        10          0          0          0          0         68   fretinf.o
        98          0          0          0          0         68   frleqf.o
         4          0          0          0          0         68   printf1.o
         4          0          0          0          0         68   printf2.o
         0          0          0          0          0          0   usenofp.o
        40          0          0          0          0         68   fpclassify.o

    ----------------------------------------------------------------------
     10556        544        556          0        100       6328   Library Totals
        24          0          5          0          4          0   (incl. Padding)

    ----------------------------------------------------------------------

      Code (inc. data)   RO Data    RW Data    ZI Data      Debug   Library Name

      7146        272        551          0         96       4276   c_w.l
      3346        272          0          0          0       1984   fz_ws.l
        40          0          0          0          0         68   m_ws.l

    ----------------------------------------------------------------------
     10556        544        556          0        100       6328   Library Totals

    ----------------------------------------------------------------------

==============================================================================


      Code (inc. data)   RO Data    RW Data    ZI Data      Debug   

     34744       2312        952        556      10332     747035   Grand Totals
     34744       2312        952        264      10332     747035   ELF Image Totals (compressed)
     34744       2312        952        264          0          0   ROM Totals

==============================================================================

    Total RO  Size (Code + RO Data)                35696 (  34.86kB)
    Total RW  Size (RW Data + ZI Data)             10888 (  10.63kB)
    Total ROM Size (Code + RO Data + RW Data)      35960 (  35.12kB)

==============================================================================

