Component: ARM Compiler 5.06 update 7 (build 960) Tool: armlink [4d3601]

==============================================================================

Section Cross References

    startup_stm32f103xe.o(STACK) refers (Special) to heapauxi.o(.text) for __use_two_region_memory
    startup_stm32f103xe.o(HEAP) refers (Special) to heapauxi.o(.text) for __use_two_region_memory
    startup_stm32f103xe.o(RESET) refers (Special) to heapauxi.o(.text) for __use_two_region_memory
    startup_stm32f103xe.o(RESET) refers to startup_stm32f103xe.o(STACK) for __initial_sp
    startup_stm32f103xe.o(RESET) refers to startup_stm32f103xe.o(.text) for Reset_Handler
    startup_stm32f103xe.o(RESET) refers to stm32f1xx_it.o(i.NMI_Handler) for NMI_Handler
    startup_stm32f103xe.o(RESET) refers to stm32f1xx_it.o(i.HardFault_Handler) for HardFault_Handler
    startup_stm32f103xe.o(RESET) refers to stm32f1xx_it.o(i.MemManage_Handler) for MemManage_Handler
    startup_stm32f103xe.o(RESET) refers to stm32f1xx_it.o(i.BusFault_Handler) for BusFault_Handler
    startup_stm32f103xe.o(RESET) refers to stm32f1xx_it.o(i.UsageFault_Handler) for UsageFault_Handler
    startup_stm32f103xe.o(RESET) refers to stm32f1xx_it.o(i.SVC_Handler) for SVC_Handler
    startup_stm32f103xe.o(RESET) refers to stm32f1xx_it.o(i.DebugMon_Handler) for DebugMon_Handler
    startup_stm32f103xe.o(RESET) refers to stm32f1xx_it.o(i.PendSV_Handler) for PendSV_Handler
    startup_stm32f103xe.o(RESET) refers to stm32f1xx_it.o(i.SysTick_Handler) for SysTick_Handler
    startup_stm32f103xe.o(RESET) refers to stm32f1xx_it.o(i.RTC_IRQHandler) for RTC_IRQHandler
    startup_stm32f103xe.o(RESET) refers to stm32f1xx_it.o(i.DMA1_Channel1_IRQHandler) for DMA1_Channel1_IRQHandler
    startup_stm32f103xe.o(RESET) refers to stm32f1xx_it.o(i.USB_LP_CAN1_RX0_IRQHandler) for USB_LP_CAN1_RX0_IRQHandler
    startup_stm32f103xe.o(RESET) refers to stm32f1xx_it.o(i.TIM4_IRQHandler) for TIM4_IRQHandler
    startup_stm32f103xe.o(.text) refers (Special) to heapauxi.o(.text) for __use_two_region_memory
    startup_stm32f103xe.o(.text) refers to system_stm32f1xx.o(i.SystemInit) for SystemInit
    startup_stm32f103xe.o(.text) refers to __main.o(!!!main) for __main
    startup_stm32f103xe.o(.text) refers to startup_stm32f103xe.o(HEAP) for Heap_Mem
    startup_stm32f103xe.o(.text) refers to startup_stm32f103xe.o(STACK) for Stack_Mem
    testcase.o(i.endTestCase) refers to testcase.o(.data) for .data
    testcase.o(i.endTestCase_1) refers to _printf_percent.o(.ARM.Collect$$_printf_percent$$00000000) for _printf_percent
    testcase.o(i.endTestCase_1) refers to _printf_d.o(.ARM.Collect$$_printf_percent$$00000009) for _printf_d
    testcase.o(i.endTestCase_1) refers to _printf_dec.o(.text) for _printf_int_dec
    testcase.o(i.endTestCase_1) refers to rt_memclr_w.o(.text) for __aeabi_memclr4
    testcase.o(i.endTestCase_1) refers to usbd_cdc_if.o(i.CDC_Transmit_FS) for CDC_Transmit_FS
    testcase.o(i.endTestCase_1) refers to __2sprintf.o(.text) for __2sprintf
    testcase.o(i.endTestCase_1) refers to proto.o(.data) for TePwrSeqState
    testcase.o(i.endTestCase_1) refers to proto.o(.data) for TePreErrState
    testcase.o(i.endTestCase_2) refers to _printf_percent.o(.ARM.Collect$$_printf_percent$$00000000) for _printf_percent
    testcase.o(i.endTestCase_2) refers to _printf_d.o(.ARM.Collect$$_printf_percent$$00000009) for _printf_d
    testcase.o(i.endTestCase_2) refers to _printf_dec.o(.text) for _printf_int_dec
    testcase.o(i.endTestCase_2) refers to rt_memclr_w.o(.text) for __aeabi_memclr4
    testcase.o(i.endTestCase_2) refers to usbd_cdc_if.o(i.CDC_Transmit_FS) for CDC_Transmit_FS
    testcase.o(i.endTestCase_2) refers to __2sprintf.o(.text) for __2sprintf
    testcase.o(i.endTestCase_2) refers to proto.o(.data) for TePwrSeqState
    testcase.o(i.endTestCase_2) refers to proto.o(.data) for TePreErrState
    testcase.o(i.endTestCase_3) refers to _printf_percent.o(.ARM.Collect$$_printf_percent$$00000000) for _printf_percent
    testcase.o(i.endTestCase_3) refers to _printf_d.o(.ARM.Collect$$_printf_percent$$00000009) for _printf_d
    testcase.o(i.endTestCase_3) refers to _printf_dec.o(.text) for _printf_int_dec
    testcase.o(i.endTestCase_3) refers to rt_memclr_w.o(.text) for __aeabi_memclr4
    testcase.o(i.endTestCase_3) refers to usbd_cdc_if.o(i.CDC_Transmit_FS) for CDC_Transmit_FS
    testcase.o(i.endTestCase_3) refers to __2sprintf.o(.text) for __2sprintf
    testcase.o(i.endTestCase_3) refers to proto.o(.data) for g_pwrDownState
    testcase.o(i.endTestCase_3) refers to proto.o(.data) for TePreErrState
    testcase.o(i.endTestCase_3) refers to proto.o(.data) for TePwrSeqState
    testcase.o(i.endTestCase_4) refers to _printf_percent.o(.ARM.Collect$$_printf_percent$$00000000) for _printf_percent
    testcase.o(i.endTestCase_4) refers to _printf_d.o(.ARM.Collect$$_printf_percent$$00000009) for _printf_d
[...]
    PVD_IRQHandler                           0x0800022f   Thumb Code     0  startup_stm32f103xe.o(.text)
    RCC_IRQHandler                           0x0800022f   Thumb Code     0  startup_stm32f103xe.o(.text)
    RTC_Alarm_IRQHandler                     0x0800022f   Thumb Code     0  startup_stm32f103xe.o(.text)
    SDIO_IRQHandler                          0x0800022f   Thumb Code     0  startup_stm32f103xe.o(.text)
    SPI1_IRQHandler                          0x0800022f   Thumb Code     0  startup_stm32f103xe.o(.text)
    SPI2_IRQHandler                          0x0800022f   Thumb Code     0  startup_stm32f103xe.o(.text)
    SPI3_IRQHandler                          0x0800022f   Thumb Code     0  startup_stm32f103xe.o(.text)
    TAMPER_IRQHandler                        0x0800022f   Thumb Code     0  startup_stm32f103xe.o(.text)
    TIM1_BRK_IRQHandler                      0x0800022f   Thumb Code     0  startup_stm32f103xe.o(.text)
    TIM1_CC_IRQHandler                       0x0800022f   Thumb Code     0  startup_stm32f103xe.o(.text)
    TIM1_TRG_COM_IRQHandler                  0x0800022f   Thumb Code     0  startup_stm32f103xe.o(.text)
    TIM1_UP_IRQHandler                       0x0800022f   Thumb Code     0  startup_stm32f103xe.o(.text)
    TIM2_IRQHandler                          0x0800022f   Thumb Code     0  startup_stm32f103xe.o(.text)
    TIM3_IRQHandler                          0x0800022f   Thumb Code     0  startup_stm32f103xe.o(.text)
    TIM5_IRQHandler                          0x0800022f   Thumb Code     0  startup_stm32f103xe.o(.text)
    TIM6_IRQHandler                          0x0800022f   Thumb Code     0  startup_stm32f103xe.o(.text)
    TIM7_IRQHandler                          0x0800022f   Thumb Code     0  startup_stm32f103xe.o(.text)
    TIM8_BRK_IRQHandler                      0x0800022f   Thumb Code     0  startup_stm32f103xe.o(.text)
    TIM8_CC_IRQHandler                       0x0800022f   Thumb Code     0  startup_stm32f103xe.o(.text)
    TIM8_TRG_COM_IRQHandler                  0x0800022f   Thumb Code     0  startup_stm32f103xe.o(.text)
    TIM8_UP_IRQHandler                       0x0800022f   Thumb Code     0  startup_stm32f103xe.o(.text)
    UART4_IRQHandler                         0x0800022f   Thumb Code     0  startup_stm32f103xe.o(.text)
    UART5_IRQHandler                         0x0800022f   Thumb Code     0  startup_stm32f103xe.o(.text)
    USART1_IRQHandler                        0x0800022f   Thumb Code     0  startup_stm32f103xe.o(.text)
    USART2_IRQHandler                        0x0800022f   Thumb Code     0  startup_stm32f103xe.o(.text)
    USART3_IRQHandler                        0x0800022f   Thumb Code     0  startup_stm32f103xe.o(.text)
    USBWakeUp_IRQHandler                     0x0800022f   Thumb Code     0  startup_stm32f103xe.o(.text)
    USB_HP_CAN1_TX_IRQHandler                0x0800022f   Thumb Code     0  startup_stm32f103xe.o(.text)
    WWDG_IRQHandler                          0x0800022f   Thumb Code     0  startup_stm32f103xe.o(.text)
    __user_initial_stackheap                 0x08000231   Thumb Code     0  startup_stm32f103xe.o(.text)
    __2sprintf                               0x08000255   Thumb Code    38  __2sprintf.o(.text)
    _printf_int_dec                          0x08000281   Thumb Code   104  _printf_dec.o(.text)
    __printf                                 0x080002f9   Thumb Code   388  __printf_flags_ss_wp.o(.text)
    __aeabi_memcpy                           0x08000481   Thumb Code     0  rt_memcpy_v6.o(.text)
    __rt_memcpy                              0x08000481   Thumb Code   138  rt_memcpy_v6.o(.text)
    _memcpy_lastbytes                        0x080004e7   Thumb Code     0  rt_memcpy_v6.o(.text)
    __aeabi_memcpy4                          0x0800050b   Thumb Code     0  rt_memcpy_w.o(.text)
    __aeabi_memcpy8                          0x0800050b   Thumb Code     0  rt_memcpy_w.o(.text)
    __rt_memcpy_w                            0x0800050b   Thumb Code   100  rt_memcpy_w.o(.text)
    _memcpy_lastbytes_aligned                0x08000553   Thumb Code     0  rt_memcpy_w.o(.text)
    __aeabi_memclr4                          0x0800056f   Thumb Code     0  rt_memclr_w.o(.text)
    __aeabi_memclr8                          0x0800056f   Thumb Code     0  rt_memclr_w.o(.text)
    __rt_memclr_w                            0x0800056f   Thumb Code    78  rt_memclr_w.o(.text)
    _memset_w                                0x08000573   Thumb Code     0  rt_memclr_w.o(.text)
    __use_two_region_memory                  0x080005bd   Thumb Code     2  heapauxi.o(.text)
    __rt_heap_escrow$2region                 0x080005bf   Thumb Code     2  heapauxi.o(.text)
    __rt_heap_expand$2region                 0x080005c1   Thumb Code     2  heapauxi.o(.text)
    _printf_int_common                       0x080005c3   Thumb Code   178  _printf_intcommon.o(.text)
    _printf_char_common                      0x0800067f   Thumb Code    32  _printf_char_common.o(.text)
    _sputc                                   0x080006a5   Thumb Code    10  _sputc.o(.text)
    __user_setup_stackheap                   0x080006af   Thumb Code    74  sys_stackheap_outer.o(.text)
    exit                                     0x080006f9   Thumb Code    18  exit.o(.text)
    __user_libspace                          0x0800070d   Thumb Code     8  libspace.o(.text)
    __user_perproc_libspace                  0x0800070d   Thumb Code     0  libspace.o(.text)
    __user_perthread_libspace                0x0800070d   Thumb Code     0  libspace.o(.text)
    _sys_exit                                0x08000715   Thumb Code     8  sys_exit.o(.text)
    __I$use$semihosting                      0x08000721   Thumb Code     0  use_no_semi.o(.text)
    __use_no_semihosting_swi                 0x08000721   Thumb Code     2  use_no_semi.o(.text)
    __semihosting_library_function           0x08000723   Thumb Code     0  indicate_semi.o(.text)
    ADC_ConversionStop_Disable               0x08000725   Thumb Code    86  stm32f1xx_hal_adc.o(i.ADC_ConversionStop_Disable)
    ADC_DMAConvCplt                          0x0800077b   Thumb Code    78  stm32f1xx_hal_adc.o(i.ADC_DMAConvCplt)
    ADC_DMAError                             0x080007c9   Thumb Code    26  stm32f1xx_hal_adc.o(i.ADC_DMAError)
    ADC_DMAHalfConvCplt                      0x080007e3   Thumb Code    10  stm32f1xx_hal_adc.o(i.ADC_DMAHalfConvCplt)
    ADC_Enable                               0x080007ed   Thumb Code   114  stm32f1xx_hal_adc.o(i.ADC_Enable)
    ADC_MultiChannelPolling                  0x08000869   Thumb Code   792  main.o(i.ADC_MultiChannelPolling)
    BusFault_Handler                         0x08000ba5   Thumb Code     2  stm32f1xx_it.o(i.BusFault_Handler)
    CDC_Transmit_FS                          0x08000c35   Thumb Code    38  usbd_cdc_if.o(i.CDC_Transmit_FS)
    ClkLevel                                 0x08000c61   Thumb Code   204  common.o(i.ClkLevel)
    DMA1_Channel1_IRQHandler                 0x08000d41   Thumb Code    24  stm32f1xx_it.o(i.DMA1_Channel1_IRQHandler)
    DebugMon_Handler                         0x08000d93   Thumb Code     2  stm32f1xx_it.o(i.DebugMon_Handler)
    DevReset                                 0x08000d95   Thumb Code     4  usbd_cdc_if.o(i.DevReset)
    EndTestCase                              0x08000d99   Thumb Code     8  usbd_cdc_if.o(i.EndTestCase)
    Error_Handler                            0x08000da5   Thumb Code     4  main.o(i.Error_Handler)
    HAL_ADCEx_Calibration_Start              0x08000da9   Thumb Code   210  stm32f1xx_hal_adc_ex.o(i.HAL_ADCEx_Calibration_Start)
    HAL_ADC_ConfigChannel                    0x08000e81   Thumb Code   240  stm32f1xx_hal_adc.o(i.HAL_ADC_ConfigChannel)
    HAL_ADC_ConvCpltCallback                 0x08000f7d   Thumb Code     2  stm32f1xx_hal_adc.o(i.HAL_ADC_ConvCpltCallback)
    HAL_ADC_ConvHalfCpltCallback             0x08000f7f   Thumb Code     2  stm32f1xx_hal_adc.o(i.HAL_ADC_ConvHalfCpltCallback)
    HAL_ADC_ErrorCallback                    0x08000f81   Thumb Code     2  stm32f1xx_hal_adc.o(i.HAL_ADC_ErrorCallback)
    HAL_ADC_Init                             0x08000f85   Thumb Code   272  stm32f1xx_hal_adc.o(i.HAL_ADC_Init)
    HAL_ADC_MspInit                          0x080010a5   Thumb Code   124  adc.o(i.HAL_ADC_MspInit)
    HAL_ADC_Start_DMA                        0x08001135   Thumb Code   246  stm32f1xx_hal_adc.o(i.HAL_ADC_Start_DMA)
    HAL_DMA_IRQHandler                       0x08001241   Thumb Code   552  stm32f1xx_hal_dma.o(i.HAL_DMA_IRQHandler)
    HAL_DMA_Init                             0x08001489   Thumb Code   112  stm32f1xx_hal_dma.o(i.HAL_DMA_Init)
    HAL_DMA_Start_IT                         0x08001505   Thumb Code   112  stm32f1xx_hal_dma.o(i.HAL_DMA_Start_IT)
    HAL_Delay                                0x08001575   Thumb Code    32  stm32f1xx_hal.o(i.HAL_Delay)
    HAL_GPIO_Init                            0x08001599   Thumb Code   462  stm32f1xx_hal_gpio.o(i.HAL_GPIO_Init)
    HAL_GPIO_TogglePin                       0x08001791   Thumb Code    16  stm32f1xx_hal_gpio.o(i.HAL_GPIO_TogglePin)
    HAL_GPIO_WritePin                        0x080017a1   Thumb Code    10  stm32f1xx_hal_gpio.o(i.HAL_GPIO_WritePin)
    HAL_GetTick                              0x080017ad   Thumb Code     6  stm32f1xx_hal.o(i.HAL_GetTick)
    HAL_GetUIDw0                             0x080017b9   Thumb Code     6  stm32f1xx_hal.o(i.HAL_GetUIDw0)
    HAL_GetUIDw1                             0x080017c5   Thumb Code     6  stm32f1xx_hal.o(i.HAL_GetUIDw1)
    HAL_GetUIDw2                             0x080017d1   Thumb Code     6  stm32f1xx_hal.o(i.HAL_GetUIDw2)
    HAL_IncTick                              0x080017dd   Thumb Code    12  stm32f1xx_hal.o(i.HAL_IncTick)
    HAL_Init                                 0x080017ed   Thumb Code    32  stm32f1xx_hal.o(i.HAL_Init)
    HAL_InitTick                             0x08001811   Thumb Code    54  stm32f1xx_hal.o(i.HAL_InitTick)
    HAL_MspInit                              0x08001851   Thumb Code    38  stm32f1xx_hal_msp.o(i.HAL_MspInit)
    HAL_NVIC_EnableIRQ                       0x0800187d   Thumb Code    26  stm32f1xx_hal_cortex.o(i.HAL_NVIC_EnableIRQ)
    HAL_NVIC_SetPriority                     0x08001899   Thumb Code    60  stm32f1xx_hal_cortex.o(i.HAL_NVIC_SetPriority)
    HAL_NVIC_SetPriorityGrouping             0x080018d9   Thumb Code    26  stm32f1xx_hal_cortex.o(i.HAL_NVIC_SetPriorityGrouping)
    HAL_NVIC_SystemReset                     0x080018fd   Thumb Code    26  stm32f1xx_hal_cortex.o(i.HAL_NVIC_SystemReset)
    HAL_PCDEx_PMAConfig                      0x08001921   Thumb Code    60  stm32f1xx_hal_pcd_ex.o(i.HAL_PCDEx_PMAConfig)
    HAL_PCDEx_SetConnectionState             0x0800195d   Thumb Code     2  usbd_conf.o(i.HAL_PCDEx_SetConnectionState)
    HAL_PCD_DataInStageCallback              0x0800195f   Thumb Code    18  usbd_conf.o(i.HAL_PCD_DataInStageCallback)
    HAL_PCD_DataOutStageCallback             0x08001971   Thumb Code    20  usbd_conf.o(i.HAL_PCD_DataOutStageCallback)
    HAL_PCD_EP_Close                         0x08001985   Thumb Code    76  stm32f1xx_hal_pcd.o(i.HAL_PCD_EP_Close)
    HAL_PCD_EP_ClrStall                      0x080019d1   Thumb Code    92  stm32f1xx_hal_pcd.o(i.HAL_PCD_EP_ClrStall)
    HAL_PCD_EP_GetRxCount                    0x08001e4b   Thumb Code    18  stm32f1xx_hal_pcd.o(i.HAL_PCD_EP_GetRxCount)
    HAL_PCD_EP_Open                          0x08001e5d   Thumb Code    90  stm32f1xx_hal_pcd.o(i.HAL_PCD_EP_Open)
    HAL_PCD_EP_Receive                       0x08001eb7   Thumb Code    46  stm32f1xx_hal_pcd.o(i.HAL_PCD_EP_Receive)
    HAL_PCD_EP_SetStall                      0x08001ee5   Thumb Code   114  stm32f1xx_hal_pcd.o(i.HAL_PCD_EP_SetStall)
    HAL_PCD_EP_Transmit                      0x08001f57   Thumb Code    48  stm32f1xx_hal_pcd.o(i.HAL_PCD_EP_Transmit)
    HAL_PCD_IRQHandler                       0x08001f89   Thumb Code   308  stm32f1xx_hal_pcd.o(i.HAL_PCD_IRQHandler)
    HAL_PCD_Init                             0x080020bd   Thumb Code   218  stm32f1xx_hal_pcd.o(i.HAL_PCD_Init)
    HAL_PCD_MspInit                          0x08002199   Thumb Code    50  usbd_conf.o(i.HAL_PCD_MspInit)
    HAL_PCD_ResetCallback                    0x080021d5   Thumb Code    38  usbd_conf.o(i.HAL_PCD_ResetCallback)
    HAL_PCD_ResumeCallback                   0x080021fb   Thumb Code     8  usbd_conf.o(i.HAL_PCD_ResumeCallback)
    HAL_PCD_SOFCallback                      0x08002203   Thumb Code     8  usbd_conf.o(i.HAL_PCD_SOFCallback)
    HAL_PCD_SetAddress                       0x0800220b   Thumb Code    40  stm32f1xx_hal_pcd.o(i.HAL_PCD_SetAddress)
    HAL_PCD_SetupStageCallback               0x08002233   Thumb Code    14  usbd_conf.o(i.HAL_PCD_SetupStageCallback)
    HAL_PCD_Start                            0x08002241   Thumb Code    50  stm32f1xx_hal_pcd.o(i.HAL_PCD_Start)
    HAL_PCD_SuspendCallback                  0x08002275   Thumb Code    30  usbd_conf.o(i.HAL_PCD_SuspendCallback)
    HAL_PWR_EnableBkUpAccess                 0x08002299   Thumb Code     8  stm32f1xx_hal_pwr.o(i.HAL_PWR_EnableBkUpAccess)
    HAL_RCCEx_GetPeriphCLKFreq               0x080022a5   Thumb Code   166  stm32f1xx_hal_rcc_ex.o(i.HAL_RCCEx_GetPeriphCLKFreq)
    HAL_RCCEx_PeriphCLKConfig                0x0800235d   Thumb Code   224  stm32f1xx_hal_rcc_ex.o(i.HAL_RCCEx_PeriphCLKConfig)
    HAL_RCC_ClockConfig                      0x08002449   Thumb Code   280  stm32f1xx_hal_rcc.o(i.HAL_RCC_ClockConfig)
    HAL_RCC_GetPCLK2Freq                     0x08002575   Thumb Code    20  stm32f1xx_hal_rcc.o(i.HAL_RCC_GetPCLK2Freq)
    HAL_RCC_GetSysClockFreq                  0x08002595   Thumb Code    58  stm32f1xx_hal_rcc.o(i.HAL_RCC_GetSysClockFreq)
    HAL_RCC_OscConfig                        0x080025e1   Thumb Code   778  stm32f1xx_hal_rcc.o(i.HAL_RCC_OscConfig)
    HAL_RTCEx_RTCEventCallback               0x08002901   Thumb Code     2  stm32f1xx_hal_rtc_ex.o(i.HAL_RTCEx_RTCEventCallback)
    HAL_RTCEx_RTCEventErrorCallback          0x08002903   Thumb Code     2  stm32f1xx_hal_rtc_ex.o(i.HAL_RTCEx_RTCEventErrorCallback)
    HAL_RTCEx_RTCIRQHandler                  0x08002905   Thumb Code    62  stm32f1xx_hal_rtc_ex.o(i.HAL_RTCEx_RTCIRQHandler)
    HAL_RTC_Init                             0x08002945   Thumb Code   144  stm32f1xx_hal_rtc.o(i.HAL_RTC_Init)
    HAL_RTC_MspInit                          0x080029d9   Thumb Code    60  rtc.o(i.HAL_RTC_MspInit)
    HAL_RTC_SetDate                          0x08002a21   Thumb Code   192  stm32f1xx_hal_rtc.o(i.HAL_RTC_SetDate)
    HAL_RTC_SetTime                          0x08002ae5   Thumb Code   168  stm32f1xx_hal_rtc.o(i.HAL_RTC_SetTime)
    HAL_RTC_WaitForSynchro                   0x08002b91   Thumb Code    58  stm32f1xx_hal_rtc.o(i.HAL_RTC_WaitForSynchro)
    HAL_SYSTICK_Config                       0x08002bcb   Thumb Code    40  stm32f1xx_hal_cortex.o(i.HAL_SYSTICK_Config)
    HAL_TIMEx_BreakCallback                  0x08002bf3   Thumb Code     2  stm32f1xx_hal_tim_ex.o(i.HAL_TIMEx_BreakCallback)
    HAL_TIMEx_CommutCallback                 0x08002bf5   Thumb Code     2  stm32f1xx_hal_tim_ex.o(i.HAL_TIMEx_CommutCallback)
    HAL_TIMEx_MasterConfigSynchronization    0x08002bf9   Thumb Code   104  stm32f1xx_hal_tim_ex.o(i.HAL_TIMEx_MasterConfigSynchronization)
    HAL_TIM_Base_Init                        0x08002c75   Thumb Code    90  stm32f1xx_hal_tim.o(i.HAL_TIM_Base_Init)
    HAL_TIM_Base_MspInit                     0x08002cd1   Thumb Code    88  tim.o(i.HAL_TIM_Base_MspInit)
    HAL_TIM_ConfigClockSource                0x08002d35   Thumb Code   220  stm32f1xx_hal_tim.o(i.HAL_TIM_ConfigClockSource)
    HAL_TIM_IC_CaptureCallback               0x08002e11   Thumb Code    58  main.o(i.HAL_TIM_IC_CaptureCallback)
    HAL_TIM_IC_ConfigChannel                 0x08002e5d   Thumb Code   292  stm32f1xx_hal_tim.o(i.HAL_TIM_IC_ConfigChannel)
    HAL_TIM_IC_Init                          0x08002f81   Thumb Code    90  stm32f1xx_hal_tim.o(i.HAL_TIM_IC_Init)
    HAL_TIM_IC_MspInit                       0x08002fdb   Thumb Code     2  stm32f1xx_hal_tim.o(i.HAL_TIM_IC_MspInit)
    HAL_TIM_IC_Start_IT                      0x08002fdd   Thumb Code   228  stm32f1xx_hal_tim.o(i.HAL_TIM_IC_Start_IT)
    HAL_TIM_IRQHandler                       0x080030d5   Thumb Code   358  stm32f1xx_hal_tim.o(i.HAL_TIM_IRQHandler)
    HAL_TIM_OC_DelayElapsedCallback          0x0800323b   Thumb Code     2  stm32f1xx_hal_tim.o(i.HAL_TIM_OC_DelayElapsedCallback)
    HAL_TIM_PWM_PulseFinishedCallback        0x0800323d   Thumb Code     2  stm32f1xx_hal_tim.o(i.HAL_TIM_PWM_PulseFinishedCallback)
    HAL_TIM_PeriodElapsedCallback            0x0800323f   Thumb Code     2  stm32f1xx_hal_tim.o(i.HAL_TIM_PeriodElapsedCallback)
    HAL_TIM_ReadCapturedValue                0x08003241   Thumb Code    42  stm32f1xx_hal_tim.o(i.HAL_TIM_ReadCapturedValue)
    HAL_TIM_SlaveConfigSynchro               0x0800326b   Thumb Code    86  stm32f1xx_hal_tim.o(i.HAL_TIM_SlaveConfigSynchro)
    HAL_TIM_TriggerCallback                  0x080032c1   Thumb Code     2  stm32f1xx_hal_tim.o(i.HAL_TIM_TriggerCallback)
    HardFault_Handler                        0x080032c3   Thumb Code     2  stm32f1xx_it.o(i.HardFault_Handler)
    IoLevel                                  0x080032fd   Thumb Code   176  common.o(i.IoLevel)
    LaunchTestCase                           0x080033c1   Thumb Code    16  usbd_cdc_if.o(i.LaunchTestCase)
    MX_ADC1_Init                             0x080033d9   Thumb Code   116  adc.o(i.MX_ADC1_Init)
    MX_DMA_Init                              0x08003455   Thumb Code    40  dma.o(i.MX_DMA_Init)
    MX_GPIO_Init                             0x08003481   Thumb Code   346  gpio.o(i.MX_GPIO_Init)
    MX_RTC_Init                              0x080035f5   Thumb Code   100  rtc.o(i.MX_RTC_Init)
    MX_TIM4_Init                             0x08003661   Thumb Code   200  tim.o(i.MX_TIM4_Init)
    MX_USB_DEVICE_Init                       0x08003731   Thumb Code    66  usb_device.o(i.MX_USB_DEVICE_Init)
    MemManage_Handler                        0x08003785   Thumb Code     2  stm32f1xx_it.o(i.MemManage_Handler)
    NMI_Handler                              0x08003787   Thumb Code     2  stm32f1xx_it.o(i.NMI_Handler)
    PendSV_Handler                           0x08003b35   Thumb Code     2  stm32f1xx_it.o(i.PendSV_Handler)
    ProSetting                               0x08003b37   Thumb Code     2  usbd_cdc_if.o(i.ProSetting)
    RTC_IRQHandler                           0x08003bb9   Thumb Code     6  stm32f1xx_it.o(i.RTC_IRQHandler)
    SVC_Handler                              0x08003c99   Thumb Code     2  stm32f1xx_it.o(i.SVC_Handler)
    StartSampling                            0x08003c9d   Thumb Code     8  usbd_cdc_if.o(i.StartSampling)
    StopSampling                             0x08003ca9   Thumb Code     8  usbd_cdc_if.o(i.StopSampling)
    SysTick_Handler                          0x08003cb5   Thumb Code     4  stm32f1xx_it.o(i.SysTick_Handler)
    SystemClock_Config                       0x08003cb9   Thumb Code   132  main.o(i.SystemClock_Config)
    SystemInit                               0x08003d3d   Thumb Code     2  system_stm32f1xx.o(i.SystemInit)
    TIM4_IRQHandler                          0x08003d41   Thumb Code    18  stm32f1xx_it.o(i.TIM4_IRQHandler)
    TIM_Base_SetConfig                       0x08003d5d   Thumb Code   120  stm32f1xx_hal_tim.o(i.TIM_Base_SetConfig)
    TIM_CCxChannelCmd                        0x08003de9   Thumb Code    26  stm32f1xx_hal_tim.o(i.TIM_CCxChannelCmd)
    TIM_ETR_SetConfig                        0x08003e03   Thumb Code    20  stm32f1xx_hal_tim.o(i.TIM_ETR_SetConfig)
    TIM_TI1_SetConfig                        0x08003ed5   Thumb Code    88  stm32f1xx_hal_tim.o(i.TIM_TI1_SetConfig)
    TeCurVcc                                 0x08003f9d   Thumb Code    14  common.o(i.TeCurVcc)
    TePwrState                               0x08003fb1   Thumb Code     6  common.o(i.TePwrState)
    TeRstLevel                               0x08003fbd   Thumb Code   200  common.o(i.TeRstLevel)
    USBD_CDC_GetDeviceQualifierDescriptor    0x0800417d   Thumb Code     8  usbd_cdc.o(i.USBD_CDC_GetDeviceQualifierDescriptor)
    USBD_CDC_ReceivePacket                   0x08004241   Thumb Code    40  usbd_cdc.o(i.USBD_CDC_ReceivePacket)
    USBD_CDC_RegisterInterface               0x08004269   Thumb Code    16  usbd_cdc.o(i.USBD_CDC_RegisterInterface)
    USBD_CDC_SetRxBuffer                     0x08004279   Thumb Code    12  usbd_cdc.o(i.USBD_CDC_SetRxBuffer)
    USBD_CDC_SetTxBuffer                     0x08004285   Thumb Code    16  usbd_cdc.o(i.USBD_CDC_SetTxBuffer)
    USBD_CDC_TransmitPacket                  0x08004341   Thumb Code    54  usbd_cdc.o(i.USBD_CDC_TransmitPacket)
    USBD_ClrClassConfig                      0x08004377   Thumb Code    14  usbd_core.o(i.USBD_ClrClassConfig)
    USBD_CtlContinueRx                       0x08004385   Thumb Code    16  usbd_ioreq.o(i.USBD_CtlContinueRx)
    USBD_CtlContinueSendData                 0x08004395   Thumb Code    16  usbd_ioreq.o(i.USBD_CtlContinueSendData)
    USBD_CtlError                            0x080043a5   Thumb Code    22  usbd_ctlreq.o(i.USBD_CtlError)
    USBD_CtlPrepareRx                        0x080043bb   Thumb Code    30  usbd_ioreq.o(i.USBD_CtlPrepareRx)
    USBD_CtlReceiveStatus                    0x080043d9   Thumb Code    22  usbd_ioreq.o(i.USBD_CtlReceiveStatus)
    USBD_CtlSendData                         0x080043ef   Thumb Code    26  usbd_ioreq.o(i.USBD_CtlSendData)
    USBD_CtlSendStatus                       0x08004409   Thumb Code    22  usbd_ioreq.o(i.USBD_CtlSendStatus)
    USBD_FS_ConfigStrDescriptor              0x08004421   Thumb Code    16  usbd_desc.o(i.USBD_FS_ConfigStrDescriptor)
    USBD_FS_DeviceDescriptor                 0x08004441   Thumb Code     8  usbd_desc.o(i.USBD_FS_DeviceDescriptor)
    USBD_FS_InterfaceStrDescriptor           0x0800444d   Thumb Code    16  usbd_desc.o(i.USBD_FS_InterfaceStrDescriptor)
    USBD_FS_LangIDStrDescriptor              0x08004471   Thumb Code     8  usbd_desc.o(i.USBD_FS_LangIDStrDescriptor)
    USBD_FS_ManufacturerStrDescriptor        0x0800447d   Thumb Code    16  usbd_desc.o(i.USBD_FS_ManufacturerStrDescriptor)
    USBD_FS_ProductStrDescriptor             0x080044a5   Thumb Code    16  usbd_desc.o(i.USBD_FS_ProductStrDescriptor)
    USBD_FS_SerialStrDescriptor              0x080044d1   Thumb Code    48  usbd_desc.o(i.USBD_FS_SerialStrDescriptor)
    USBD_GetString                           0x080045f1   Thumb Code    72  usbd_ctlreq.o(i.USBD_GetString)
    USBD_Init                                0x08004651   Thumb Code    42  usbd_core.o(i.USBD_Init)
    USBD_LL_ClearStallEP                     0x0800467b   Thumb Code    18  usbd_conf.o(i.USBD_LL_ClearStallEP)
    USBD_LL_CloseEP                          0x0800468d   Thumb Code    18  usbd_conf.o(i.USBD_LL_CloseEP)
    USBD_LL_DataInStage                      0x0800469f   Thumb Code   198  usbd_core.o(i.USBD_LL_DataInStage)
    USBD_LL_DataOutStage                     0x08004765   Thumb Code   130  usbd_core.o(i.USBD_LL_DataOutStage)
    USBD_LL_GetRxDataSize                    0x080047e7   Thumb Code     8  usbd_conf.o(i.USBD_LL_GetRxDataSize)
    USBD_LL_Init                             0x080047f1   Thumb Code   118  usbd_conf.o(i.USBD_LL_Init)
    USBD_LL_IsStallEP                        0x08004871   Thumb Code    32  usbd_conf.o(i.USBD_LL_IsStallEP)
    USBD_LL_OpenEP                           0x08004891   Thumb Code    24  usbd_conf.o(i.USBD_LL_OpenEP)
    USBD_LL_PrepareReceive                   0x080048a9   Thumb Code    18  usbd_conf.o(i.USBD_LL_PrepareReceive)
    USBD_LL_Reset                            0x080048bb   Thumb Code    80  usbd_core.o(i.USBD_LL_Reset)
    USBD_LL_Resume                           0x0800490b   Thumb Code    20  usbd_core.o(i.USBD_LL_Resume)
    USBD_LL_SOF                              0x0800491f   Thumb Code    24  usbd_core.o(i.USBD_LL_SOF)
    USBD_LL_SetSpeed                         0x08004937   Thumb Code     6  usbd_core.o(i.USBD_LL_SetSpeed)
    USBD_LL_SetUSBAddress                    0x0800493d   Thumb Code    18  usbd_conf.o(i.USBD_LL_SetUSBAddress)
    USBD_LL_SetupStage                       0x0800494f   Thumb Code    90  usbd_core.o(i.USBD_LL_SetupStage)
    USBD_LL_StallEP                          0x080049a9   Thumb Code    18  usbd_conf.o(i.USBD_LL_StallEP)
    USBD_LL_Start                            0x080049bb   Thumb Code    18  usbd_conf.o(i.USBD_LL_Start)
    USBD_LL_Suspend                          0x080049cd   Thumb Code    18  usbd_core.o(i.USBD_LL_Suspend)
    USBD_LL_Transmit                         0x080049df   Thumb Code    18  usbd_conf.o(i.USBD_LL_Transmit)
    USBD_ParseSetupRequest                   0x080049f1   Thumb Code    40  usbd_ctlreq.o(i.USBD_ParseSetupRequest)
    USBD_RegisterClass                       0x08004a19   Thumb Code    16  usbd_core.o(i.USBD_RegisterClass)
    USBD_SetClassConfig                      0x08004a29   Thumb Code    22  usbd_core.o(i.USBD_SetClassConfig)
    USBD_Start                               0x08004ac5   Thumb Code    10  usbd_core.o(i.USBD_Start)
    USBD_StdDevReq                           0x08004acf   Thumb Code   274  usbd_ctlreq.o(i.USBD_StdDevReq)
    USBD_StdEPReq                            0x08004be1   Thumb Code   336  usbd_ctlreq.o(i.USBD_StdEPReq)
    USBD_StdItfReq                           0x08004d31   Thumb Code    78  usbd_ctlreq.o(i.USBD_StdItfReq)
    USBD_static_free                         0x08004d7f   Thumb Code     2  usbd_conf.o(i.USBD_static_free)
    USBD_static_malloc                       0x08004d81   Thumb Code     4  usbd_conf.o(i.USBD_static_malloc)
    USB_ActivateEndpoint                     0x08004d89   Thumb Code   668  stm32f1xx_ll_usb.o(i.USB_ActivateEndpoint)
    USB_CoreInit                             0x08005025   Thumb Code     4  stm32f1xx_ll_usb.o(i.USB_CoreInit)
    USB_DataHandler                          0x08005029   Thumb Code    58  usbd_cdc_if.o(i.USB_DataHandler)
    USB_DeactivateEndpoint                   0x08005071   Thumb Code   270  stm32f1xx_ll_usb.o(i.USB_DeactivateEndpoint)
    USB_DevConnect                           0x0800517f   Thumb Code     4  stm32f1xx_ll_usb.o(i.USB_DevConnect)
    USB_DevDisconnect                        0x08005183   Thumb Code     4  stm32f1xx_ll_usb.o(i.USB_DevDisconnect)
    USB_DevInit                              0x08005187   Thumb Code    18  stm32f1xx_ll_usb.o(i.USB_DevInit)
    USB_DisableGlobalInt                     0x08005199   Thumb Code    14  stm32f1xx_ll_usb.o(i.USB_DisableGlobalInt)
    USB_EP0_OutStart                         0x080051a7   Thumb Code     4  stm32f1xx_ll_usb.o(i.USB_EP0_OutStart)
    USB_EPClearStall                         0x080051ab   Thumb Code   120  stm32f1xx_ll_usb.o(i.USB_EPClearStall)
    USB_EPSetStall                           0x08005223   Thumb Code    50  stm32f1xx_ll_usb.o(i.USB_EPSetStall)
    USB_EPStartXfer                          0x08005255   Thumb Code  1250  stm32f1xx_ll_usb.o(i.USB_EPStartXfer)
    USB_EnableGlobalInt                      0x08005737   Thumb Code    18  stm32f1xx_ll_usb.o(i.USB_EnableGlobalInt)
    USB_LP_CAN1_RX0_IRQHandler               0x08005749   Thumb Code     6  stm32f1xx_it.o(i.USB_LP_CAN1_RX0_IRQHandler)
    USB_ReadInterrupts                       0x08005755   Thumb Code     6  stm32f1xx_ll_usb.o(i.USB_ReadInterrupts)
    USB_ReadPMA                              0x0800575d   Thumb Code    44  stm32f1xx_ll_usb.o(i.USB_ReadPMA)
    USB_SetCurrentMode                       0x08005789   Thumb Code     4  stm32f1xx_ll_usb.o(i.USB_SetCurrentMode)
    USB_SetDevAddress                        0x0800578d   Thumb Code    12  stm32f1xx_ll_usb.o(i.USB_SetDevAddress)
    USB_Status_Init                          0x08005799   Thumb Code    78  main.o(i.USB_Status_Init)
    USB_WritePMA                             0x080057f1   Thumb Code    38  stm32f1xx_ll_usb.o(i.USB_WritePMA)
    UsageFault_Handler                       0x08005817   Thumb Code     2  stm32f1xx_it.o(i.UsageFault_Handler)
    _is_digit                                0x08005839   Thumb Code    14  __printf_wp.o(i._is_digit)
    curTeVccState                            0x08005849   Thumb Code    64  common.o(i.curTeVccState)
    endTestCase                              0x080058a5   Thumb Code    16  testcase.o(i.endTestCase)
    endTestCase_1                            0x080058b9   Thumb Code    90  testcase.o(i.endTestCase_1)
    endTestCase_2                            0x08005959   Thumb Code    92  testcase.o(i.endTestCase_2)
    endTestCase_3                            0x080059f9   Thumb Code    90  testcase.o(i.endTestCase_3)
    endTestCase_4                            0x08005a85   Thumb Code    82  testcase.o(i.endTestCase_4)
    execTestCase                             0x08005af1   Thumb Code    18  testcase.o(i.execTestCase)
    execTestCase_1                           0x08005b09   Thumb Code     8  testcase.o(i.execTestCase_1)
    execTestCase_2                           0x08005b15   Thumb Code     8  testcase.o(i.execTestCase_2)
    execTestCase_3                           0x08005b21   Thumb Code     8  testcase.o(i.execTestCase_3)
    execTestCase_4                           0x08005b2d   Thumb Code     8  testcase.o(i.execTestCase_4)
    get_duty_cycle                           0x08005b39   Thumb Code    30  proto.o(i.get_duty_cycle)
    init_vcc_terminal_R                      0x08005b59   Thumb Code    46  common.o(i.init_vcc_terminal_R)
    isHighZ                                  0x08005b91   Thumb Code   220  common.o(i.isHighZ)
    isStateA                                 0x08005c99   Thumb Code   146  common.o(i.isStateA)
    main                                     0x08005d49   Thumb Code   270  main.o(i.main)
    send_clock_sample_frame                  0x08005e71   Thumb Code   102  proto.o(i.send_clock_sample_frame)
    startup_info_report                      0x08005ee1   Thumb Code   106  proto.o(i.startup_info_report)
    te_1v8_pwr_down_seq                      0x08005f4d   Thumb Code    66  proto.o(i.te_1v8_pwr_down_seq)
    te_1v8_pwr_seq                           0x08005f99   Thumb Code   180  proto.o(i.te_1v8_pwr_seq)
    te_2nd_3v3_pwr_down_seq                  0x08006059   Thumb Code    68  proto.o(i.te_2nd_3v3_pwr_down_seq)
    te_2nd_3v3_pwr_seq                       0x080060a1   Thumb Code   136  proto.o(i.te_2nd_3v3_pwr_seq)
    te_2nd_5v_pwr_down_seq                   0x08006135   Thumb Code    68  proto.o(i.te_2nd_5v_pwr_down_seq)
    te_2nd_5v_pwr_seq                        0x0800617d   Thumb Code   150  proto.o(i.te_2nd_5v_pwr_seq)
    te_3v3_pwr_down_seq                      0x08006221   Thumb Code    66  proto.o(i.te_3v3_pwr_down_seq)
    te_3v3_pwr_seq                           0x08006269   Thumb Code   178  proto.o(i.te_3v3_pwr_seq)
    te_init_pwr_seq                          0x08006329   Thumb Code   126  proto.o(i.te_init_pwr_seq)
    __aeabi_d2f                              0x080063bd   Thumb Code     0  d2f.o(x$fpl$d2f)
    _d2f                                     0x080063bd   Thumb Code    98  d2f.o(x$fpl$d2f)
    __aeabi_dadd                             0x08006421   Thumb Code     0  daddsub_clz.o(x$fpl$dadd)
    _dadd                                    0x08006421   Thumb Code   332  daddsub_clz.o(x$fpl$dadd)
    __fpl_dcmp_Inf                           0x08006571   Thumb Code    24  dcmpi.o(x$fpl$dcmpinf)
    __aeabi_ddiv                             0x08006589   Thumb Code     0  ddiv.o(x$fpl$ddiv)
    _ddiv                                    0x08006589   Thumb Code   552  ddiv.o(x$fpl$ddiv)
    __aeabi_ui2d                             0x08006839   Thumb Code     0  dflt_clz.o(x$fpl$dfltu)
    _dfltu                                   0x08006839   Thumb Code    38  dflt_clz.o(x$fpl$dfltu)
    __aeabi_cdcmple                          0x08006861   Thumb Code     0  dleqf.o(x$fpl$dleqf)
    _dcmple                                  0x08006861   Thumb Code   120  dleqf.o(x$fpl$dleqf)
    __fpl_dcmple_InfNaN                      0x080068c3   Thumb Code     0  dleqf.o(x$fpl$dleqf)
    __aeabi_dmul                             0x080068d9   Thumb Code     0  dmul.o(x$fpl$dmul)
    _dmul                                    0x080068d9   Thumb Code   332  dmul.o(x$fpl$dmul)
    __fpl_dnaninf                            0x08006a2d   Thumb Code   156  dnaninf.o(x$fpl$dnaninf)
    __fpl_dretinf                            0x08006ac9   Thumb Code    12  dretinf.o(x$fpl$dretinf)
    __aeabi_cdrcmple                         0x08006ad5   Thumb Code     0  drleqf.o(x$fpl$drleqf)
    _drcmple                                 0x08006ad5   Thumb Code   108  drleqf.o(x$fpl$drleqf)
    __aeabi_dsub                             0x08006b41   Thumb Code     0  daddsub_clz.o(x$fpl$dsub)
    _dsub                                    0x08006b41   Thumb Code   464  daddsub_clz.o(x$fpl$dsub)
    __aeabi_f2d                              0x08006d15   Thumb Code     0  f2d.o(x$fpl$f2d)
    _f2d                                     0x08006d15   Thumb Code    86  f2d.o(x$fpl$f2d)
    __fpl_fcmp_Inf                           0x08006d6b   Thumb Code    24  fcmpi.o(x$fpl$fcmpinf)
    __aeabi_f2uiz                            0x08006d85   Thumb Code     0  ffixu.o(x$fpl$ffixu)
    _ffixu                                   0x08006d85   Thumb Code    62  ffixu.o(x$fpl$ffixu)
    __aeabi_i2f                              0x08006dc5   Thumb Code     0  fflt_clz.o(x$fpl$fflt)
    _fflt                                    0x08006dc5   Thumb Code    48  fflt_clz.o(x$fpl$fflt)
    __aeabi_ui2f                             0x08006df5   Thumb Code     0  fflt_clz.o(x$fpl$ffltu)
    _ffltu                                   0x08006df5   Thumb Code    38  fflt_clz.o(x$fpl$ffltu)
    __aeabi_cfcmple                          0x08006e1d   Thumb Code     0  fleqf.o(x$fpl$fleqf)
    _fcmple                                  0x08006e1d   Thumb Code   104  fleqf.o(x$fpl$fleqf)
    __fpl_fcmple_InfNaN                      0x08006e6f   Thumb Code     0  fleqf.o(x$fpl$fleqf)
    __fpl_fnaninf                            0x08006e85   Thumb Code   140  fnaninf.o(x$fpl$fnaninf)
    __fpl_fretinf                            0x08006f11   Thumb Code    10  fretinf.o(x$fpl$fretinf)
    __aeabi_cfrcmple                         0x08006f1b   Thumb Code     0  frleqf.o(x$fpl$frleqf)
    _frcmple                                 0x08006f1b   Thumb Code    98  frleqf.o(x$fpl$frleqf)
    __I$use$fp                               0x08006f7c   Number         0  usenofp.o(x$fpl$usenofp)
    AHBPrescTable                            0x08006fa0   Data          16  system_stm32f1xx.o(.constdata)
    APBPrescTable                            0x08006fb0   Data           8  system_stm32f1xx.o(.constdata)
    Region$$Table$$Base                      0x08006fcc   Number         0  anon$$obj.o(Region$$Table)
    Region$$Table$$Limit                     0x08006fec   Number         0  anon$$obj.o(Region$$Table)
    TestCaseFs                               0x20000000   Data          24  testcase.o(.data)
    TestCaseResultFs                         0x20000018   Data          24  testcase.o(.data)
    clkStableFlag                            0x20000030   Data           1  common.o(.data)
    g_terminalClass                          0x20000034   Data           4  common.o(.data)
    g_vccValue                               0x20000038   Data           4  common.o(.data)
    TePwrSeqState                            0x2000003c   Data           1  proto.o(.data)
    TePreErrState                            0x20000040   Data           1  proto.o(.data)
    TeInitErrState                           0x20000041   Data           1  proto.o(.data)
    TE3V3Stage1EndState                      0x20000042   Data           1  proto.o(.data)
    TE3V3Stage2EndState                      0x20000043   Data           1  proto.o(.data)
    TE1V8Stage1EndState                      0x20000044   Data           1  proto.o(.data)
    TE1V8Stage2EndState                      0x20000045   Data           1  proto.o(.data)
    nextCourseAmpMeasure                     0x20000046   Data           1  proto.o(.data)
    pre_nextCourseAmpMeasure                 0x20000047   Data           1  proto.o(.data)
    g_uClockCnt                              0x20000048   Data           4  proto.o(.data)
    g_uEndSampleClkCnt                       0x2000004c   Data           4  proto.o(.data)
    g_uStartSampleClkCnt                     0x20000050   Data           4  proto.o(.data)
    uiDutyCycle                              0x20000054   Data           4  proto.o(.data)
    uiCycle                                  0x20000058   Data           4  proto.o(.data)
    g_pwrDownState                           0x2000005c   Data           1  proto.o(.data)
    workState                                0x2000005e   Data           1  main.o(.data)
    StartSamplingFlag                        0x2000005f   Data           1  main.o(.data)
    LauchTestCaseFlag                        0x20000060   Data           1  main.o(.data)
    g_testEndFlag                            0x20000062   Data           2  main.o(.data)
    g_caseNumber                             0x20000064   Data           2  main.o(.data)
    lastVccData                              0x20000066   Data           2  main.o(.data)
    lastIOData                               0x20000068   Data           2  main.o(.data)
    lastRstData                              0x2000006a   Data           2  main.o(.data)
    ADC_value                                0x2000006c   Data           8  main.o(.data)
    uwTickFreq                               0x20000074   Data           1  stm32f1xx_hal.o(.data)
    uwTickPrio                               0x20000078   Data           4  stm32f1xx_hal.o(.data)
    uwTick                                   0x2000007c   Data           4  stm32f1xx_hal.o(.data)
    SystemCoreClock                          0x20000080   Data           4  system_stm32f1xx.o(.data)
    FS_Desc                                  0x20000084   Data          28  usbd_desc.o(.data)
    USBD_LangIDDesc                          0x200000a0   Data           4  usbd_desc.o(.data)
    USBD_FS_DeviceDesc                       0x200000a4   Data          18  usbd_desc.o(.data)
    USBD_StringSerial                        0x200000b8   Data          26  usbd_desc.o(.data)
    commands                                 0x200000d4   Data          48  usbd_cdc_if.o(.data)
    USBD_Interface_fops_FS                   0x20000104   Data          16  usbd_cdc_if.o(.data)
    USBD_CDC_CfgHSDesc                       0x20000124   Data          67  usbd_cdc.o(.data)
    USBD_CDC_CfgFSDesc                       0x20000168   Data          67  usbd_cdc.o(.data)
    USBD_CDC_OtherSpeedCfgDesc               0x200001ac   Data          67  usbd_cdc.o(.data)
    USBD_CDC                                 0x200001f0   Data          56  usbd_cdc.o(.data)
    g_UcomBuf                                0x20000268   Data        1024  main.o(.bss)
    sendBuf                                  0x20000668   Data        1024  main.o(.bss)
    g_caseState                              0x20000a68   Data          16  main.o(.bss)
    hadc1                                    0x20000a78   Data          48  adc.o(.bss)
    hdma_adc1                                0x20000aa8   Data          68  adc.o(.bss)
    hrtc                                     0x20000aec   Data          20  rtc.o(.bss)
    htim4                                    0x20000b00   Data          72  tim.o(.bss)
    hUsbDeviceFS                             0x20000b48   Data         708  usb_device.o(.bss)
    USBD_StrDesc                             0x20000e0c   Data         512  usbd_desc.o(.bss)
    USB_COM                                  0x2000100c   Data        1028  usbd_cdc_if.o(.bss)
    UserRxBufferFS                           0x20001410   Data        1024  usbd_cdc_if.o(.bss)
    UserTxBufferFS                           0x20001810   Data        1024  usbd_cdc_if.o(.bss)
    hpcd_USB_FS                              0x20001e30   Data         752  usbd_conf.o(.bss)
    __libspace_start                         0x20002120   Data          96  libspace.o(.bss)
    __temporary_stack_top$libspace           0x20002180   Data           0  libspace.o(.bss)



==============================================================================

Memory Map of the image

  Image Entry point : 0x08000131

  Load Region LR_IROM1 (Base: 0x08000000, Size: 0x00007214, Max: 0x00080000, ABSOLUTE, COMPRESSED[0x000070f4])

    Execution Region ER_IROM1 (Exec base: 0x08000000, Load base: 0x08000000, Size: 0x00006fec, Max: 0x00080000, ABSOLUTE)

    Exec Addr    Load Addr    Size         Type   Attr      Idx    E Section Name        Object

    0x08000000   0x08000000   0x00000130   Data   RO            3    RESET               startup_stm32f103xe.o
    0x08000130   0x08000130   0x00000008   Code   RO         4725  * !!!main             c_w.l(__main.o)
    0x08000138   0x08000138   0x00000034   Code   RO         5080    !!!scatter          c_w.l(__scatter.o)
    0x0800016c   0x0800016c   0x0000005a   Code   RO         5078    !!dczerorl2         c_w.l(__dczerorl2.o)
    0x080001c6   0x080001c6   0x00000002   PAD
    0x080001c8   0x080001c8   0x0000001c   Code   RO         5082    !!handler_zi        c_w.l(__scatter_zi.o)
    0x080001e4   0x080001e4   0x00000000   Code   RO         4714    .ARM.Collect$$_printf_percent$$00000000  c_w.l(_printf_percent.o)
    0x080001e4   0x080001e4   0x00000006   Code   RO         4713    .ARM.Collect$$_printf_percent$$00000009  c_w.l(_printf_d.o)
    0x080001ea   0x080001ea   0x00000004   Code   RO         4828    .ARM.Collect$$_printf_percent$$00000017  c_w.l(_printf_percent_end.o)
    0x080001ee   0x080001ee   0x00000002   Code   RO         4937    .ARM.Collect$$libinit$$00000000  c_w.l(libinit.o)
    0x080001f0   0x080001f0   0x00000000   Code   RO         4953    .ARM.Collect$$libinit$$00000002  c_w.l(libinit2.o)
    0x080001f0   0x080001f0   0x00000000   Code   RO         4955    .ARM.Collect$$libinit$$00000004  c_w.l(libinit2.o)
    0x080001f0   0x080001f0   0x00000000   Code   RO         4958    .ARM.Collect$$libinit$$0000000A  c_w.l(libinit2.o)
    0x080001f0   0x080001f0   0x00000000   Code   RO         4960    .ARM.Collect$$libinit$$0000000C  c_w.l(libinit2.o)
    0x080001f0   0x080001f0   0x00000000   Code   RO         4962    .ARM.Collect$$libinit$$0000000E  c_w.l(libinit2.o)
    0x080001f0   0x080001f0   0x00000000   Code   RO         4965    .ARM.Collect$$libinit$$00000011  c_w.l(libinit2.o)
    0x080001f0   0x080001f0   0x00000000   Code   RO         4967    .ARM.Collect$$libinit$$00000013  c_w.l(libinit2.o)
    0x080001f0   0x080001f0   0x00000000   Code   RO         4969    .ARM.Collect$$libinit$$00000015  c_w.l(libinit2.o)
    0x080001f0   0x080001f0   0x00000000   Code   RO         4971    .ARM.Collect$$libinit$$00000017  c_w.l(libinit2.o)
    0x080001f0   0x080001f0   0x00000000   Code   RO         4973    .ARM.Collect$$libinit$$00000019  c_w.l(libinit2.o)
    0x080001f0   0x080001f0   0x00000000   Code   RO         4975    .ARM.Collect$$libinit$$0000001B  c_w.l(libinit2.o)
    0x080001f0   0x080001f0   0x00000000   Code   RO         4977    .ARM.Collect$$libinit$$0000001D  c_w.l(libinit2.o)
    0x080001f0   0x080001f0   0x00000000   Code   RO         4979    .ARM.Collect$$libinit$$0000001F  c_w.l(libinit2.o)
    0x080001f0   0x080001f0   0x00000000   Code   RO         4981    .ARM.Collect$$libinit$$00000021  c_w.l(libinit2.o)
    0x080001f0   0x080001f0   0x00000000   Code   RO         4983    .ARM.Collect$$libinit$$00000023  c_w.l(libinit2.o)
    0x080001f0   0x080001f0   0x00000000   Code   RO         4985    .ARM.Collect$$libinit$$00000025  c_w.l(libinit2.o)
    0x080001f0   0x080001f0   0x00000000   Code   RO         4989    .ARM.Collect$$libinit$$0000002C  c_w.l(libinit2.o)
    0x080001f0   0x080001f0   0x00000000   Code   RO         4991    .ARM.Collect$$libinit$$0000002E  c_w.l(libinit2.o)
    0x080001f0   0x080001f0   0x00000000   Code   RO         4993    .ARM.Collect$$libinit$$00000030  c_w.l(libinit2.o)
    0x080001f0   0x080001f0   0x00000000   Code   RO         4995    .ARM.Collect$$libinit$$00000032  c_w.l(libinit2.o)
    0x080001f0   0x080001f0   0x00000002   Code   RO         4996    .ARM.Collect$$libinit$$00000033  c_w.l(libinit2.o)
    0x080001f2   0x080001f2   0x00000002   Code   RO         5016    .ARM.Collect$$libshutdown$$00000000  c_w.l(libshutdown.o)
    0x080001f4   0x080001f4   0x00000000   Code   RO         5029    .ARM.Collect$$libshutdown$$00000002  c_w.l(libshutdown2.o)
    0x080001f4   0x080001f4   0x00000000   Code   RO         5031    .ARM.Collect$$libshutdown$$00000004  c_w.l(libshutdown2.o)
    0x080001f4   0x080001f4   0x00000000   Code   RO         5033    .ARM.Collect$$libshutdown$$00000006  c_w.l(libshutdown2.o)
    0x080001f4   0x080001f4   0x00000000   Code   RO         5036    .ARM.Collect$$libshutdown$$00000009  c_w.l(libshutdown2.o)
    0x080001f4   0x080001f4   0x00000000   Code   RO         5039    .ARM.Collect$$libshutdown$$0000000C  c_w.l(libshutdown2.o)
    0x080001f4   0x080001f4   0x00000000   Code   RO         5041    .ARM.Collect$$libshutdown$$0000000E  c_w.l(libshutdown2.o)
    0x080001f4   0x080001f4   0x00000000   Code   RO         5044    .ARM.Collect$$libshutdown$$00000011  c_w.l(libshutdown2.o)
    0x080001f4   0x080001f4   0x00000002   Code   RO         5045    .ARM.Collect$$libshutdown$$00000012  c_w.l(libshutdown2.o)
    0x080001f6   0x080001f6   0x00000000   Code   RO         4767    .ARM.Collect$$rtentry$$00000000  c_w.l(__rtentry.o)
    0x080001f6   0x080001f6   0x00000000   Code   RO         4860    .ARM.Collect$$rtentry$$00000002  c_w.l(__rtentry2.o)
    0x080001f6   0x080001f6   0x00000006   Code   RO         4872    .ARM.Collect$$rtentry$$00000004  c_w.l(__rtentry4.o)
    0x080001fc   0x080001fc   0x00000000   Code   RO         4862    .ARM.Collect$$rtentry$$00000009  c_w.l(__rtentry2.o)
    0x080001fc   0x080001fc   0x00000004   Code   RO         4863    .ARM.Collect$$rtentry$$0000000A  c_w.l(__rtentry2.o)
    0x08000200   0x08000200   0x00000000   Code   RO         4865    .ARM.Collect$$rtentry$$0000000C  c_w.l(__rtentry2.o)
    0x08000200   0x08000200   0x00000008   Code   RO         4866    .ARM.Collect$$rtentry$$0000000D  c_w.l(__rtentry2.o)
    0x08000208   0x08000208   0x00000002   Code   RO         4945    .ARM.Collect$$rtexit$$00000000  c_w.l(rtexit.o)
    0x0800020a   0x0800020a   0x00000000   Code   RO         4998    .ARM.Collect$$rtexit$$00000002  c_w.l(rtexit2.o)
    0x0800020a   0x0800020a   0x00000004   Code   RO         4999    .ARM.Collect$$rtexit$$00000003  c_w.l(rtexit2.o)
    0x0800020e   0x0800020e   0x00000006   Code   RO         5000    .ARM.Collect$$rtexit$$00000004  c_w.l(rtexit2.o)
    0x08000214   0x08000214   0x00000040   Code   RO            4    .text               startup_stm32f103xe.o
    0x08000254   0x08000254   0x0000002c   Code   RO         4685    .text               c_w.l(__2sprintf.o)
    0x08000280   0x08000280   0x00000078   Code   RO         4691    .text               c_w.l(_printf_dec.o)
    0x080002f8   0x080002f8   0x00000188   Code   RO         4710    .text               c_w.l(__printf_flags_ss_wp.o)
    0x08000480   0x08000480   0x0000008a   Code   RO         4717    .text               c_w.l(rt_memcpy_v6.o)
    0x0800050a   0x0800050a   0x00000064   Code   RO         4719    .text               c_w.l(rt_memcpy_w.o)
    0x0800056e   0x0800056e   0x0000004e   Code   RO         4721    .text               c_w.l(rt_memclr_w.o)
    0x080005bc   0x080005bc   0x00000006   Code   RO         4723    .text               c_w.l(heapauxi.o)
    0x080005c2   0x080005c2   0x000000b2   Code   RO         4774    .text               c_w.l(_printf_intcommon.o)
    0x08000674   0x08000674   0x00000030   Code   RO         4778    .text               c_w.l(_printf_char_common.o)
    0x080006a4   0x080006a4   0x0000000a   Code   RO         4780    .text               c_w.l(_sputc.o)
    0x080006ae   0x080006ae   0x0000004a   Code   RO         4891    .text               c_w.l(sys_stackheap_outer.o)
    0x080006f8   0x080006f8   0x00000012   Code   RO         4930    .text               c_w.l(exit.o)
    0x0800070a   0x0800070a   0x00000002   PAD
    0x0800070c   0x0800070c   0x00000008   Code   RO         4942    .text               c_w.l(libspace.o)
    0x08000714   0x08000714   0x0000000c   Code   RO         5008    .text               c_w.l(sys_exit.o)
    0x08000720   0x08000720   0x00000002   Code   RO         5019    .text               c_w.l(use_no_semi.o)
    0x08000722   0x08000722   0x00000000   Code   RO         5021    .text               c_w.l(indicate_semi.o)
    0x08000722   0x08000722   0x00000002   PAD
    0x08000724   0x08000724   0x00000056   Code   RO         2317    i.ADC_ConversionStop_Disable  stm32f1xx_hal_adc.o
    0x0800077a   0x0800077a   0x0000004e   Code   RO         2318    i.ADC_DMAConvCplt   stm32f1xx_hal_adc.o
    0x080007c8   0x080007c8   0x0000001a   Code   RO         2319    i.ADC_DMAError      stm32f1xx_hal_adc.o
    0x080007e2   0x080007e2   0x0000000a   Code   RO         2320    i.ADC_DMAHalfConvCplt  stm32f1xx_hal_adc.o
    0x080007ec   0x080007ec   0x0000007c   Code   RO         2321    i.ADC_Enable        stm32f1xx_hal_adc.o
    0x08000868   0x08000868   0x0000033c   Code   RO          449    i.ADC_MultiChannelPolling  main.o
    0x08000ba4   0x08000ba4   0x00000002   Code   RO          715    i.BusFault_Handler  stm32f1xx_it.o
    0x08000ba6   0x08000ba6   0x00000004   Code   RO         3993    i.CDC_Control_FS    usbd_cdc_if.o
    0x08000baa   0x08000baa   0x00000004   Code   RO         3994    i.CDC_DeInit_FS     usbd_cdc_if.o
    0x08000bae   0x08000bae   0x00000002   PAD
    0x08000bb0   0x08000bb0   0x00000024   Code   RO         3995    i.CDC_Init_FS       usbd_cdc_if.o
    0x08000bd4   0x08000bd4   0x00000060   Code   RO         3996    i.CDC_Receive_FS    usbd_cdc_if.o
    0x08000c34   0x08000c34   0x0000002c   Code   RO         3997    i.CDC_Transmit_FS   usbd_cdc_if.o
    0x08000c60   0x08000c60   0x000000e0   Code   RO          241    i.ClkLevel          common.o
    0x08000d40   0x08000d40   0x00000028   Code   RO          716    i.DMA1_Channel1_IRQHandler  stm32f1xx_it.o
    0x08000d68   0x08000d68   0x0000002a   Code   RO         1720    i.DMA_SetConfig     stm32f1xx_hal_dma.o
    0x08000d92   0x08000d92   0x00000002   Code   RO          717    i.DebugMon_Handler  stm32f1xx_it.o
    0x08000d94   0x08000d94   0x00000004   Code   RO         3998    i.DevReset          usbd_cdc_if.o
    0x08000d98   0x08000d98   0x0000000c   Code   RO         3999    i.EndTestCase       usbd_cdc_if.o
    0x08000da4   0x08000da4   0x00000004   Code   RO          450    i.Error_Handler     main.o
    0x08000da8   0x08000da8   0x000000d8   Code   RO         2497    i.HAL_ADCEx_Calibration_Start  stm32f1xx_hal_adc_ex.o
    0x08000e80   0x08000e80   0x000000fc   Code   RO         2323    i.HAL_ADC_ConfigChannel  stm32f1xx_hal_adc.o
    0x08000f7c   0x08000f7c   0x00000002   Code   RO         2324    i.HAL_ADC_ConvCpltCallback  stm32f1xx_hal_adc.o
    0x08000f7e   0x08000f7e   0x00000002   Code   RO         2325    i.HAL_ADC_ConvHalfCpltCallback  stm32f1xx_hal_adc.o
    0x08000f80   0x08000f80   0x00000002   Code   RO         2327    i.HAL_ADC_ErrorCallback  stm32f1xx_hal_adc.o
    0x08000f82   0x08000f82   0x00000002   PAD
    0x08000f84   0x08000f84   0x00000120   Code   RO         2332    i.HAL_ADC_Init      stm32f1xx_hal_adc.o
    0x080010a4   0x080010a4   0x00000090   Code   RO          566    i.HAL_ADC_MspInit   adc.o
    0x08001134   0x08001134   0x0000010c   Code   RO         2339    i.HAL_ADC_Start_DMA  stm32f1xx_hal_adc.o
    0x08001240   0x08001240   0x00000248   Code   RO         1726    i.HAL_DMA_IRQHandler  stm32f1xx_hal_dma.o
    0x08001488   0x08001488   0x0000007c   Code   RO         1727    i.HAL_DMA_Init      stm32f1xx_hal_dma.o
    0x08001504   0x08001504   0x00000070   Code   RO         1731    i.HAL_DMA_Start_IT  stm32f1xx_hal_dma.o
    0x08001574   0x08001574   0x00000024   Code   RO         1347    i.HAL_Delay         stm32f1xx_hal.o
    0x08001598   0x08001598   0x000001f8   Code   RO         1657    i.HAL_GPIO_Init     stm32f1xx_hal_gpio.o
    0x08001790   0x08001790   0x00000010   Code   RO         1660    i.HAL_GPIO_TogglePin  stm32f1xx_hal_gpio.o
    0x080017a0   0x080017a0   0x0000000a   Code   RO         1661    i.HAL_GPIO_WritePin  stm32f1xx_hal_gpio.o
    0x080017aa   0x080017aa   0x00000002   PAD
    0x080017ac   0x080017ac   0x0000000c   Code   RO         1351    i.HAL_GetTick       stm32f1xx_hal.o
    0x080017b8   0x080017b8   0x0000000c   Code   RO         1354    i.HAL_GetUIDw0      stm32f1xx_hal.o
    0x080017c4   0x080017c4   0x0000000c   Code   RO         1355    i.HAL_GetUIDw1      stm32f1xx_hal.o
    0x080017d0   0x080017d0   0x0000000c   Code   RO         1356    i.HAL_GetUIDw2      stm32f1xx_hal.o
    0x080017dc   0x080017dc   0x00000010   Code   RO         1357    i.HAL_IncTick       stm32f1xx_hal.o
    0x080017ec   0x080017ec   0x00000024   Code   RO         1358    i.HAL_Init          stm32f1xx_hal.o
    0x08001810   0x08001810   0x00000040   Code   RO         1359    i.HAL_InitTick      stm32f1xx_hal.o
    0x08001850   0x08001850   0x0000002c   Code   RO          815    i.HAL_MspInit       stm32f1xx_hal_msp.o
    0x0800187c   0x0800187c   0x0000001a   Code   RO         1817    i.HAL_NVIC_EnableIRQ  stm32f1xx_hal_cortex.o
    0x08001896   0x08001896   0x00000002   PAD
    0x08001898   0x08001898   0x00000040   Code   RO         1823    i.HAL_NVIC_SetPriority  stm32f1xx_hal_cortex.o
    0x080018d8   0x080018d8   0x00000024   Code   RO         1824    i.HAL_NVIC_SetPriorityGrouping  stm32f1xx_hal_cortex.o
    0x080018fc   0x080018fc   0x00000024   Code   RO         1825    i.HAL_NVIC_SystemReset  stm32f1xx_hal_cortex.o
    0x08001920   0x08001920   0x0000003c   Code   RO         1114    i.HAL_PCDEx_PMAConfig  stm32f1xx_hal_pcd_ex.o
    0x0800195c   0x0800195c   0x00000002   Code   RO         4101    i.HAL_PCDEx_SetConnectionState  usbd_conf.o
    0x0800195e   0x0800195e   0x00000012   Code   RO         4103    i.HAL_PCD_DataInStageCallback  usbd_conf.o
    0x08001970   0x08001970   0x00000014   Code   RO         4104    i.HAL_PCD_DataOutStageCallback  usbd_conf.o
    0x08001984   0x08001984   0x0000004c   Code   RO          885    i.HAL_PCD_EP_Close  stm32f1xx_hal_pcd.o
    0x080019d0   0x080019d0   0x0000005c   Code   RO          886    i.HAL_PCD_EP_ClrStall  stm32f1xx_hal_pcd.o
    0x08001a2c   0x08001a2c   0x000000e6   Code   RO          887    i.HAL_PCD_EP_DB_Receive  stm32f1xx_hal_pcd.o
    0x08001b12   0x08001b12   0x00000338   Code   RO          888    i.HAL_PCD_EP_DB_Transmit  stm32f1xx_hal_pcd.o
    0x08001e4a   0x08001e4a   0x00000012   Code   RO          890    i.HAL_PCD_EP_GetRxCount  stm32f1xx_hal_pcd.o
    0x08001e5c   0x08001e5c   0x0000005a   Code   RO          891    i.HAL_PCD_EP_Open   stm32f1xx_hal_pcd.o
    0x08001eb6   0x08001eb6   0x0000002e   Code   RO          892    i.HAL_PCD_EP_Receive  stm32f1xx_hal_pcd.o
    0x08001ee4   0x08001ee4   0x00000072   Code   RO          893    i.HAL_PCD_EP_SetStall  stm32f1xx_hal_pcd.o
    0x08001f56   0x08001f56   0x00000030   Code   RO          894    i.HAL_PCD_EP_Transmit  stm32f1xx_hal_pcd.o
    0x08001f86   0x08001f86   0x00000002   PAD
    0x08001f88   0x08001f88   0x00000134   Code   RO          896    i.HAL_PCD_IRQHandler  stm32f1xx_hal_pcd.o
    0x080020bc   0x080020bc   0x000000da   Code   RO          899    i.HAL_PCD_Init      stm32f1xx_hal_pcd.o
    0x08002196   0x08002196   0x00000002   PAD
    0x08002198   0x08002198   0x0000003c   Code   RO         4109    i.HAL_PCD_MspInit   usbd_conf.o
    0x080021d4   0x080021d4   0x00000026   Code   RO         4110    i.HAL_PCD_ResetCallback  usbd_conf.o
    0x080021fa   0x080021fa   0x00000008   Code   RO         4111    i.HAL_PCD_ResumeCallback  usbd_conf.o
    0x08002202   0x08002202   0x00000008   Code   RO         4112    i.HAL_PCD_SOFCallback  usbd_conf.o
    0x0800220a   0x0800220a   0x00000028   Code   RO          905    i.HAL_PCD_SetAddress  stm32f1xx_hal_pcd.o
    0x08002232   0x08002232   0x0000000e   Code   RO         4113    i.HAL_PCD_SetupStageCallback  usbd_conf.o
    0x08002240   0x08002240   0x00000032   Code   RO          907    i.HAL_PCD_Start     stm32f1xx_hal_pcd.o
    0x08002272   0x08002272   0x00000002   PAD
    0x08002274   0x08002274   0x00000024   Code   RO         4114    i.HAL_PCD_SuspendCallback  usbd_conf.o
    0x08002298   0x08002298   0x0000000c   Code   RO         1939    i.HAL_PWR_EnableBkUpAccess  stm32f1xx_hal_pwr.o
    0x080022a4   0x080022a4   0x000000b8   Code   RO         1618    i.HAL_RCCEx_GetPeriphCLKFreq  stm32f1xx_hal_rcc_ex.o
    0x0800235c   0x0800235c   0x000000ec   Code   RO         1619    i.HAL_RCCEx_PeriphCLKConfig  stm32f1xx_hal_rcc_ex.o
    0x08002448   0x08002448   0x0000012c   Code   RO         1515    i.HAL_RCC_ClockConfig  stm32f1xx_hal_rcc.o
    0x08002574   0x08002574   0x00000020   Code   RO         1523    i.HAL_RCC_GetPCLK2Freq  stm32f1xx_hal_rcc.o
    0x08002594   0x08002594   0x0000004c   Code   RO         1524    i.HAL_RCC_GetSysClockFreq  stm32f1xx_hal_rcc.o
    0x080025e0   0x080025e0   0x00000320   Code   RO         1527    i.HAL_RCC_OscConfig  stm32f1xx_hal_rcc.o
    0x08002900   0x08002900   0x00000002   Code   RO         2768    i.HAL_RTCEx_RTCEventCallback  stm32f1xx_hal_rtc_ex.o
    0x08002902   0x08002902   0x00000002   Code   RO         2769    i.HAL_RTCEx_RTCEventErrorCallback  stm32f1xx_hal_rtc_ex.o
    0x08002904   0x08002904   0x0000003e   Code   RO         2770    i.HAL_RTCEx_RTCIRQHandler  stm32f1xx_hal_rtc_ex.o
    0x08002942   0x08002942   0x00000002   PAD
    0x08002944   0x08002944   0x00000094   Code   RO         2601    i.HAL_RTC_Init      stm32f1xx_hal_rtc.o
    0x080029d8   0x080029d8   0x00000048   Code   RO          632    i.HAL_RTC_MspInit   rtc.o
    0x08002a20   0x08002a20   0x000000c4   Code   RO         2607    i.HAL_RTC_SetDate   stm32f1xx_hal_rtc.o
    0x08002ae4   0x08002ae4   0x000000ac   Code   RO         2608    i.HAL_RTC_SetTime   stm32f1xx_hal_rtc.o
    0x08002b90   0x08002b90   0x0000003a   Code   RO         2609    i.HAL_RTC_WaitForSynchro  stm32f1xx_hal_rtc.o
    0x08002bca   0x08002bca   0x00000028   Code   RO         1828    i.HAL_SYSTICK_Config  stm32f1xx_hal_cortex.o
    0x08002bf2   0x08002bf2   0x00000002   Code   RO         3571    i.HAL_TIMEx_BreakCallback  stm32f1xx_hal_tim_ex.o
    0x08002bf4   0x08002bf4   0x00000002   Code   RO         3572    i.HAL_TIMEx_CommutCallback  stm32f1xx_hal_tim_ex.o
    0x08002bf6   0x08002bf6   0x00000002   PAD
    0x08002bf8   0x08002bf8   0x0000007c   Code   RO         3590    i.HAL_TIMEx_MasterConfigSynchronization  stm32f1xx_hal_tim_ex.o
    0x08002c74   0x08002c74   0x0000005a   Code   RO         2867    i.HAL_TIM_Base_Init  stm32f1xx_hal_tim.o
    0x08002cce   0x08002cce   0x00000002   PAD
    0x08002cd0   0x08002cd0   0x00000064   Code   RO          674    i.HAL_TIM_Base_MspInit  tim.o
    0x08002d34   0x08002d34   0x000000dc   Code   RO         2876    i.HAL_TIM_ConfigClockSource  stm32f1xx_hal_tim.o
    0x08002e10   0x08002e10   0x0000004c   Code   RO          451    i.HAL_TIM_IC_CaptureCallback  main.o
    0x08002e5c   0x08002e5c   0x00000124   Code   RO         2903    i.HAL_TIM_IC_ConfigChannel  stm32f1xx_hal_tim.o
    0x08002f80   0x08002f80   0x0000005a   Code   RO         2906    i.HAL_TIM_IC_Init   stm32f1xx_hal_tim.o
    0x08002fda   0x08002fda   0x00000002   Code   RO         2908    i.HAL_TIM_IC_MspInit  stm32f1xx_hal_tim.o
    0x08002fdc   0x08002fdc   0x000000f8   Code   RO         2911    i.HAL_TIM_IC_Start_IT  stm32f1xx_hal_tim.o
    0x080030d4   0x080030d4   0x00000166   Code   RO         2915    i.HAL_TIM_IRQHandler  stm32f1xx_hal_tim.o
    0x0800323a   0x0800323a   0x00000002   Code   RO         2918    i.HAL_TIM_OC_DelayElapsedCallback  stm32f1xx_hal_tim.o
    0x0800323c   0x0800323c   0x00000002   Code   RO         2945    i.HAL_TIM_PWM_PulseFinishedCallback  stm32f1xx_hal_tim.o
    0x0800323e   0x0800323e   0x00000002   Code   RO         2953    i.HAL_TIM_PeriodElapsedCallback  stm32f1xx_hal_tim.o
    0x08003240   0x08003240   0x0000002a   Code   RO         2955    i.HAL_TIM_ReadCapturedValue  stm32f1xx_hal_tim.o
    0x0800326a   0x0800326a   0x00000056   Code   RO         2956    i.HAL_TIM_SlaveConfigSynchro  stm32f1xx_hal_tim.o
    0x080032c0   0x080032c0   0x00000002   Code   RO         2958    i.HAL_TIM_TriggerCallback  stm32f1xx_hal_tim.o
    0x080032c2   0x080032c2   0x00000002   Code   RO          718    i.HardFault_Handler  stm32f1xx_it.o
    0x080032c4   0x080032c4   0x00000038   Code   RO         3907    i.IntToUnicode      usbd_desc.o
    0x080032fc   0x080032fc   0x000000c4   Code   RO          242    i.IoLevel           common.o
    0x080033c0   0x080033c0   0x00000018   Code   RO         4000    i.LaunchTestCase    usbd_cdc_if.o
    0x080033d8   0x080033d8   0x0000007c   Code   RO          567    i.MX_ADC1_Init      adc.o
    0x08003454   0x08003454   0x0000002c   Code   RO          607    i.MX_DMA_Init       dma.o
    0x08003480   0x08003480   0x00000174   Code   RO          541    i.MX_GPIO_Init      gpio.o
    0x080035f4   0x080035f4   0x0000006c   Code   RO          633    i.MX_RTC_Init       rtc.o
    0x08003660   0x08003660   0x000000d0   Code   RO          675    i.MX_TIM4_Init      tim.o
    0x08003730   0x08003730   0x00000054   Code   RO         3876    i.MX_USB_DEVICE_Init  usb_device.o
    0x08003784   0x08003784   0x00000002   Code   RO          719    i.MemManage_Handler  stm32f1xx_it.o
    0x08003786   0x08003786   0x00000002   Code   RO          720    i.NMI_Handler       stm32f1xx_it.o
    0x08003788   0x08003788   0x000003ac   Code   RO          911    i.PCD_EP_ISR_Handler  stm32f1xx_hal_pcd.o
    0x08003b34   0x08003b34   0x00000002   Code   RO          721    i.PendSV_Handler    stm32f1xx_it.o
    0x08003b36   0x08003b36   0x00000002   Code   RO         4001    i.ProSetting        usbd_cdc_if.o
    0x08003b38   0x08003b38   0x00000012   Code   RO         2610    i.RTC_Bcd2ToByte    stm32f1xx_hal_rtc.o
    0x08003b4a   0x08003b4a   0x00000034   Code   RO         2613    i.RTC_EnterInitMode  stm32f1xx_hal_rtc.o
    0x08003b7e   0x08003b7e   0x00000002   PAD
    0x08003b80   0x08003b80   0x00000036   Code   RO         2614    i.RTC_ExitInitMode  stm32f1xx_hal_rtc.o
    0x08003bb6   0x08003bb6   0x00000002   PAD
    0x08003bb8   0x08003bb8   0x0000000c   Code   RO          722    i.RTC_IRQHandler    stm32f1xx_it.o
    0x08003bc4   0x08003bc4   0x0000000e   Code   RO         2615    i.RTC_ReadAlarmCounter  stm32f1xx_hal_rtc.o
    0x08003bd2   0x08003bd2   0x00000020   Code   RO         2616    i.RTC_ReadTimeCounter  stm32f1xx_hal_rtc.o
    0x08003bf2   0x08003bf2   0x00000056   Code   RO         2617    i.RTC_WeekDayNum    stm32f1xx_hal_rtc.o
    0x08003c48   0x08003c48   0x00000028   Code   RO         2618    i.RTC_WriteAlarmCounter  stm32f1xx_hal_rtc.o
    0x08003c70   0x08003c70   0x00000028   Code   RO         2619    i.RTC_WriteTimeCounter  stm32f1xx_hal_rtc.o
    0x08003c98   0x08003c98   0x00000002   Code   RO          723    i.SVC_Handler       stm32f1xx_it.o
    0x08003c9a   0x08003c9a   0x00000002   PAD
    0x08003c9c   0x08003c9c   0x0000000c   Code   RO         4002    i.StartSampling     usbd_cdc_if.o
    0x08003ca8   0x08003ca8   0x0000000c   Code   RO         4003    i.StopSampling      usbd_cdc_if.o
    0x08003cb4   0x08003cb4   0x00000004   Code   RO          724    i.SysTick_Handler   stm32f1xx_it.o
    0x08003cb8   0x08003cb8   0x00000084   Code   RO          452    i.SystemClock_Config  main.o
    0x08003d3c   0x08003d3c   0x00000002   Code   RO         3839    i.SystemInit        system_stm32f1xx.o
    0x08003d3e   0x08003d3e   0x00000002   PAD
    0x08003d40   0x08003d40   0x0000001c   Code   RO          725    i.TIM4_IRQHandler   stm32f1xx_it.o
    0x08003d5c   0x08003d5c   0x0000008c   Code   RO         2960    i.TIM_Base_SetConfig  stm32f1xx_hal_tim.o
    0x08003de8   0x08003de8   0x0000001a   Code   RO         2961    i.TIM_CCxChannelCmd  stm32f1xx_hal_tim.o
    0x08003e02   0x08003e02   0x00000014   Code   RO         2971    i.TIM_ETR_SetConfig  stm32f1xx_hal_tim.o
    0x08003e16   0x08003e16   0x00000010   Code   RO         2972    i.TIM_ITRx_SetConfig  stm32f1xx_hal_tim.o
    0x08003e26   0x08003e26   0x0000008c   Code   RO         2977    i.TIM_SlaveTimer_SetConfig  stm32f1xx_hal_tim.o
    0x08003eb2   0x08003eb2   0x00000022   Code   RO         2978    i.TIM_TI1_ConfigInputStage  stm32f1xx_hal_tim.o
    0x08003ed4   0x08003ed4   0x0000006c   Code   RO         2979    i.TIM_TI1_SetConfig  stm32f1xx_hal_tim.o
    0x08003f40   0x08003f40   0x00000024   Code   RO         2980    i.TIM_TI2_ConfigInputStage  stm32f1xx_hal_tim.o
    0x08003f64   0x08003f64   0x00000036   Code   RO         2981    i.TIM_TI2_SetConfig  stm32f1xx_hal_tim.o
    0x08003f9a   0x08003f9a   0x00000002   PAD
    0x08003f9c   0x08003f9c   0x00000014   Code   RO          243    i.TeCurVcc          common.o
    0x08003fb0   0x08003fb0   0x0000000c   Code   RO          244    i.TePwrState        common.o
    0x08003fbc   0x08003fbc   0x000000e4   Code   RO          245    i.TeRstLevel        common.o
    0x080040a0   0x080040a0   0x00000046   Code   RO         4576    i.USBD_CDC_DataIn   usbd_cdc.o
    0x080040e6   0x080040e6   0x0000002e   Code   RO         4577    i.USBD_CDC_DataOut  usbd_cdc.o
    0x08004114   0x08004114   0x00000044   Code   RO         4578    i.USBD_CDC_DeInit   usbd_cdc.o
    0x08004158   0x08004158   0x00000024   Code   RO         4579    i.USBD_CDC_EP0_RxReady  usbd_cdc.o
    0x0800417c   0x0800417c   0x0000000c   Code   RO         4580    i.USBD_CDC_GetDeviceQualifierDescriptor  usbd_cdc.o
    0x08004188   0x08004188   0x0000000c   Code   RO         4581    i.USBD_CDC_GetFSCfgDesc  usbd_cdc.o
    0x08004194   0x08004194   0x0000000c   Code   RO         4582    i.USBD_CDC_GetHSCfgDesc  usbd_cdc.o
    0x080041a0   0x080041a0   0x0000000c   Code   RO         4583    i.USBD_CDC_GetOtherSpeedCfgDesc  usbd_cdc.o
    0x080041ac   0x080041ac   0x00000094   Code   RO         4584    i.USBD_CDC_Init     usbd_cdc.o
    0x08004240   0x08004240   0x00000028   Code   RO         4585    i.USBD_CDC_ReceivePacket  usbd_cdc.o
    0x08004268   0x08004268   0x00000010   Code   RO         4586    i.USBD_CDC_RegisterInterface  usbd_cdc.o
    0x08004278   0x08004278   0x0000000c   Code   RO         4587    i.USBD_CDC_SetRxBuffer  usbd_cdc.o
    0x08004284   0x08004284   0x00000010   Code   RO         4588    i.USBD_CDC_SetTxBuffer  usbd_cdc.o
    0x08004294   0x08004294   0x000000ac   Code   RO         4589    i.USBD_CDC_Setup    usbd_cdc.o
    0x08004340   0x08004340   0x00000036   Code   RO         4590    i.USBD_CDC_TransmitPacket  usbd_cdc.o
    0x08004376   0x08004376   0x0000000e   Code   RO         4313    i.USBD_ClrClassConfig  usbd_core.o
    0x08004384   0x08004384   0x00000010   Code   RO         4516    i.USBD_CtlContinueRx  usbd_ioreq.o
    0x08004394   0x08004394   0x00000010   Code   RO         4517    i.USBD_CtlContinueSendData  usbd_ioreq.o
    0x080043a4   0x080043a4   0x00000016   Code   RO         4451    i.USBD_CtlError     usbd_ctlreq.o
    0x080043ba   0x080043ba   0x0000001e   Code   RO         4518    i.USBD_CtlPrepareRx  usbd_ioreq.o
    0x080043d8   0x080043d8   0x00000016   Code   RO         4519    i.USBD_CtlReceiveStatus  usbd_ioreq.o
    0x080043ee   0x080043ee   0x0000001a   Code   RO         4520    i.USBD_CtlSendData  usbd_ioreq.o
    0x08004408   0x08004408   0x00000016   Code   RO         4521    i.USBD_CtlSendStatus  usbd_ioreq.o
    0x0800441e   0x0800441e   0x00000002   PAD
    0x08004420   0x08004420   0x00000020   Code   RO         3908    i.USBD_FS_ConfigStrDescriptor  usbd_desc.o
    0x08004440   0x08004440   0x0000000c   Code   RO         3909    i.USBD_FS_DeviceDescriptor  usbd_desc.o
    0x0800444c   0x0800444c   0x00000024   Code   RO         3910    i.USBD_FS_InterfaceStrDescriptor  usbd_desc.o
    0x08004470   0x08004470   0x0000000c   Code   RO         3911    i.USBD_FS_LangIDStrDescriptor  usbd_desc.o
    0x0800447c   0x0800447c   0x00000028   Code   RO         3912    i.USBD_FS_ManufacturerStrDescriptor  usbd_desc.o
    0x080044a4   0x080044a4   0x0000002c   Code   RO         3913    i.USBD_FS_ProductStrDescriptor  usbd_desc.o
    0x080044d0   0x080044d0   0x00000038   Code   RO         3914    i.USBD_FS_SerialStrDescriptor  usbd_desc.o
    0x08004508   0x08004508   0x000000e8   Code   RO         4452    i.USBD_GetDescriptor  usbd_ctlreq.o
    0x080045f0   0x080045f0   0x00000048   Code   RO         4453    i.USBD_GetString    usbd_ctlreq.o
    0x08004638   0x08004638   0x00000018   Code   RO         4115    i.USBD_Get_USB_Status  usbd_conf.o
    0x08004650   0x08004650   0x0000002a   Code   RO         4315    i.USBD_Init         usbd_core.o
    0x0800467a   0x0800467a   0x00000012   Code   RO         4116    i.USBD_LL_ClearStallEP  usbd_conf.o
    0x0800468c   0x0800468c   0x00000012   Code   RO         4117    i.USBD_LL_CloseEP   usbd_conf.o
    0x0800469e   0x0800469e   0x000000c6   Code   RO         4316    i.USBD_LL_DataInStage  usbd_core.o
    0x08004764   0x08004764   0x00000082   Code   RO         4317    i.USBD_LL_DataOutStage  usbd_core.o
    0x080047e6   0x080047e6   0x00000008   Code   RO         4121    i.USBD_LL_GetRxDataSize  usbd_conf.o
    0x080047ee   0x080047ee   0x00000002   PAD
    0x080047f0   0x080047f0   0x00000080   Code   RO         4122    i.USBD_LL_Init      usbd_conf.o
    0x08004870   0x08004870   0x00000020   Code   RO         4123    i.USBD_LL_IsStallEP  usbd_conf.o
    0x08004890   0x08004890   0x00000018   Code   RO         4124    i.USBD_LL_OpenEP    usbd_conf.o
    0x080048a8   0x080048a8   0x00000012   Code   RO         4125    i.USBD_LL_PrepareReceive  usbd_conf.o
    0x080048ba   0x080048ba   0x00000050   Code   RO         4322    i.USBD_LL_Reset     usbd_core.o
    0x0800490a   0x0800490a   0x00000014   Code   RO         4323    i.USBD_LL_Resume    usbd_core.o
    0x0800491e   0x0800491e   0x00000018   Code   RO         4324    i.USBD_LL_SOF       usbd_core.o
    0x08004936   0x08004936   0x00000006   Code   RO         4325    i.USBD_LL_SetSpeed  usbd_core.o
    0x0800493c   0x0800493c   0x00000012   Code   RO         4126    i.USBD_LL_SetUSBAddress  usbd_conf.o
    0x0800494e   0x0800494e   0x0000005a   Code   RO         4326    i.USBD_LL_SetupStage  usbd_core.o
    0x080049a8   0x080049a8   0x00000012   Code   RO         4127    i.USBD_LL_StallEP   usbd_conf.o
    0x080049ba   0x080049ba   0x00000012   Code   RO         4128    i.USBD_LL_Start     usbd_conf.o
    0x080049cc   0x080049cc   0x00000012   Code   RO         4327    i.USBD_LL_Suspend   usbd_core.o
    0x080049de   0x080049de   0x00000012   Code   RO         4130    i.USBD_LL_Transmit  usbd_conf.o
    0x080049f0   0x080049f0   0x00000028   Code   RO         4454    i.USBD_ParseSetupRequest  usbd_ctlreq.o
    0x08004a18   0x08004a18   0x00000010   Code   RO         4328    i.USBD_RegisterClass  usbd_core.o
    0x08004a28   0x08004a28   0x00000016   Code   RO         4330    i.USBD_SetClassConfig  usbd_core.o
    0x08004a3e   0x08004a3e   0x00000002   PAD
    0x08004a40   0x08004a40   0x00000084   Code   RO         4455    i.USBD_SetConfig    usbd_ctlreq.o
    0x08004ac4   0x08004ac4   0x0000000a   Code   RO         4331    i.USBD_Start        usbd_core.o
    0x08004ace   0x08004ace   0x00000112   Code   RO         4456    i.USBD_StdDevReq    usbd_ctlreq.o
    0x08004be0   0x08004be0   0x00000150   Code   RO         4457    i.USBD_StdEPReq     usbd_ctlreq.o
    0x08004d30   0x08004d30   0x0000004e   Code   RO         4458    i.USBD_StdItfReq    usbd_ctlreq.o
    0x08004d7e   0x08004d7e   0x00000002   Code   RO         4131    i.USBD_static_free  usbd_conf.o
    0x08004d80   0x08004d80   0x00000008   Code   RO         4132    i.USBD_static_malloc  usbd_conf.o
    0x08004d88   0x08004d88   0x0000029c   Code   RO         1154    i.USB_ActivateEndpoint  stm32f1xx_ll_usb.o
    0x08005024   0x08005024   0x00000004   Code   RO         1157    i.USB_CoreInit      stm32f1xx_ll_usb.o
    0x08005028   0x08005028   0x00000048   Code   RO         4004    i.USB_DataHandler   usbd_cdc_if.o
    0x08005070   0x08005070   0x0000010e   Code   RO         1159    i.USB_DeactivateEndpoint  stm32f1xx_ll_usb.o
    0x0800517e   0x0800517e   0x00000004   Code   RO         1160    i.USB_DevConnect    stm32f1xx_ll_usb.o
    0x08005182   0x08005182   0x00000004   Code   RO         1161    i.USB_DevDisconnect  stm32f1xx_ll_usb.o
    0x08005186   0x08005186   0x00000012   Code   RO         1162    i.USB_DevInit       stm32f1xx_ll_usb.o
    0x08005198   0x08005198   0x0000000e   Code   RO         1163    i.USB_DisableGlobalInt  stm32f1xx_ll_usb.o
    0x080051a6   0x080051a6   0x00000004   Code   RO         1164    i.USB_EP0_OutStart  stm32f1xx_ll_usb.o
    0x080051aa   0x080051aa   0x00000078   Code   RO         1165    i.USB_EPClearStall  stm32f1xx_ll_usb.o
    0x08005222   0x08005222   0x00000032   Code   RO         1166    i.USB_EPSetStall    stm32f1xx_ll_usb.o
    0x08005254   0x08005254   0x000004e2   Code   RO         1167    i.USB_EPStartXfer   stm32f1xx_ll_usb.o
    0x08005736   0x08005736   0x00000012   Code   RO         1169    i.USB_EnableGlobalInt  stm32f1xx_ll_usb.o
    0x08005748   0x08005748   0x0000000c   Code   RO          726    i.USB_LP_CAN1_RX0_IRQHandler  stm32f1xx_it.o
    0x08005754   0x08005754   0x00000006   Code   RO         1176    i.USB_ReadInterrupts  stm32f1xx_ll_usb.o
    0x0800575a   0x0800575a   0x00000002   PAD
    0x0800575c   0x0800575c   0x0000002c   Code   RO         1177    i.USB_ReadPMA       stm32f1xx_ll_usb.o
    0x08005788   0x08005788   0x00000004   Code   RO         1178    i.USB_SetCurrentMode  stm32f1xx_ll_usb.o
    0x0800578c   0x0800578c   0x0000000c   Code   RO         1179    i.USB_SetDevAddress  stm32f1xx_ll_usb.o
    0x08005798   0x08005798   0x00000058   Code   RO          453    i.USB_Status_Init   main.o
    0x080057f0   0x080057f0   0x00000026   Code   RO         1181    i.USB_WritePMA      stm32f1xx_ll_usb.o
    0x08005816   0x08005816   0x00000002   Code   RO          727    i.UsageFault_Handler  stm32f1xx_it.o
    0x08005818   0x08005818   0x00000020   Code   RO         1830    i.__NVIC_SetPriority  stm32f1xx_hal_cortex.o
    0x08005838   0x08005838   0x0000000e   Code   RO         4703    i._is_digit         c_w.l(__printf_wp.o)
    0x08005846   0x08005846   0x00000002   PAD
    0x08005848   0x08005848   0x0000005c   Code   RO          248    i.curTeVccState     common.o
    0x080058a4   0x080058a4   0x00000014   Code   RO           13    i.endTestCase       testcase.o
    0x080058b8   0x080058b8   0x000000a0   Code   RO           14    i.endTestCase_1     testcase.o
    0x08005958   0x08005958   0x000000a0   Code   RO           15    i.endTestCase_2     testcase.o
    0x080059f8   0x080059f8   0x0000008c   Code   RO           16    i.endTestCase_3     testcase.o
    0x08005a84   0x08005a84   0x0000006c   Code   RO           17    i.endTestCase_4     testcase.o
    0x08005af0   0x08005af0   0x00000018   Code   RO           18    i.execTestCase      testcase.o
    0x08005b08   0x08005b08   0x0000000c   Code   RO           19    i.execTestCase_1    testcase.o
    0x08005b14   0x08005b14   0x0000000c   Code   RO           20    i.execTestCase_2    testcase.o
    0x08005b20   0x08005b20   0x0000000c   Code   RO           21    i.execTestCase_3    testcase.o
    0x08005b2c   0x08005b2c   0x0000000c   Code   RO           22    i.execTestCase_4    testcase.o
    0x08005b38   0x08005b38   0x0000001e   Code   RO          327    i.get_duty_cycle    proto.o
    0x08005b56   0x08005b56   0x00000002   PAD
    0x08005b58   0x08005b58   0x00000038   Code   RO          249    i.init_vcc_terminal_R  common.o
    0x08005b90   0x08005b90   0x00000108   Code   RO          250    i.isHighZ           common.o
    0x08005c98   0x08005c98   0x000000b0   Code   RO          251    i.isStateA          common.o
    0x08005d48   0x08005d48   0x00000128   Code   RO          454    i.main              main.o
    0x08005e70   0x08005e70   0x00000070   Code   RO          328    i.send_clock_sample_frame  proto.o
    0x08005ee0   0x08005ee0   0x0000006a   Code   RO          329    i.startup_info_report  proto.o
    0x08005f4a   0x08005f4a   0x00000002   PAD
    0x08005f4c   0x08005f4c   0x0000004c   Code   RO          331    i.te_1v8_pwr_down_seq  proto.o
    0x08005f98   0x08005f98   0x000000c0   Code   RO          332    i.te_1v8_pwr_seq    proto.o
    0x08006058   0x08006058   0x00000048   Code   RO          333    i.te_2nd_3v3_pwr_down_seq  proto.o
    0x080060a0   0x080060a0   0x00000094   Code   RO          334    i.te_2nd_3v3_pwr_seq  proto.o
    0x08006134   0x08006134   0x00000048   Code   RO          335    i.te_2nd_5v_pwr_down_seq  proto.o
    0x0800617c   0x0800617c   0x000000a4   Code   RO          336    i.te_2nd_5v_pwr_seq  proto.o
    0x08006220   0x08006220   0x00000048   Code   RO          337    i.te_3v3_pwr_down_seq  proto.o
    0x08006268   0x08006268   0x000000c0   Code   RO          338    i.te_3v3_pwr_seq    proto.o
    0x08006328   0x08006328   0x00000094   Code   RO          339    i.te_init_pwr_seq   proto.o
    0x080063bc   0x080063bc   0x00000062   Code   RO         4727    x$fpl$d2f           fz_ws.l(d2f.o)
    0x0800641e   0x0800641e   0x00000002   PAD
    0x08006420   0x08006420   0x00000150   Code   RO         4729    x$fpl$dadd          fz_ws.l(daddsub_clz.o)
    0x08006570   0x08006570   0x00000018   Code   RO         4838    x$fpl$dcmpinf       fz_ws.l(dcmpi.o)
    0x08006588   0x08006588   0x000002b0   Code   RO         4736    x$fpl$ddiv          fz_ws.l(ddiv.o)
    0x08006838   0x08006838   0x00000026   Code   RO         4739    x$fpl$dfltu         fz_ws.l(dflt_clz.o)
    0x0800685e   0x0800685e   0x00000002   PAD
    0x08006860   0x08006860   0x00000078   Code   RO         4745    x$fpl$dleqf         fz_ws.l(dleqf.o)
    0x080068d8   0x080068d8   0x00000154   Code   RO         4747    x$fpl$dmul          fz_ws.l(dmul.o)
    0x08006a2c   0x08006a2c   0x0000009c   Code   RO         4840    x$fpl$dnaninf       fz_ws.l(dnaninf.o)
    0x08006ac8   0x08006ac8   0x0000000c   Code   RO         4842    x$fpl$dretinf       fz_ws.l(dretinf.o)
    0x08006ad4   0x08006ad4   0x0000006c   Code   RO         4749    x$fpl$drleqf        fz_ws.l(drleqf.o)
    0x08006b40   0x08006b40   0x000001d4   Code   RO         4731    x$fpl$dsub          fz_ws.l(daddsub_clz.o)
    0x08006d14   0x08006d14   0x00000056   Code   RO         4751    x$fpl$f2d           fz_ws.l(f2d.o)
    0x08006d6a   0x08006d6a   0x00000018   Code   RO         4889    x$fpl$fcmpinf       fz_ws.l(fcmpi.o)
    0x08006d82   0x08006d82   0x00000002   PAD
    0x08006d84   0x08006d84   0x0000003e   Code   RO         4753    x$fpl$ffixu         fz_ws.l(ffixu.o)
    0x08006dc2   0x08006dc2   0x00000002   PAD
    0x08006dc4   0x08006dc4   0x00000030   Code   RO         4758    x$fpl$fflt          fz_ws.l(fflt_clz.o)
    0x08006df4   0x08006df4   0x00000026   Code   RO         4757    x$fpl$ffltu         fz_ws.l(fflt_clz.o)
    0x08006e1a   0x08006e1a   0x00000002   PAD
    0x08006e1c   0x08006e1c   0x00000068   Code   RO         4844    x$fpl$fleqf         fz_ws.l(fleqf.o)
    0x08006e84   0x08006e84   0x0000008c   Code   RO         4846    x$fpl$fnaninf       fz_ws.l(fnaninf.o)
    0x08006f10   0x08006f10   0x0000000a   Code   RO         4848    x$fpl$fretinf       fz_ws.l(fretinf.o)
    0x08006f1a   0x08006f1a   0x00000062   Code   RO         4765    x$fpl$frleqf        fz_ws.l(frleqf.o)
    0x08006f7c   0x08006f7c   0x00000000   Code   RO         4858    x$fpl$usenofp       fz_ws.l(usenofp.o)
    0x08006f7c   0x08006f7c   0x00000012   Data   RO         1528    .constdata          stm32f1xx_hal_rcc.o
    0x08006f8e   0x08006f8e   0x00000012   Data   RO         1620    .constdata          stm32f1xx_hal_rcc_ex.o
    0x08006fa0   0x08006fa0   0x00000010   Data   RO         3840    .constdata          system_stm32f1xx.o
    0x08006fb0   0x08006fb0   0x00000008   Data   RO         3841    .constdata          system_stm32f1xx.o
    0x08006fb8   0x08006fb8   0x00000011   Data   RO         4711    .constdata          c_w.l(__printf_flags_ss_wp.o)
    0x08006fc9   0x08006fc9   0x00000003   PAD
    0x08006fcc   0x08006fcc   0x00000020   Data   RO         5076    Region$$Table       anon$$obj.o


    Execution Region RW_IRAM1 (Exec base: 0x20000000, Load base: 0x08006fec, Size: 0x00002980, Max: 0x00020000, ABSOLUTE, COMPRESSED[0x00000108])

    Exec Addr    Load Addr    Size         Type   Attr      Idx    E Section Name        Object

    0x20000000   COMPRESSED   0x00000030   Data   RW           24    .data               testcase.o
    0x20000030   COMPRESSED   0x0000000c   Data   RW          252    .data               common.o
    0x2000003c   COMPRESSED   0x00000001   Data   RW          342    .data               proto.o
    0x2000003d   COMPRESSED   0x00000003   PAD
    0x20000040   COMPRESSED   0x0000001c   Data   RW          343    .data               proto.o
    0x2000005c   COMPRESSED   0x00000001   Data   RW          344    .data               proto.o
    0x2000005d   COMPRESSED   0x00000001   PAD
    0x2000005e   COMPRESSED   0x00000016   Data   RW          458    .data               main.o
    0x20000074   COMPRESSED   0x0000000c   Data   RW         1365    .data               stm32f1xx_hal.o
    0x20000080   COMPRESSED   0x00000004   Data   RW         3842    .data               system_stm32f1xx.o
    0x20000084   COMPRESSED   0x0000001c   Data   RW         3916    .data               usbd_desc.o
    0x200000a0   COMPRESSED   0x00000032   Data   RW         3917    .data               usbd_desc.o
    0x200000d2   COMPRESSED   0x00000002   PAD
    0x200000d4   COMPRESSED   0x00000030   Data   RW         4007    .data               usbd_cdc_if.o
    0x20000104   COMPRESSED   0x00000010   Data   RW         4008    .data               usbd_cdc_if.o
    0x20000114   COMPRESSED   0x00000001   Data   RW         4459    .data               usbd_ctlreq.o
    0x20000115   COMPRESSED   0x00000003   PAD
    0x20000118   COMPRESSED   0x000000d7   Data   RW         4591    .data               usbd_cdc.o
    0x200001ef   COMPRESSED   0x00000001   PAD
    0x200001f0   COMPRESSED   0x00000038   Data   RW         4592    .data               usbd_cdc.o
    0x20000228        -       0x00000040   Zero   RW           23    .bss                testcase.o
    0x20000268        -       0x00000400   Zero   RW          455    .bss                main.o
    0x20000668        -       0x00000410   Zero   RW          456    .bss                main.o
    0x20000a78        -       0x00000074   Zero   RW          568    .bss                adc.o
    0x20000aec        -       0x00000014   Zero   RW          634    .bss                rtc.o
    0x20000b00        -       0x00000048   Zero   RW          676    .bss                tim.o
    0x20000b48        -       0x000002c4   Zero   RW         3877    .bss                usb_device.o
    0x20000e0c        -       0x00000200   Zero   RW         3915    .bss                usbd_desc.o
    0x2000100c        -       0x00000c04   Zero   RW         4006    .bss                usbd_cdc_if.o
    0x20001c10        -       0x00000510   Zero   RW         4133    .bss                usbd_conf.o
    0x20002120        -       0x00000060   Zero   RW         4943    .bss                c_w.l(libspace.o)
    0x20002180        -       0x00000400   Zero   RW            2    HEAP                startup_stm32f103xe.o
    0x20002580        -       0x00000400   Zero   RW            1    STACK               startup_stm32f103xe.o


==============================================================================

Image component sizes


      Code (inc. data)   RO Data    RW Data    ZI Data      Debug   Object Name

       268         28          0          0        116       1815   adc.o
      1268        192          0         12          0       6118   common.o
        44          4          0          0          0        770   dma.o
       372         26          0          0          0       1147   gpio.o
      1424         90          0         22       2064       8965   main.o
      1384        108          0         30          0      13369   proto.o
       180         20          0          0         20       1647   rtc.o
        64         26        304          0       2048        816   startup_stm32f103xe.o
       200         46          0         12          0       8094   stm32f1xx_hal.o
      1138         60          0          0          0       8666   stm32f1xx_hal_adc.o
       216          6          0          0          0       1446   stm32f1xx_hal_adc_ex.o
       234         24          0          0          0      29570   stm32f1xx_hal_cortex.o
       862         44          0          0          0       3695   stm32f1xx_hal_dma.o
       530         42          0          0          0       3541   stm32f1xx_hal_gpio.o
        44          6          0          0          0        846   stm32f1xx_hal_msp.o
      3094          0          0          0          0      14405   stm32f1xx_hal_pcd.o
        60          0          0          0          0       1190   stm32f1xx_hal_pcd_ex.o
        12          4          0          0          0        519   stm32f1xx_hal_pwr.o
      1208         72         18          0          0       4589   stm32f1xx_hal_rcc.o
       420         30         18          0          0       2537   stm32f1xx_hal_rcc_ex.o
       910         12          0          0          0       9464   stm32f1xx_hal_rtc.o
        66          0          0          0          0       2133   stm32f1xx_hal_rtc_ex.o
      2010         68          0          0          0      17181   stm32f1xx_hal_tim.o
       128         20          0          0          0       2433   stm32f1xx_hal_tim_ex.o
       112         38          0          0          0       5797   stm32f1xx_it.o
      2528          0          0          0          0      16231   stm32f1xx_ll_usb.o
         2          0         24          4          0       1139   system_stm32f1xx.o
       660        240          0         48         64     537446   testcase.o
       308         20          0          0         72       1886   tim.o
        84         18          0          0        708        804   usb_device.o
       726         16          0        271          0      13170   usbd_cdc.o
       322         60          0         64       3076       8024   usbd_cdc_if.o
       556         30          0          0       1296      14365   usbd_conf.o
       670          0          0          0          0       9563   usbd_core.o
      1186         28          0          1          0       7976   usbd_ctlreq.o
       288        104          0         78        512       5993   usbd_desc.o
       132          0          0          0          0       4372   usbd_ioreq.o

    ----------------------------------------------------------------------
     23752       1482        396        552       9976     771722   Object Totals
         0          0         32          0          0          0   (incl. Generated)
        42          0          0         10          0          0   (incl. Padding)

    ----------------------------------------------------------------------

      Code (inc. data)   RO Data    RW Data    ZI Data      Debug   Library Member Name

        44          6          0          0          0         84   __2sprintf.o
        90          0          0          0          0          0   __dczerorl2.o
         8          0          0          0          0         68   __main.o
       392          4         17          0          0         92   __printf_flags_ss_wp.o
        14          0          0          0          0         68   __printf_wp.o
         0          0          0          0          0          0   __rtentry.o
        12          0          0          0          0          0   __rtentry2.o
         6          0          0          0          0          0   __rtentry4.o
        52          8          0          0          0          0   __scatter.o
        28          0          0          0          0          0   __scatter_zi.o
        48          6          0          0          0         96   _printf_char_common.o
         6          0          0          0          0          0   _printf_d.o
       120         16          0          0          0         92   _printf_dec.o
       178          0          0          0          0         88   _printf_intcommon.o
         0          0          0          0          0          0   _printf_percent.o
         4          0          0          0          0          0   _printf_percent_end.o
        10          0          0          0          0         68   _sputc.o
        18          0          0          0          0         80   exit.o
         6          0          0          0          0        152   heapauxi.o
         0          0          0          0          0          0   indicate_semi.o
         2          0          0          0          0          0   libinit.o
         2          0          0          0          0          0   libinit2.o
         2          0          0          0          0          0   libshutdown.o
         2          0          0          0          0          0   libshutdown2.o
         8          4          0          0         96         68   libspace.o
        78          0          0          0          0         80   rt_memclr_w.o
       138          0          0          0          0         68   rt_memcpy_v6.o
       100          0          0          0          0         80   rt_memcpy_w.o
         2          0          0          0          0          0   rtexit.o
        10          0          0          0          0          0   rtexit2.o
        12          4          0          0          0         68   sys_exit.o
        74          0          0          0          0         80   sys_stackheap_outer.o
         2          0          0          0          0         68   use_no_semi.o
        98          4          0          0          0         92   d2f.o
       804         16          0          0          0        272   daddsub_clz.o
        24          0          0          0          0         68   dcmpi.o
       688        140          0          0          0        208   ddiv.o
        38          0          0          0          0         68   dflt_clz.o
       120          4          0          0          0         92   dleqf.o
       340         12          0          0          0        104   dmul.o
       156          4          0          0          0         92   dnaninf.o
        12          0          0          0          0         68   dretinf.o
       108          0          0          0          0         80   drleqf.o
        86          4          0          0          0         84   f2d.o
        24          0          0          0          0         68   fcmpi.o
        62          4          0          0          0         84   ffixu.o
        86          0          0          0          0        136   fflt_clz.o
       104          4          0          0          0         84   fleqf.o
       140          4          0          0          0         84   fnaninf.o
        10          0          0          0          0         68   fretinf.o
        98          0          0          0          0         68   frleqf.o
         0          0          0          0          0          0   usenofp.o

    ----------------------------------------------------------------------
      4484        244         20          0         96       3220   Library Totals
        18          0          3          0          0          0   (incl. Padding)

    ----------------------------------------------------------------------

      Code (inc. data)   RO Data    RW Data    ZI Data      Debug   Library Name

      1468         48         17          0         96       1400   c_w.l
      2998        196          0          0          0       1820   fz_ws.l

    ----------------------------------------------------------------------
      4484        244         20          0         96       3220   Library Totals

    ----------------------------------------------------------------------

==============================================================================


      Code (inc. data)   RO Data    RW Data    ZI Data      Debug   

     28236       1726        416        552      10072     760118   Grand Totals
     28236       1726        416        264      10072     760118   ELF Image Totals (compressed)
     28236       1726        416        264          0          0   ROM Totals

==============================================================================

    Total RO  Size (Code + RO Data)                28652 (  27.98kB)
    Total RW  Size (RW Data + ZI Data)             10624 (  10.38kB)
    Total ROM Size (Code + RO Data + RW Data)      28916 (  28.24kB)

==============================================================================

